00400000-00406000 r-xp 00000000 fc:03 1835194                            /usr/bin/dbus-launch
Size:                 24 kB
Rss:                  20 kB
Pss:                  20 kB
Shared_Clean:          0 kB
Shared_Dirty:          0 kB
Private_Clean:        20 kB
Private_Dirty:         0 kB
Referenced:           20 kB
Anonymous:             0 kB
AnonHugePages:         0 kB
Swap:                  0 kB
KernelPageSize:        4 kB
MMUPageSize:           4 kB
Locked:                0 kB
00605000-00606000 r--p 00005000 fc:03 1835194                            /usr/bin/dbus-launch
Size:                  4 kB
Rss:                   4 kB
Pss:                   4 kB
Shared_Clean:          0 kB
Shared_Dirty:          0 kB
Private_Clean:         0 kB
Private_Dirty:         4 kB
Referenced:            4 kB
Anonymous:             4 kB
AnonHugePages:         0 kB
Swap:                  0 kB
KernelPageSize:        4 kB
MMUPageSize:           4 kB
Locked:                0 kB
00606000-00607000 rw-p 00006000 fc:03 1835194                            /usr/bin/dbus-launch
Size:                  4 kB
Rss:                   4 kB
Pss:                   4 kB
Shared_Clean:          0 kB
Shared_Dirty:          0 kB
Private_Clean:         0 kB
Private_Dirty:         4 kB
Referenced:            4 kB
Anonymous:             4 kB
AnonHugePages:         0 kB
Swap:                  0 kB
KernelPageSize:        4 kB
MMUPageSize:           4 kB
Locked:                0 kB
02394000-023b5000 rw-p 00000000 00:00 0                                  [heap]
Size:                132 kB
Rss:                 132 kB
Pss:                 132 kB
Shared_Clean:          0 kB
Shared_Dirty:          0 kB
Private_Clean:         0 kB
Private_Dirty:       132 kB
Referenced:           64 kB
Anonymous:           132 kB
AnonHugePages:         0 kB
Swap:                  0 kB
KernelPageSize:        4 kB
MMUPageSize:           4 kB
Locked:                0 kB
7f9dd5c15000-7f9dd5c21000 r-xp 00000000 fc:03 790067                     /lib/x86_64-linux-gnu/libnss_files-2.15.so
Size:                 48 kB
Rss:                   0 kB
Pss:                   0 kB
Shared_Clean:          0 kB
Shared_Dirty:          0 kB
Private_Clean:         0 kB
Private_Dirty:         0 kB
Referenced:            0 kB
Anonymous:             0 kB
AnonHugePages:         0 kB
Swap:                  0 kB
KernelPageSize:        4 kB
MMUPageSize:           4 kB
Locked:                0 kB
7f9dd5c21000-7f9dd5e20000 ---p 0000c000 fc:03 790067                     /lib/x86_64-linux-gnu/libnss_files-2.15.so
Size:               2044 kB
Rss:                   0 kB
Pss:                   0 kB
Shared_Clean:          0 kB
Shared_Dirty:          0 kB
Private_Clean:         0 kB
Private_Dirty:         0 kB
Referenced:            0 kB
Anonymous:             0 kB
AnonHugePages:         0 kB
Swap:                  0 kB
KernelPageSize:        4 kB
MMUPageSize:           4 kB
Locked:                0 kB
7f9dd5e20000-7f9dd5e21000 r--p 0000b000 fc:03 790067                     /lib/x86_64-linux-gnu/libnss_files-2.15.so
Size:                  4 kB
Rss:                   4 kB
Pss:                   4 kB
Shared_Clean:          0 kB
Shared_Dirty:          0 kB
Private_Clean:         0 kB
Private_Dirty:         4 kB
Referenced:            0 kB
Anonymous:             4 kB
AnonHugePages:         0 kB
Swap:                  0 kB
KernelPageSize:        4 kB
MMUPageSize:           4 kB
Locked:                0 kB
7f9dd5e21000-7f9dd5e22000 rw-p 0000c000 fc:03 790067                     /lib/x86_64-linux-gnu/libnss_files-2.15.so
Size:                  4 kB
Rss:                   4 kB
Pss:                   4 kB
Shared_Clean:          0 kB
Shared_Dirty:          0 kB
Private_Clean:         0 kB
Private_Dirty:         4 kB
Referenced:            0 kB
Anonymous:             4 kB
AnonHugePages:         0 kB
Swap:                  0 kB
KernelPageSize:        4 kB
MMUPageSize:           4 kB
Locked:                0 kB
7f9dd5e22000-7f9dd5e2c000 r-xp 00000000 fc:03 790071                     /lib/x86_64-linux-gnu/libnss_nis-2.15.so
Size:                 40 kB
Rss:                   0 kB
Pss:                   0 kB
Shared_Clean:          0 kB
Shared_Dirty:          0 kB
Private_Clean:         0 kB
Private_Dirty:         0 kB
Referenced:            0 kB
Anonymous:             0 kB
AnonHugePages:         0 kB
Swap:                  0 kB
KernelPageSize:        4 kB
MMUPageSize:           4 kB
Locked:                0 kB
7f9dd5e2c000-7f9dd602c000 ---p 0000a000 fc:03 790071                     /lib/x86_64-linux-gnu/libnss_nis-2.15.so
Size:               2048 kB
Rss:                   0 kB
Pss:                   0 kB
Shared_Clean:          0 kB
Shared_Dirty:          0 kB
Private_Clean:         0 kB
Private_Dirty:         0 kB
Referenced:            0 kB
Anonymous:             0 kB
AnonHugePages:         0 kB
Swap:                  0 kB
KernelPageSize:        4 kB
MMUPageSize:           4 kB
Locked:                0 kB
7f9dd602c000-7f9dd602d000 r--p 0000a000 fc:03 790071                     /lib/x86_64-linux-gnu/libnss_nis-2.15.so
Size:                  4 kB
Rss:                   4 kB
Pss:                   4 kB
Shared_Clean:          0 kB
Shared_Dirty:          0 kB
Private_Clean:         0 kB
Private_Dirty:         4 kB
Referenced:            0 kB
Anonymous:             4 kB
AnonHugePages:         0 kB
Swap:                  0 kB
KernelPageSize:        4 kB
MMUPageSize:           4 kB
Locked:                0 kB
7f9dd602d000-7f9dd602e000 rw-p 0000b000 fc:03 790071                     /lib/x86_64-linux-gnu/libnss_nis-2.15.so
Size:                  4 kB
Rss:                   4 kB
Pss:                   4 kB
Shared_Clean:          0 kB
Shared_Dirty:          0 kB
Private_Clean:         0 kB
Private_Dirty:         4 kB
Referenced:            0 kB
Anonymous:             4 kB
AnonHugePages:         0 kB
Swap:                  0 kB
KernelPageSize:        4 kB
MMUPageSize:           4 kB
Locked:                0 kB
7f9dd602e000-7f9dd6045000 r-xp 00000000 fc:03 790061                     /lib/x86_64-linux-gnu/libnsl-2.15.so
Size:                 92 kB
Rss:                   0 kB
Pss:                   0 kB
Shared_Clean:          0 kB
Shared_Dirty:          0 kB
Private_Clean:         0 kB
Private_Dirty:         0 kB
Referenced:            0 kB
Anonymous:             0 kB
AnonHugePages:         0 kB
Swap:                  0 kB
KernelPageSize:        4 kB
MMUPageSize:           4 kB
Locked:                0 kB
7f9dd6045000-7f9dd6244000 ---p 00017000 fc:03 790061                     /lib/x86_64-linux-gnu/libnsl-2.15.so
Size:               2044 kB
Rss:                   0 kB
Pss:                   0 kB
Shared_Clean:          0 kB
Shared_Dirty:          0 kB
Private_Clean:         0 kB
Private_Dirty:         0 kB
Referenced:            0 kB
Anonymous:             0 kB
AnonHugePages:         0 kB
Swap:                  0 kB
KernelPageSize:        4 kB
MMUPageSize:           4 kB
Locked:                0 kB
7f9dd6244000-7f9dd6245000 r--p 00016000 fc:03 790061                     /lib/x86_64-linux-gnu/libnsl-2.15.so
Size:                  4 kB
Rss:                   4 kB
Pss:                   4 kB
Shared_Clean:          0 kB
Shared_Dirty:          0 kB
Private_Clean:         0 kB
Private_Dirty:         4 kB
Referenced:            0 kB
Anonymous:             4 kB
AnonHugePages:         0 kB
Swap:                  0 kB
KernelPageSize:        4 kB
MMUPageSize:           4 kB
Locked:                0 kB
7f9dd6245000-7f9dd6246000 rw-p 00017000 fc:03 790061                     /lib/x86_64-linux-gnu/libnsl-2.15.so
Size:                  4 kB
Rss:                   4 kB
Pss:                   4 kB
Shared_Clean:          0 kB
Shared_Dirty:          0 kB
Private_Clean:         0 kB
Private_Dirty:         4 kB
Referenced:            0 kB
Anonymous:             4 kB
AnonHugePages:         0 kB
Swap:                  0 kB
KernelPageSize:        4 kB
MMUPageSize:           4 kB
Locked:                0 kB
7f9dd6246000-7f9dd6248000 rw-p 00000000 00:00 0 
Size:                  8 kB
Rss:                   0 kB
Pss:                   0 kB
Shared_Clean:          0 kB
Shared_Dirty:          0 kB
Private_Clean:         0 kB
Private_Dirty:         0 kB
Referenced:            0 kB
Anonymous:             0 kB
AnonHugePages:         0 kB
Swap:                  0 kB
KernelPageSize:        4 kB
MMUPageSize:           4 kB
Locked:                0 kB
7f9dd6248000-7f9dd6250000 r-xp 00000000 fc:03 790063                     /lib/x86_64-linux-gnu/libnss_compat-2.15.so
Size:                 32 kB
Rss:                   0 kB
Pss:                   0 kB
Shared_Clean:          0 kB
Shared_Dirty:          0 kB
Private_Clean:         0 kB
Private_Dirty:         0 kB
Referenced:            0 kB
Anonymous:             0 kB
AnonHugePages:         0 kB
Swap:                  0 kB
KernelPageSize:        4 kB
MMUPageSize:           4 kB
Locked:                0 kB
7f9dd6250000-7f9dd644f000 ---p 00008000 fc:03 790063                     /lib/x86_64-linux-gnu/libnss_compat-2.15.so
Size:               2044 kB
Rss:                   0 kB
Pss:                   0 kB
Shared_Clean:          0 kB
Shared_Dirty:          0 kB
Private_Clean:         0 kB
Private_Dirty:         0 kB
Referenced:            0 kB
Anonymous:             0 kB
AnonHugePages:         0 kB
Swap:                  0 kB
KernelPageSize:        4 kB
MMUPageSize:           4 kB
Locked:                0 kB
7f9dd644f000-7f9dd6450000 r--p 00007000 fc:03 790063                     /lib/x86_64-linux-gnu/libnss_compat-2.15.so
Size:                  4 kB
Rss:                   4 kB
Pss:                   4 kB
Shared_Clean:          0 kB
Shared_Dirty:          0 kB
Private_Clean:         0 kB
Private_Dirty:         4 kB
Referenced:            0 kB
Anonymous:             4 kB
AnonHugePages:         0 kB
Swap:                  0 kB
KernelPageSize:        4 kB
MMUPageSize:           4 kB
Locked:                0 kB
7f9dd6450000-7f9dd6451000 rw-p 00008000 fc:03 790063                     /lib/x86_64-linux-gnu/libnss_compat-2.15.so
Size:                  4 kB
Rss:                   4 kB
Pss:                   4 kB
Shared_Clean:          0 kB
Shared_Dirty:          0 kB
Private_Clean:         0 kB
Private_Dirty:         4 kB
Referenced:            0 kB
Anonymous:             4 kB
AnonHugePages:         0 kB
Swap:                  0 kB
KernelPageSize:        4 kB
MMUPageSize:           4 kB
Locked:                0 kB
7f9dd6451000-7f9dd6454000 rw-p 00000000 00:00 0 
Size:                 12 kB
Rss:                  12 kB
Pss:                  12 kB
Shared_Clean:          0 kB
Shared_Dirty:          0 kB
Private_Clean:         0 kB
Private_Dirty:        12 kB
Referenced:            4 kB
Anonymous:            12 kB
AnonHugePages:         0 kB
Swap:                  0 kB
KernelPageSize:        4 kB
MMUPageSize:           4 kB
Locked:                0 kB
7f9dd6454000-7f9dd6459000 r-xp 00000000 fc:03 1842452                    /usr/lib/x86_64-linux-gnu/libXdmcp.so.6.0.0
Size:                 20 kB
Rss:                   0 kB
Pss:                   0 kB
Shared_Clean:          0 kB
Shared_Dirty:          0 kB
Private_Clean:         0 kB
Private_Dirty:         0 kB
Referenced:            0 kB
Anonymous:             0 kB
AnonHugePages:         0 kB
Swap:                  0 kB
KernelPageSize:        4 kB
MMUPageSize:           4 kB
Locked:                0 kB
7f9dd6459000-7f9dd6658000 ---p 00005000 fc:03 1842452                    /usr/lib/x86_64-linux-gnu/libXdmcp.so.6.0.0
Size:               2044 kB
Rss:                   0 kB
Pss:                   0 kB
Shared_Clean:          0 kB
Shared_Dirty:          0 kB
Private_Clean:         0 kB
Private_Dirty:         0 kB
Referenced:            0 kB
Anonymous:             0 kB
AnonHugePages:         0 kB
Swap:                  0 kB
KernelPageSize:        4 kB
MMUPageSize:           4 kB
Locked:                0 kB
7f9dd6658000-7f9dd6659000 r--p 00004000 fc:03 1842452                    /usr/lib/x86_64-linux-gnu/libXdmcp.so.6.0.0
Size:                  4 kB
Rss:                   4 kB
Pss:                   4 kB
Shared_Clean:          0 kB
Shared_Dirty:          0 kB
Private_Clean:         0 kB
Private_Dirty:         4 kB
Referenced:            0 kB
Anonymous:             4 kB
AnonHugePages:         0 kB
Swap:                  0 kB
KernelPageSize:        4 kB
MMUPageSize:           4 kB
Locked:                0 kB
7f9dd6659000-7f9dd665a000 rw-p 00005000 fc:03 1842452                    /usr/lib/x86_64-linux-gnu/libXdmcp.so.6.0.0
Size:                  4 kB
Rss:                   4 kB
Pss:                   4 kB
Shared_Clean:          0 kB
Shared_Dirty:          0 kB
Private_Clean:         0 kB
Private_Dirty:         4 kB
Referenced:            0 kB
Anonymous:             4 kB
AnonHugePages:         0 kB
Swap:                  0 kB
KernelPageSize:        4 kB
MMUPageSize:           4 kB
Locked:                0 kB
7f9dd665a000-7f9dd665c000 r-xp 00000000 fc:03 1842441                    /usr/lib/x86_64-linux-gnu/libXau.so.6.0.0
Size:                  8 kB
Rss:                   8 kB
Pss:                   0 kB
Shared_Clean:          8 kB
Shared_Dirty:          0 kB
Private_Clean:         0 kB
Private_Dirty:         0 kB
Referenced:            8 kB
Anonymous:             0 kB
AnonHugePages:         0 kB
Swap:                  0 kB
KernelPageSize:        4 kB
MMUPageSize:           4 kB
Locked:                0 kB
7f9dd665c000-7f9dd685c000 ---p 00002000 fc:03 1842441                    /usr/lib/x86_64-linux-gnu/libXau.so.6.0.0
Size:               2048 kB
Rss:                   0 kB
Pss:                   0 kB
Shared_Clean:          0 kB
Shared_Dirty:          0 kB
Private_Clean:         0 kB
Private_Dirty:         0 kB
Referenced:            0 kB
Anonymous:             0 kB
AnonHugePages:         0 kB
Swap:                  0 kB
KernelPageSize:        4 kB
MMUPageSize:           4 kB
Locked:                0 kB
7f9dd685c000-7f9dd685d000 r--p 00002000 fc:03 1842441                    /usr/lib/x86_64-linux-gnu/libXau.so.6.0.0
Size:                  4 kB
Rss:                   4 kB
Pss:                   4 kB
Shared_Clean:          0 kB
Shared_Dirty:          0 kB
Private_Clean:         0 kB
Private_Dirty:         4 kB
Referenced:            0 kB
Anonymous:             4 kB
AnonHugePages:         0 kB
Swap:                  0 kB
KernelPageSize:        4 kB
MMUPageSize:           4 kB
Locked:                0 kB
7f9dd685d000-7f9dd685e000 rw-p 00003000 fc:03 1842441                    /usr/lib/x86_64-linux-gnu/libXau.so.6.0.0
Size:                  4 kB
Rss:                   4 kB
Pss:                   4 kB
Shared_Clean:          0 kB
Shared_Dirty:          0 kB
Private_Clean:         0 kB
Private_Dirty:         4 kB
Referenced:            4 kB
Anonymous:             4 kB
AnonHugePages:         0 kB
Swap:                  0 kB
KernelPageSize:        4 kB
MMUPageSize:           4 kB
Locked:                0 kB
7f9dd685e000-7f9dd6860000 r-xp 00000000 fc:03 790017                     /lib/x86_64-linux-gnu/libdl-2.15.so
Size:                  8 kB
Rss:                   0 kB
Pss:                   0 kB
Shared_Clean:          0 kB
Shared_Dirty:          0 kB
Private_Clean:         0 kB
Private_Dirty:         0 kB
Referenced:            0 kB
Anonymous:             0 kB
AnonHugePages:         0 kB
Swap:                  0 kB
KernelPageSize:        4 kB
MMUPageSize:           4 kB
Locked:                0 kB
7f9dd6860000-7f9dd6a60000 ---p 00002000 fc:03 790017                     /lib/x86_64-linux-gnu/libdl-2.15.so
Size:               2048 kB
Rss:                   0 kB
Pss:                   0 kB
Shared_Clean:          0 kB
Shared_Dirty:          0 kB
Private_Clean:         0 kB
Private_Dirty:         0 kB
Referenced:            0 kB
Anonymous:             0 kB
AnonHugePages:         0 kB
Swap:                  0 kB
KernelPageSize:        4 kB
MMUPageSize:           4 kB
Locked:                0 kB
7f9dd6a60000-7f9dd6a61000 r--p 00002000 fc:03 790017                     /lib/x86_64-linux-gnu/libdl-2.15.so
Size:                  4 kB
Rss:                   4 kB
Pss:                   4 kB
Shared_Clean:          0 kB
Shared_Dirty:          0 kB
Private_Clean:         0 kB
Private_Dirty:         4 kB
Referenced:            0 kB
Anonymous:             4 kB
AnonHugePages:         0 kB
Swap:                  0 kB
KernelPageSize:        4 kB
MMUPageSize:           4 kB
Locked:                0 kB
7f9dd6a61000-7f9dd6a62000 rw-p 00003000 fc:03 790017                     /lib/x86_64-linux-gnu/libdl-2.15.so
Size:                  4 kB
Rss:                   4 kB
Pss:                   4 kB
Shared_Clean:          0 kB
Shared_Dirty:          0 kB
Private_Clean:         0 kB
Private_Dirty:         4 kB
Referenced:            0 kB
Anonymous:             4 kB
AnonHugePages:         0 kB
Swap:                  0 kB
KernelPageSize:        4 kB
MMUPageSize:           4 kB
Locked:                0 kB
7f9dd6a62000-7f9dd6a7f000 r-xp 00000000 fc:03 1843194                    /usr/lib/x86_64-linux-gnu/libxcb.so.1.1.0
Size:                116 kB
Rss:                  44 kB
Pss:                   1 kB
Shared_Clean:         44 kB
Shared_Dirty:          0 kB
Private_Clean:         0 kB
Private_Dirty:         0 kB
Referenced:           44 kB
Anonymous:             0 kB
AnonHugePages:         0 kB
Swap:                  0 kB
KernelPageSize:        4 kB
MMUPageSize:           4 kB
Locked:                0 kB
7f9dd6a7f000-7f9dd6c7e000 ---p 0001d000 fc:03 1843194                    /usr/lib/x86_64-linux-gnu/libxcb.so.1.1.0
Size:               2044 kB
Rss:                   0 kB
Pss:                   0 kB
Shared_Clean:          0 kB
Shared_Dirty:          0 kB
Private_Clean:         0 kB
Private_Dirty:         0 kB
Referenced:            0 kB
Anonymous:             0 kB
AnonHugePages:         0 kB
Swap:                  0 kB
KernelPageSize:        4 kB
MMUPageSize:           4 kB
Locked:                0 kB
7f9dd6c7e000-7f9dd6c7f000 r--p 0001c000 fc:03 1843194                    /usr/lib/x86_64-linux-gnu/libxcb.so.1.1.0
Size:                  4 kB
Rss:                   4 kB
Pss:                   4 kB
Shared_Clean:          0 kB
Shared_Dirty:          0 kB
Private_Clean:         0 kB
Private_Dirty:         4 kB
Referenced:            4 kB
Anonymous:             4 kB
AnonHugePages:         0 kB
Swap:                  0 kB
KernelPageSize:        4 kB
MMUPageSize:           4 kB
Locked:                0 kB
7f9dd6c7f000-7f9dd6c80000 rw-p 0001d000 fc:03 1843194                    /usr/lib/x86_64-linux-gnu/libxcb.so.1.1.0
Size:                  4 kB
Rss:                   4 kB
Pss:                   4 kB
Shared_Clean:          0 kB
Shared_Dirty:          0 kB
Private_Clean:         0 kB
Private_Dirty:         4 kB
Referenced:            4 kB
Anonymous:             4 kB
AnonHugePages:         0 kB
Swap:                  0 kB
KernelPageSize:        4 kB
MMUPageSize:           4 kB
Locked:                0 kB
7f9dd6c80000-7f9dd6e35000 r-xp 00000000 fc:03 790002                     /lib/x86_64-linux-gnu/libc-2.15.so
Size:               1748 kB
Rss:                 324 kB
Pss:                   2 kB
Shared_Clean:        324 kB
Shared_Dirty:          0 kB
Private_Clean:         0 kB
Private_Dirty:         0 kB
Referenced:          324 kB
Anonymous:             0 kB
AnonHugePages:         0 kB
Swap:                  0 kB
KernelPageSize:        4 kB
MMUPageSize:           4 kB
Locked:                0 kB
7f9dd6e35000-7f9dd7034000 ---p 001b5000 fc:03 790002                     /lib/x86_64-linux-gnu/libc-2.15.so
Size:               2044 kB
Rss:                   0 kB
Pss:                   0 kB
Shared_Clean:          0 kB
Shared_Dirty:          0 kB
Private_Clean:         0 kB
Private_Dirty:         0 kB
Referenced:            0 kB
Anonymous:             0 kB
AnonHugePages:         0 kB
Swap:                  0 kB
KernelPageSize:        4 kB
MMUPageSize:           4 kB
Locked:                0 kB
7f9dd7034000-7f9dd7038000 r--p 001b4000 fc:03 790002                     /lib/x86_64-linux-gnu/libc-2.15.so
Size:                 16 kB
Rss:                  16 kB
Pss:                  16 kB
Shared_Clean:          0 kB
Shared_Dirty:          0 kB
Private_Clean:         0 kB
Private_Dirty:        16 kB
Referenced:            8 kB
Anonymous:            16 kB
AnonHugePages:         0 kB
Swap:                  0 kB
KernelPageSize:        4 kB
MMUPageSize:           4 kB
Locked:                0 kB
7f9dd7038000-7f9dd703a000 rw-p 001b8000 fc:03 790002                     /lib/x86_64-linux-gnu/libc-2.15.so
Size:                  8 kB
Rss:                   8 kB
Pss:                   8 kB
Shared_Clean:          0 kB
Shared_Dirty:          0 kB
Private_Clean:         0 kB
Private_Dirty:         8 kB
Referenced:            8 kB
Anonymous:             8 kB
AnonHugePages:         0 kB
Swap:                  0 kB
KernelPageSize:        4 kB
MMUPageSize:           4 kB
Locked:                0 kB
7f9dd703a000-7f9dd703f000 rw-p 00000000 00:00 0 
Size:                 20 kB
Rss:                  20 kB
Pss:                  20 kB
Shared_Clean:          0 kB
Shared_Dirty:          0 kB
Private_Clean:         0 kB
Private_Dirty:        20 kB
Referenced:           16 kB
Anonymous:            20 kB
AnonHugePages:         0 kB
Swap:                  0 kB
KernelPageSize:        4 kB
MMUPageSize:           4 kB
Locked:                0 kB
7f9dd703f000-7f9dd7173000 r-xp 00000000 fc:03 1842437                    /usr/lib/x86_64-linux-gnu/libX11.so.6.3.0
Size:               1232 kB
Rss:                 128 kB
Pss:                   4 kB
Shared_Clean:        128 kB
Shared_Dirty:          0 kB
Private_Clean:         0 kB
Private_Dirty:         0 kB
Referenced:          128 kB
Anonymous:             0 kB
AnonHugePages:         0 kB
Swap:                  0 kB
KernelPageSize:        4 kB
MMUPageSize:           4 kB
Locked:                0 kB
7f9dd7173000-7f9dd7373000 ---p 00134000 fc:03 1842437                    /usr/lib/x86_64-linux-gnu/libX11.so.6.3.0
Size:               2048 kB
Rss:                   0 kB
Pss:                   0 kB
Shared_Clean:          0 kB
Shared_Dirty:          0 kB
Private_Clean:         0 kB
Private_Dirty:         0 kB
Referenced:            0 kB
Anonymous:             0 kB
AnonHugePages:         0 kB
Swap:                  0 kB
KernelPageSize:        4 kB
MMUPageSize:           4 kB
Locked:                0 kB
7f9dd7373000-7f9dd7374000 r--p 00134000 fc:03 1842437                    /usr/lib/x86_64-linux-gnu/libX11.so.6.3.0
Size:                  4 kB
Rss:                   4 kB
Pss:                   4 kB
Shared_Clean:          0 kB
Shared_Dirty:          0 kB
Private_Clean:         0 kB
Private_Dirty:         4 kB
Referenced:            4 kB
Anonymous:             4 kB
AnonHugePages:         0 kB
Swap:                  0 kB
KernelPageSize:        4 kB
MMUPageSize:           4 kB
Locked:                0 kB
7f9dd7374000-7f9dd7379000 rw-p 00135000 fc:03 1842437                    /usr/lib/x86_64-linux-gnu/libX11.so.6.3.0
Size:                 20 kB
Rss:                  20 kB
Pss:                  20 kB
Shared_Clean:          0 kB
Shared_Dirty:          0 kB
Private_Clean:         0 kB
Private_Dirty:        20 kB
Referenced:           12 kB
Anonymous:            20 kB
AnonHugePages:         0 kB
Swap:                  0 kB
KernelPageSize:        4 kB
MMUPageSize:           4 kB
Locked:                0 kB
7f9dd7379000-7f9dd739b000 r-xp 00000000 fc:03 789980                     /lib/x86_64-linux-gnu/ld-2.15.so
Size:                136 kB
Rss:                  28 kB
Pss:                   0 kB
Shared_Clean:         28 kB
Shared_Dirty:          0 kB
Private_Clean:         0 kB
Private_Dirty:         0 kB
Referenced:           28 kB
Anonymous:             0 kB
AnonHugePages:         0 kB
Swap:                  0 kB
KernelPageSize:        4 kB
MMUPageSize:           4 kB
Locked:                0 kB
7f9dd7579000-7f9dd757b000 rw-p 00000000 00:00 0 
Size:                  8 kB
Rss:                   8 kB
Pss:                   8 kB
Shared_Clean:          0 kB
Shared_Dirty:          0 kB
Private_Clean:         0 kB
Private_Dirty:         8 kB
Referenced:            8 kB
Anonymous:             8 kB
AnonHugePages:         0 kB
Swap:                  0 kB
KernelPageSize:        4 kB
MMUPageSize:           4 kB
Locked:                0 kB
7f9dd7599000-7f9dd759b000 rw-p 00000000 00:00 0 
Size:                  8 kB
Rss:                   8 kB
Pss:                   8 kB
Shared_Clean:          0 kB
Shared_Dirty:          0 kB
Private_Clean:         0 kB
Private_Dirty:         8 kB
Referenced:            4 kB
Anonymous:             8 kB
AnonHugePages:         0 kB
Swap:                  0 kB
KernelPageSize:        4 kB
MMUPageSize:           4 kB
Locked:                0 kB
7f9dd759b000-7f9dd759c000 r--p 00022000 fc:03 789980                     /lib/x86_64-linux-gnu/ld-2.15.so
Size:                  4 kB
Rss:                   4 kB
Pss:                   4 kB
Shared_Clean:          0 kB
Shared_Dirty:          0 kB
Private_Clean:         0 kB
Private_Dirty:         4 kB
Referenced:            4 kB
Anonymous:             4 kB
AnonHugePages:         0 kB
Swap:                  0 kB
KernelPageSize:        4 kB
MMUPageSize:           4 kB
Locked:                0 kB
7f9dd759c000-7f9dd759e000 rw-p 00023000 fc:03 789980                     /lib/x86_64-linux-gnu/ld-2.15.so
Size:                  8 kB
Rss:                   8 kB
Pss:                   8 kB
Shared_Clean:          0 kB
Shared_Dirty:          0 kB
Private_Clean:         0 kB
Private_Dirty:         8 kB
Referenced:            8 kB
Anonymous:             8 kB
AnonHugePages:         0 kB
Swap:                  0 kB
KernelPageSize:        4 kB
MMUPageSize:           4 kB
Locked:                0 kB
7fffea625000-7fffea646000 rw-p 00000000 00:00 0                          [stack]
Size:                136 kB
Rss:                  12 kB
Pss:                  12 kB
Shared_Clean:          0 kB
Shared_Dirty:          0 kB
Private_Clean:         0 kB
Private_Dirty:        12 kB
Referenced:           12 kB
Anonymous:            12 kB
AnonHugePages:         0 kB
Swap:                  0 kB
KernelPageSize:        4 kB
MMUPageSize:           4 kB
Locked:                0 kB
7fffea7c4000-7fffea7c5000 r-xp 00000000 00:00 0                          [vdso]
Size:                  4 kB
Rss:                   0 kB
Pss:                   0 kB
Shared_Clean:          0 kB
Shared_Dirty:          0 kB
Private_Clean:         0 kB
Private_Dirty:         0 kB
Referenced:            0 kB
Anonymous:             0 kB
AnonHugePages:         0 kB
Swap:                  0 kB
KernelPageSize:        4 kB
MMUPageSize:           4 kB
Locked:                0 kB
ffffffffff600000-ffffffffff601000 r-xp 00000000 00:00 0                  [vsyscall]
Size:                  4 kB
Rss:                   0 kB
Pss:                   0 kB
Shared_Clean:          0 kB
Shared_Dirty:          0 kB
Private_Clean:         0 kB
Private_Dirty:         0 kB
Referenced:            0 kB
Anonymous:             0 kB
AnonHugePages:         0 kB
Swap:                  0 kB
KernelPageSize:        4 kB
MMUPageSize:           4 kB
Locked:                0 kB
