00400000-0040e000 r-xp 00000000 fc:09 1842154                            /usr/lib/rtkit/rtkit-daemon
Size:                 56 kB
Rss:                   8 kB
Pss:                   8 kB
Shared_Clean:          0 kB
Shared_Dirty:          0 kB
Private_Clean:         8 kB
Private_Dirty:         0 kB
Referenced:            8 kB
Anonymous:             0 kB
AnonHugePages:         0 kB
Swap:                  0 kB
KernelPageSize:        4 kB
MMUPageSize:           4 kB
Locked:                0 kB
0060d000-0060e000 r--p 0000d000 fc:09 1842154                            /usr/lib/rtkit/rtkit-daemon
Size:                  4 kB
Rss:                   0 kB
Pss:                   0 kB
Shared_Clean:          0 kB
Shared_Dirty:          0 kB
Private_Clean:         0 kB
Private_Dirty:         0 kB
Referenced:            0 kB
Anonymous:             0 kB
AnonHugePages:         0 kB
Swap:                  4 kB
KernelPageSize:        4 kB
MMUPageSize:           4 kB
Locked:                0 kB
0060e000-0060f000 rw-p 0000e000 fc:09 1842154                            /usr/lib/rtkit/rtkit-daemon
Size:                  4 kB
Rss:                   4 kB
Pss:                   4 kB
Shared_Clean:          0 kB
Shared_Dirty:          0 kB
Private_Clean:         0 kB
Private_Dirty:         4 kB
Referenced:            4 kB
Anonymous:             4 kB
AnonHugePages:         0 kB
Swap:                  0 kB
KernelPageSize:        4 kB
MMUPageSize:           4 kB
Locked:                0 kB
024ad000-024ce000 rw-p 00000000 00:00 0                                  [heap]
Size:                132 kB
Rss:                  40 kB
Pss:                  40 kB
Shared_Clean:          0 kB
Shared_Dirty:          0 kB
Private_Clean:         0 kB
Private_Dirty:        40 kB
Referenced:           40 kB
Anonymous:            40 kB
AnonHugePages:         0 kB
Swap:                  4 kB
KernelPageSize:        4 kB
MMUPageSize:           4 kB
Locked:                0 kB
7fd270000000-7fd270021000 rw-p 00000000 00:00 0 
Size:                132 kB
Rss:                   0 kB
Pss:                   0 kB
Shared_Clean:          0 kB
Shared_Dirty:          0 kB
Private_Clean:         0 kB
Private_Dirty:         0 kB
Referenced:            0 kB
Anonymous:             0 kB
AnonHugePages:         0 kB
Swap:                 12 kB
KernelPageSize:        4 kB
MMUPageSize:           4 kB
Locked:                0 kB
7fd270021000-7fd274000000 ---p 00000000 00:00 0 
Size:              65404 kB
Rss:                   0 kB
Pss:                   0 kB
Shared_Clean:          0 kB
Shared_Dirty:          0 kB
Private_Clean:         0 kB
Private_Dirty:         0 kB
Referenced:            0 kB
Anonymous:             0 kB
AnonHugePages:         0 kB
Swap:                  0 kB
KernelPageSize:        4 kB
MMUPageSize:           4 kB
Locked:                0 kB
7fd278000000-7fd278021000 rw-p 00000000 00:00 0 
Size:                132 kB
Rss:                   0 kB
Pss:                   0 kB
Shared_Clean:          0 kB
Shared_Dirty:          0 kB
Private_Clean:         0 kB
Private_Dirty:         0 kB
Referenced:            0 kB
Anonymous:             0 kB
AnonHugePages:         0 kB
Swap:                 12 kB
KernelPageSize:        4 kB
MMUPageSize:           4 kB
Locked:                0 kB
7fd278021000-7fd27c000000 ---p 00000000 00:00 0 
Size:              65404 kB
Rss:                   0 kB
Pss:                   0 kB
Shared_Clean:          0 kB
Shared_Dirty:          0 kB
Private_Clean:         0 kB
Private_Dirty:         0 kB
Referenced:            0 kB
Anonymous:             0 kB
AnonHugePages:         0 kB
Swap:                  0 kB
KernelPageSize:        4 kB
MMUPageSize:           4 kB
Locked:                0 kB
7fd27cc3a000-7fd27cc3b000 ---p 00000000 00:00 0 
Size:                  4 kB
Rss:                   0 kB
Pss:                   0 kB
Shared_Clean:          0 kB
Shared_Dirty:          0 kB
Private_Clean:         0 kB
Private_Dirty:         0 kB
Referenced:            0 kB
Anonymous:             0 kB
AnonHugePages:         0 kB
Swap:                  0 kB
KernelPageSize:        4 kB
MMUPageSize:           4 kB
Locked:                0 kB
7fd27cc3b000-7fd27d43b000 rw-p 00000000 00:00 0                          [stack:3274]
Size:               8192 kB
Rss:                   8 kB
Pss:                   8 kB
Shared_Clean:          0 kB
Shared_Dirty:          0 kB
Private_Clean:         0 kB
Private_Dirty:         8 kB
Referenced:            8 kB
Anonymous:             8 kB
AnonHugePages:         0 kB
Swap:                  0 kB
KernelPageSize:        4 kB
MMUPageSize:           4 kB
Locked:                0 kB
7fd27d43b000-7fd27d43c000 ---p 00000000 00:00 0 
Size:                  4 kB
Rss:                   0 kB
Pss:                   0 kB
Shared_Clean:          0 kB
Shared_Dirty:          0 kB
Private_Clean:         0 kB
Private_Dirty:         0 kB
Referenced:            0 kB
Anonymous:             0 kB
AnonHugePages:         0 kB
Swap:                  0 kB
KernelPageSize:        4 kB
MMUPageSize:           4 kB
Locked:                0 kB
7fd27d43c000-7fd27dc3c000 rw-p 00000000 00:00 0                          [stack:3273]
Size:               8192 kB
Rss:                   8 kB
Pss:                   8 kB
Shared_Clean:          0 kB
Shared_Dirty:          0 kB
Private_Clean:         0 kB
Private_Dirty:         8 kB
Referenced:            8 kB
Anonymous:             8 kB
AnonHugePages:         0 kB
Swap:                  4 kB
KernelPageSize:        4 kB
MMUPageSize:           4 kB
Locked:                0 kB
7fd27dc3c000-7fd27dc48000 r-xp 00000000 fc:09 790067                     /lib/x86_64-linux-gnu/libnss_files-2.15.so
Size:                 48 kB
Rss:                  16 kB
Pss:                   0 kB
Shared_Clean:         16 kB
Shared_Dirty:          0 kB
Private_Clean:         0 kB
Private_Dirty:         0 kB
Referenced:           16 kB
Anonymous:             0 kB
AnonHugePages:         0 kB
Swap:                  0 kB
KernelPageSize:        4 kB
MMUPageSize:           4 kB
Locked:                0 kB
7fd27dc48000-7fd27de47000 ---p 0000c000 fc:09 790067                     /lib/x86_64-linux-gnu/libnss_files-2.15.so
Size:               2044 kB
Rss:                   0 kB
Pss:                   0 kB
Shared_Clean:          0 kB
Shared_Dirty:          0 kB
Private_Clean:         0 kB
Private_Dirty:         0 kB
Referenced:            0 kB
Anonymous:             0 kB
AnonHugePages:         0 kB
Swap:                  0 kB
KernelPageSize:        4 kB
MMUPageSize:           4 kB
Locked:                0 kB
7fd27de47000-7fd27de48000 r--p 0000b000 fc:09 790067                     /lib/x86_64-linux-gnu/libnss_files-2.15.so
Size:                  4 kB
Rss:                   0 kB
Pss:                   0 kB
Shared_Clean:          0 kB
Shared_Dirty:          0 kB
Private_Clean:         0 kB
Private_Dirty:         0 kB
Referenced:            0 kB
Anonymous:             0 kB
AnonHugePages:         0 kB
Swap:                  4 kB
KernelPageSize:        4 kB
MMUPageSize:           4 kB
Locked:                0 kB
7fd27de48000-7fd27de49000 rw-p 0000c000 fc:09 790067                     /lib/x86_64-linux-gnu/libnss_files-2.15.so
Size:                  4 kB
Rss:                   0 kB
Pss:                   0 kB
Shared_Clean:          0 kB
Shared_Dirty:          0 kB
Private_Clean:         0 kB
Private_Dirty:         0 kB
Referenced:            0 kB
Anonymous:             0 kB
AnonHugePages:         0 kB
Swap:                  4 kB
KernelPageSize:        4 kB
MMUPageSize:           4 kB
Locked:                0 kB
7fd27de49000-7fd27de53000 r-xp 00000000 fc:09 790071                     /lib/x86_64-linux-gnu/libnss_nis-2.15.so
Size:                 40 kB
Rss:                  20 kB
Pss:                   0 kB
Shared_Clean:         20 kB
Shared_Dirty:          0 kB
Private_Clean:         0 kB
Private_Dirty:         0 kB
Referenced:           20 kB
Anonymous:             0 kB
AnonHugePages:         0 kB
Swap:                  0 kB
KernelPageSize:        4 kB
MMUPageSize:           4 kB
Locked:                0 kB
7fd27de53000-7fd27e053000 ---p 0000a000 fc:09 790071                     /lib/x86_64-linux-gnu/libnss_nis-2.15.so
Size:               2048 kB
Rss:                   0 kB
Pss:                   0 kB
Shared_Clean:          0 kB
Shared_Dirty:          0 kB
Private_Clean:         0 kB
Private_Dirty:         0 kB
Referenced:            0 kB
Anonymous:             0 kB
AnonHugePages:         0 kB
Swap:                  0 kB
KernelPageSize:        4 kB
MMUPageSize:           4 kB
Locked:                0 kB
7fd27e053000-7fd27e054000 r--p 0000a000 fc:09 790071                     /lib/x86_64-linux-gnu/libnss_nis-2.15.so
Size:                  4 kB
Rss:                   4 kB
Pss:                   4 kB
Shared_Clean:          0 kB
Shared_Dirty:          0 kB
Private_Clean:         0 kB
Private_Dirty:         4 kB
Referenced:            4 kB
Anonymous:             4 kB
AnonHugePages:         0 kB
Swap:                  0 kB
KernelPageSize:        4 kB
MMUPageSize:           4 kB
Locked:                0 kB
7fd27e054000-7fd27e055000 rw-p 0000b000 fc:09 790071                     /lib/x86_64-linux-gnu/libnss_nis-2.15.so
Size:                  4 kB
Rss:                   4 kB
Pss:                   4 kB
Shared_Clean:          0 kB
Shared_Dirty:          0 kB
Private_Clean:         0 kB
Private_Dirty:         4 kB
Referenced:            4 kB
Anonymous:             4 kB
AnonHugePages:         0 kB
Swap:                  0 kB
KernelPageSize:        4 kB
MMUPageSize:           4 kB
Locked:                0 kB
7fd27e055000-7fd27e06c000 r-xp 00000000 fc:09 790061                     /lib/x86_64-linux-gnu/libnsl-2.15.so
Size:                 92 kB
Rss:                  24 kB
Pss:                   0 kB
Shared_Clean:         24 kB
Shared_Dirty:          0 kB
Private_Clean:         0 kB
Private_Dirty:         0 kB
Referenced:           24 kB
Anonymous:             0 kB
AnonHugePages:         0 kB
Swap:                  0 kB
KernelPageSize:        4 kB
MMUPageSize:           4 kB
Locked:                0 kB
7fd27e06c000-7fd27e26b000 ---p 00017000 fc:09 790061                     /lib/x86_64-linux-gnu/libnsl-2.15.so
Size:               2044 kB
Rss:                   0 kB
Pss:                   0 kB
Shared_Clean:          0 kB
Shared_Dirty:          0 kB
Private_Clean:         0 kB
Private_Dirty:         0 kB
Referenced:            0 kB
Anonymous:             0 kB
AnonHugePages:         0 kB
Swap:                  0 kB
KernelPageSize:        4 kB
MMUPageSize:           4 kB
Locked:                0 kB
7fd27e26b000-7fd27e26c000 r--p 00016000 fc:09 790061                     /lib/x86_64-linux-gnu/libnsl-2.15.so
Size:                  4 kB
Rss:                   0 kB
Pss:                   0 kB
Shared_Clean:          0 kB
Shared_Dirty:          0 kB
Private_Clean:         0 kB
Private_Dirty:         0 kB
Referenced:            0 kB
Anonymous:             0 kB
AnonHugePages:         0 kB
Swap:                  4 kB
KernelPageSize:        4 kB
MMUPageSize:           4 kB
Locked:                0 kB
7fd27e26c000-7fd27e26d000 rw-p 00017000 fc:09 790061                     /lib/x86_64-linux-gnu/libnsl-2.15.so
Size:                  4 kB
Rss:                   0 kB
Pss:                   0 kB
Shared_Clean:          0 kB
Shared_Dirty:          0 kB
Private_Clean:         0 kB
Private_Dirty:         0 kB
Referenced:            0 kB
Anonymous:             0 kB
AnonHugePages:         0 kB
Swap:                  4 kB
KernelPageSize:        4 kB
MMUPageSize:           4 kB
Locked:                0 kB
7fd27e26d000-7fd27e26f000 rw-p 00000000 00:00 0 
Size:                  8 kB
Rss:                   0 kB
Pss:                   0 kB
Shared_Clean:          0 kB
Shared_Dirty:          0 kB
Private_Clean:         0 kB
Private_Dirty:         0 kB
Referenced:            0 kB
Anonymous:             0 kB
AnonHugePages:         0 kB
Swap:                  0 kB
KernelPageSize:        4 kB
MMUPageSize:           4 kB
Locked:                0 kB
7fd27e26f000-7fd27e277000 r-xp 00000000 fc:09 790063                     /lib/x86_64-linux-gnu/libnss_compat-2.15.so
Size:                 32 kB
Rss:                  24 kB
Pss:                   0 kB
Shared_Clean:         24 kB
Shared_Dirty:          0 kB
Private_Clean:         0 kB
Private_Dirty:         0 kB
Referenced:           24 kB
Anonymous:             0 kB
AnonHugePages:         0 kB
Swap:                  0 kB
KernelPageSize:        4 kB
MMUPageSize:           4 kB
Locked:                0 kB
7fd27e277000-7fd27e476000 ---p 00008000 fc:09 790063                     /lib/x86_64-linux-gnu/libnss_compat-2.15.so
Size:               2044 kB
Rss:                   0 kB
Pss:                   0 kB
Shared_Clean:          0 kB
Shared_Dirty:          0 kB
Private_Clean:         0 kB
Private_Dirty:         0 kB
Referenced:            0 kB
Anonymous:             0 kB
AnonHugePages:         0 kB
Swap:                  0 kB
KernelPageSize:        4 kB
MMUPageSize:           4 kB
Locked:                0 kB
7fd27e476000-7fd27e477000 r--p 00007000 fc:09 790063                     /lib/x86_64-linux-gnu/libnss_compat-2.15.so
Size:                  4 kB
Rss:                   4 kB
Pss:                   4 kB
Shared_Clean:          0 kB
Shared_Dirty:          0 kB
Private_Clean:         0 kB
Private_Dirty:         4 kB
Referenced:            4 kB
Anonymous:             4 kB
AnonHugePages:         0 kB
Swap:                  0 kB
KernelPageSize:        4 kB
MMUPageSize:           4 kB
Locked:                0 kB
7fd27e477000-7fd27e478000 rw-p 00008000 fc:09 790063                     /lib/x86_64-linux-gnu/libnss_compat-2.15.so
Size:                  4 kB
Rss:                   4 kB
Pss:                   4 kB
Shared_Clean:          0 kB
Shared_Dirty:          0 kB
Private_Clean:         0 kB
Private_Dirty:         4 kB
Referenced:            4 kB
Anonymous:             4 kB
AnonHugePages:         0 kB
Swap:                  0 kB
KernelPageSize:        4 kB
MMUPageSize:           4 kB
Locked:                0 kB
7fd27e478000-7fd27e62d000 r-xp 00000000 fc:09 790002                     /lib/x86_64-linux-gnu/libc-2.15.so
Size:               1748 kB
Rss:                 588 kB
Pss:                   5 kB
Shared_Clean:        588 kB
Shared_Dirty:          0 kB
Private_Clean:         0 kB
Private_Dirty:         0 kB
Referenced:          588 kB
Anonymous:             0 kB
AnonHugePages:         0 kB
Swap:                  0 kB
KernelPageSize:        4 kB
MMUPageSize:           4 kB
Locked:                0 kB
7fd27e62d000-7fd27e82c000 ---p 001b5000 fc:09 790002                     /lib/x86_64-linux-gnu/libc-2.15.so
Size:               2044 kB
Rss:                   0 kB
Pss:                   0 kB
Shared_Clean:          0 kB
Shared_Dirty:          0 kB
Private_Clean:         0 kB
Private_Dirty:         0 kB
Referenced:            0 kB
Anonymous:             0 kB
AnonHugePages:         0 kB
Swap:                  0 kB
KernelPageSize:        4 kB
MMUPageSize:           4 kB
Locked:                0 kB
7fd27e82c000-7fd27e830000 r--p 001b4000 fc:09 790002                     /lib/x86_64-linux-gnu/libc-2.15.so
Size:                 16 kB
Rss:                   8 kB
Pss:                   8 kB
Shared_Clean:          0 kB
Shared_Dirty:          0 kB
Private_Clean:         0 kB
Private_Dirty:         8 kB
Referenced:            8 kB
Anonymous:             8 kB
AnonHugePages:         0 kB
Swap:                  8 kB
KernelPageSize:        4 kB
MMUPageSize:           4 kB
Locked:                0 kB
7fd27e830000-7fd27e832000 rw-p 001b8000 fc:09 790002                     /lib/x86_64-linux-gnu/libc-2.15.so
Size:                  8 kB
Rss:                   8 kB
Pss:                   8 kB
Shared_Clean:          0 kB
Shared_Dirty:          0 kB
Private_Clean:         0 kB
Private_Dirty:         8 kB
Referenced:            8 kB
Anonymous:             8 kB
AnonHugePages:         0 kB
Swap:                  0 kB
KernelPageSize:        4 kB
MMUPageSize:           4 kB
Locked:                0 kB
7fd27e832000-7fd27e837000 rw-p 00000000 00:00 0 
Size:                 20 kB
Rss:                  16 kB
Pss:                  16 kB
Shared_Clean:          0 kB
Shared_Dirty:          0 kB
Private_Clean:         0 kB
Private_Dirty:        16 kB
Referenced:           16 kB
Anonymous:            16 kB
AnonHugePages:         0 kB
Swap:                  4 kB
KernelPageSize:        4 kB
MMUPageSize:           4 kB
Locked:                0 kB
7fd27e837000-7fd27e84f000 r-xp 00000000 fc:09 790098                     /lib/x86_64-linux-gnu/libpthread-2.15.so
Size:                 96 kB
Rss:                  60 kB
Pss:                   0 kB
Shared_Clean:         60 kB
Shared_Dirty:          0 kB
Private_Clean:         0 kB
Private_Dirty:         0 kB
Referenced:           60 kB
Anonymous:             0 kB
AnonHugePages:         0 kB
Swap:                  0 kB
KernelPageSize:        4 kB
MMUPageSize:           4 kB
Locked:                0 kB
7fd27e84f000-7fd27ea4e000 ---p 00018000 fc:09 790098                     /lib/x86_64-linux-gnu/libpthread-2.15.so
Size:               2044 kB
Rss:                   0 kB
Pss:                   0 kB
Shared_Clean:          0 kB
Shared_Dirty:          0 kB
Private_Clean:         0 kB
Private_Dirty:         0 kB
Referenced:            0 kB
Anonymous:             0 kB
AnonHugePages:         0 kB
Swap:                  0 kB
KernelPageSize:        4 kB
MMUPageSize:           4 kB
Locked:                0 kB
7fd27ea4e000-7fd27ea4f000 r--p 00017000 fc:09 790098                     /lib/x86_64-linux-gnu/libpthread-2.15.so
Size:                  4 kB
Rss:                   4 kB
Pss:                   4 kB
Shared_Clean:          0 kB
Shared_Dirty:          0 kB
Private_Clean:         0 kB
Private_Dirty:         4 kB
Referenced:            4 kB
Anonymous:             4 kB
AnonHugePages:         0 kB
Swap:                  0 kB
KernelPageSize:        4 kB
MMUPageSize:           4 kB
Locked:                0 kB
7fd27ea4f000-7fd27ea50000 rw-p 00018000 fc:09 790098                     /lib/x86_64-linux-gnu/libpthread-2.15.so
Size:                  4 kB
Rss:                   0 kB
Pss:                   0 kB
Shared_Clean:          0 kB
Shared_Dirty:          0 kB
Private_Clean:         0 kB
Private_Dirty:         0 kB
Referenced:            0 kB
Anonymous:             0 kB
AnonHugePages:         0 kB
Swap:                  4 kB
KernelPageSize:        4 kB
MMUPageSize:           4 kB
Locked:                0 kB
7fd27ea50000-7fd27ea54000 rw-p 00000000 00:00 0 
Size:                 16 kB
Rss:                   4 kB
Pss:                   4 kB
Shared_Clean:          0 kB
Shared_Dirty:          0 kB
Private_Clean:         0 kB
Private_Dirty:         4 kB
Referenced:            4 kB
Anonymous:             4 kB
AnonHugePages:         0 kB
Swap:                  0 kB
KernelPageSize:        4 kB
MMUPageSize:           4 kB
Locked:                0 kB
7fd27ea54000-7fd27ea5b000 r-xp 00000000 fc:09 790106                     /lib/x86_64-linux-gnu/librt-2.15.so
Size:                 28 kB
Rss:                  20 kB
Pss:                   0 kB
Shared_Clean:         20 kB
Shared_Dirty:          0 kB
Private_Clean:         0 kB
Private_Dirty:         0 kB
Referenced:           20 kB
Anonymous:             0 kB
AnonHugePages:         0 kB
Swap:                  0 kB
KernelPageSize:        4 kB
MMUPageSize:           4 kB
Locked:                0 kB
7fd27ea5b000-7fd27ec5a000 ---p 00007000 fc:09 790106                     /lib/x86_64-linux-gnu/librt-2.15.so
Size:               2044 kB
Rss:                   0 kB
Pss:                   0 kB
Shared_Clean:          0 kB
Shared_Dirty:          0 kB
Private_Clean:         0 kB
Private_Dirty:         0 kB
Referenced:            0 kB
Anonymous:             0 kB
AnonHugePages:         0 kB
Swap:                  0 kB
KernelPageSize:        4 kB
MMUPageSize:           4 kB
Locked:                0 kB
7fd27ec5a000-7fd27ec5b000 r--p 00006000 fc:09 790106                     /lib/x86_64-linux-gnu/librt-2.15.so
Size:                  4 kB
Rss:                   4 kB
Pss:                   4 kB
Shared_Clean:          0 kB
Shared_Dirty:          0 kB
Private_Clean:         0 kB
Private_Dirty:         4 kB
Referenced:            4 kB
Anonymous:             4 kB
AnonHugePages:         0 kB
Swap:                  0 kB
KernelPageSize:        4 kB
MMUPageSize:           4 kB
Locked:                0 kB
7fd27ec5b000-7fd27ec5c000 rw-p 00007000 fc:09 790106                     /lib/x86_64-linux-gnu/librt-2.15.so
Size:                  4 kB
Rss:                   0 kB
Pss:                   0 kB
Shared_Clean:          0 kB
Shared_Dirty:          0 kB
Private_Clean:         0 kB
Private_Dirty:         0 kB
Referenced:            0 kB
Anonymous:             0 kB
AnonHugePages:         0 kB
Swap:                  4 kB
KernelPageSize:        4 kB
MMUPageSize:           4 kB
Locked:                0 kB
7fd27ec5c000-7fd27ec60000 r-xp 00000000 fc:09 790005                     /lib/x86_64-linux-gnu/libcap.so.2.22
Size:                 16 kB
Rss:                   4 kB
Pss:                   0 kB
Shared_Clean:          4 kB
Shared_Dirty:          0 kB
Private_Clean:         0 kB
Private_Dirty:         0 kB
Referenced:            4 kB
Anonymous:             0 kB
AnonHugePages:         0 kB
Swap:                  0 kB
KernelPageSize:        4 kB
MMUPageSize:           4 kB
Locked:                0 kB
7fd27ec60000-7fd27ee5f000 ---p 00004000 fc:09 790005                     /lib/x86_64-linux-gnu/libcap.so.2.22
Size:               2044 kB
Rss:                   0 kB
Pss:                   0 kB
Shared_Clean:          0 kB
Shared_Dirty:          0 kB
Private_Clean:         0 kB
Private_Dirty:         0 kB
Referenced:            0 kB
Anonymous:             0 kB
AnonHugePages:         0 kB
Swap:                  0 kB
KernelPageSize:        4 kB
MMUPageSize:           4 kB
Locked:                0 kB
7fd27ee5f000-7fd27ee60000 r--p 00003000 fc:09 790005                     /lib/x86_64-linux-gnu/libcap.so.2.22
Size:                  4 kB
Rss:                   0 kB
Pss:                   0 kB
Shared_Clean:          0 kB
Shared_Dirty:          0 kB
Private_Clean:         0 kB
Private_Dirty:         0 kB
Referenced:            0 kB
Anonymous:             0 kB
AnonHugePages:         0 kB
Swap:                  4 kB
KernelPageSize:        4 kB
MMUPageSize:           4 kB
Locked:                0 kB
7fd27ee60000-7fd27ee61000 rw-p 00004000 fc:09 790005                     /lib/x86_64-linux-gnu/libcap.so.2.22
Size:                  4 kB
Rss:                   0 kB
Pss:                   0 kB
Shared_Clean:          0 kB
Shared_Dirty:          0 kB
Private_Clean:         0 kB
Private_Dirty:         0 kB
Referenced:            0 kB
Anonymous:             0 kB
AnonHugePages:         0 kB
Swap:                  4 kB
KernelPageSize:        4 kB
MMUPageSize:           4 kB
Locked:                0 kB
7fd27ee61000-7fd27eea4000 r-xp 00000000 fc:09 790014                     /lib/x86_64-linux-gnu/libdbus-1.so.3.7.2
Size:                268 kB
Rss:                 160 kB
Pss:                   2 kB
Shared_Clean:        160 kB
Shared_Dirty:          0 kB
Private_Clean:         0 kB
Private_Dirty:         0 kB
Referenced:          160 kB
Anonymous:             0 kB
AnonHugePages:         0 kB
Swap:                  0 kB
KernelPageSize:        4 kB
MMUPageSize:           4 kB
Locked:                0 kB
7fd27eea4000-7fd27f0a3000 ---p 00043000 fc:09 790014                     /lib/x86_64-linux-gnu/libdbus-1.so.3.7.2
Size:               2044 kB
Rss:                   0 kB
Pss:                   0 kB
Shared_Clean:          0 kB
Shared_Dirty:          0 kB
Private_Clean:         0 kB
Private_Dirty:         0 kB
Referenced:            0 kB
Anonymous:             0 kB
AnonHugePages:         0 kB
Swap:                  0 kB
KernelPageSize:        4 kB
MMUPageSize:           4 kB
Locked:                0 kB
7fd27f0a3000-7fd27f0a4000 r--p 00042000 fc:09 790014                     /lib/x86_64-linux-gnu/libdbus-1.so.3.7.2
Size:                  4 kB
Rss:                   4 kB
Pss:                   4 kB
Shared_Clean:          0 kB
Shared_Dirty:          0 kB
Private_Clean:         0 kB
Private_Dirty:         4 kB
Referenced:            4 kB
Anonymous:             4 kB
AnonHugePages:         0 kB
Swap:                  0 kB
KernelPageSize:        4 kB
MMUPageSize:           4 kB
Locked:                0 kB
7fd27f0a4000-7fd27f0a5000 rw-p 00043000 fc:09 790014                     /lib/x86_64-linux-gnu/libdbus-1.so.3.7.2
Size:                  4 kB
Rss:                   4 kB
Pss:                   4 kB
Shared_Clean:          0 kB
Shared_Dirty:          0 kB
Private_Clean:         0 kB
Private_Dirty:         4 kB
Referenced:            4 kB
Anonymous:             4 kB
AnonHugePages:         0 kB
Swap:                  0 kB
KernelPageSize:        4 kB
MMUPageSize:           4 kB
Locked:                0 kB
7fd27f0a5000-7fd27f0c7000 r-xp 00000000 fc:09 789980                     /lib/x86_64-linux-gnu/ld-2.15.so
Size:                136 kB
Rss:                 112 kB
Pss:                   0 kB
Shared_Clean:        112 kB
Shared_Dirty:          0 kB
Private_Clean:         0 kB
Private_Dirty:         0 kB
Referenced:          112 kB
Anonymous:             0 kB
AnonHugePages:         0 kB
Swap:                  0 kB
KernelPageSize:        4 kB
MMUPageSize:           4 kB
Locked:                0 kB
7fd27f2a3000-7fd27f2a7000 rw-p 00000000 00:00 0 
Size:                 16 kB
Rss:                   4 kB
Pss:                   4 kB
Shared_Clean:          0 kB
Shared_Dirty:          0 kB
Private_Clean:         0 kB
Private_Dirty:         4 kB
Referenced:            4 kB
Anonymous:             4 kB
AnonHugePages:         0 kB
Swap:                 12 kB
KernelPageSize:        4 kB
MMUPageSize:           4 kB
Locked:                0 kB
7fd27f2c5000-7fd27f2c7000 rw-p 00000000 00:00 0 
Size:                  8 kB
Rss:                   0 kB
Pss:                   0 kB
Shared_Clean:          0 kB
Shared_Dirty:          0 kB
Private_Clean:         0 kB
Private_Dirty:         0 kB
Referenced:            0 kB
Anonymous:             0 kB
AnonHugePages:         0 kB
Swap:                  8 kB
KernelPageSize:        4 kB
MMUPageSize:           4 kB
Locked:                0 kB
7fd27f2c7000-7fd27f2c8000 r--p 00022000 fc:09 789980                     /lib/x86_64-linux-gnu/ld-2.15.so
Size:                  4 kB
Rss:                   0 kB
Pss:                   0 kB
Shared_Clean:          0 kB
Shared_Dirty:          0 kB
Private_Clean:         0 kB
Private_Dirty:         0 kB
Referenced:            0 kB
Anonymous:             0 kB
AnonHugePages:         0 kB
Swap:                  4 kB
KernelPageSize:        4 kB
MMUPageSize:           4 kB
Locked:                0 kB
7fd27f2c8000-7fd27f2ca000 rw-p 00023000 fc:09 789980                     /lib/x86_64-linux-gnu/ld-2.15.so
Size:                  8 kB
Rss:                   4 kB
Pss:                   4 kB
Shared_Clean:          0 kB
Shared_Dirty:          0 kB
Private_Clean:         0 kB
Private_Dirty:         4 kB
Referenced:            4 kB
Anonymous:             4 kB
AnonHugePages:         0 kB
Swap:                  4 kB
KernelPageSize:        4 kB
MMUPageSize:           4 kB
Locked:                0 kB
7fff85289000-7fff852aa000 rw-p 00000000 00:00 0                          [stack]
Size:                136 kB
Rss:                  16 kB
Pss:                  16 kB
Shared_Clean:          0 kB
Shared_Dirty:          0 kB
Private_Clean:         0 kB
Private_Dirty:        16 kB
Referenced:           16 kB
Anonymous:            16 kB
AnonHugePages:         0 kB
Swap:                  0 kB
KernelPageSize:        4 kB
MMUPageSize:           4 kB
Locked:                0 kB
7fff8538c000-7fff8538d000 r-xp 00000000 00:00 0                          [vdso]
Size:                  4 kB
Rss:                   4 kB
Pss:                   0 kB
Shared_Clean:          4 kB
Shared_Dirty:          0 kB
Private_Clean:         0 kB
Private_Dirty:         0 kB
Referenced:            4 kB
Anonymous:             0 kB
AnonHugePages:         0 kB
Swap:                  0 kB
KernelPageSize:        4 kB
MMUPageSize:           4 kB
Locked:                0 kB
ffffffffff600000-ffffffffff601000 r-xp 00000000 00:00 0                  [vsyscall]
Size:                  4 kB
Rss:                   0 kB
Pss:                   0 kB
Shared_Clean:          0 kB
Shared_Dirty:          0 kB
Private_Clean:         0 kB
Private_Dirty:         0 kB
Referenced:            0 kB
Anonymous:             0 kB
AnonHugePages:         0 kB
Swap:                  0 kB
KernelPageSize:        4 kB
MMUPageSize:           4 kB
Locked:                0 kB
