00400000-00422000 r-xp 00000000 fc:09 1843274                            /usr/sbin/console-kit-daemon
Size:                136 kB
Rss:                  60 kB
Pss:                  60 kB
Shared_Clean:          0 kB
Shared_Dirty:          0 kB
Private_Clean:        60 kB
Private_Dirty:         0 kB
Referenced:           60 kB
Anonymous:             0 kB
AnonHugePages:         0 kB
Swap:                  0 kB
KernelPageSize:        4 kB
MMUPageSize:           4 kB
Locked:                0 kB
00621000-00622000 r--p 00021000 fc:09 1843274                            /usr/sbin/console-kit-daemon
Size:                  4 kB
Rss:                   4 kB
Pss:                   4 kB
Shared_Clean:          0 kB
Shared_Dirty:          0 kB
Private_Clean:         0 kB
Private_Dirty:         4 kB
Referenced:            0 kB
Anonymous:             4 kB
AnonHugePages:         0 kB
Swap:                  0 kB
KernelPageSize:        4 kB
MMUPageSize:           4 kB
Locked:                0 kB
00622000-00623000 rw-p 00022000 fc:09 1843274                            /usr/sbin/console-kit-daemon
Size:                  4 kB
Rss:                   4 kB
Pss:                   4 kB
Shared_Clean:          0 kB
Shared_Dirty:          0 kB
Private_Clean:         0 kB
Private_Dirty:         4 kB
Referenced:            4 kB
Anonymous:             4 kB
AnonHugePages:         0 kB
Swap:                  0 kB
KernelPageSize:        4 kB
MMUPageSize:           4 kB
Locked:                0 kB
00ade000-00b41000 rw-p 00000000 00:00 0                                  [heap]
Size:                396 kB
Rss:                 260 kB
Pss:                 260 kB
Shared_Clean:          0 kB
Shared_Dirty:          0 kB
Private_Clean:         0 kB
Private_Dirty:       260 kB
Referenced:          248 kB
Anonymous:           260 kB
AnonHugePages:         0 kB
Swap:                 32 kB
KernelPageSize:        4 kB
MMUPageSize:           4 kB
Locked:                0 kB
7f7be0000000-7f7be0022000 rw-p 00000000 00:00 0 
Size:                136 kB
Rss:                   8 kB
Pss:                   8 kB
Shared_Clean:          0 kB
Shared_Dirty:          0 kB
Private_Clean:         0 kB
Private_Dirty:         8 kB
Referenced:            4 kB
Anonymous:             8 kB
AnonHugePages:         0 kB
Swap:                  0 kB
KernelPageSize:        4 kB
MMUPageSize:           4 kB
Locked:                0 kB
7f7be0022000-7f7be4000000 ---p 00000000 00:00 0 
Size:              65400 kB
Rss:                   0 kB
Pss:                   0 kB
Shared_Clean:          0 kB
Shared_Dirty:          0 kB
Private_Clean:         0 kB
Private_Dirty:         0 kB
Referenced:            0 kB
Anonymous:             0 kB
AnonHugePages:         0 kB
Swap:                  0 kB
KernelPageSize:        4 kB
MMUPageSize:           4 kB
Locked:                0 kB
7f7be4000000-7f7be4021000 rw-p 00000000 00:00 0 
Size:                132 kB
Rss:                   4 kB
Pss:                   4 kB
Shared_Clean:          0 kB
Shared_Dirty:          0 kB
Private_Clean:         0 kB
Private_Dirty:         4 kB
Referenced:            0 kB
Anonymous:             4 kB
AnonHugePages:         0 kB
Swap:                  0 kB
KernelPageSize:        4 kB
MMUPageSize:           4 kB
Locked:                0 kB
7f7be4021000-7f7be8000000 ---p 00000000 00:00 0 
Size:              65404 kB
Rss:                   0 kB
Pss:                   0 kB
Shared_Clean:          0 kB
Shared_Dirty:          0 kB
Private_Clean:         0 kB
Private_Dirty:         0 kB
Referenced:            0 kB
Anonymous:             0 kB
AnonHugePages:         0 kB
Swap:                  0 kB
KernelPageSize:        4 kB
MMUPageSize:           4 kB
Locked:                0 kB
7f7be8000000-7f7be8022000 rw-p 00000000 00:00 0 
Size:                136 kB
Rss:                   4 kB
Pss:                   4 kB
Shared_Clean:          0 kB
Shared_Dirty:          0 kB
Private_Clean:         0 kB
Private_Dirty:         4 kB
Referenced:            0 kB
Anonymous:             4 kB
AnonHugePages:         0 kB
Swap:                  4 kB
KernelPageSize:        4 kB
MMUPageSize:           4 kB
Locked:                0 kB
7f7be8022000-7f7bec000000 ---p 00000000 00:00 0 
Size:              65400 kB
Rss:                   0 kB
Pss:                   0 kB
Shared_Clean:          0 kB
Shared_Dirty:          0 kB
Private_Clean:         0 kB
Private_Dirty:         0 kB
Referenced:            0 kB
Anonymous:             0 kB
AnonHugePages:         0 kB
Swap:                  0 kB
KernelPageSize:        4 kB
MMUPageSize:           4 kB
Locked:                0 kB
7f7bec000000-7f7bec022000 rw-p 00000000 00:00 0 
Size:                136 kB
Rss:                   4 kB
Pss:                   4 kB
Shared_Clean:          0 kB
Shared_Dirty:          0 kB
Private_Clean:         0 kB
Private_Dirty:         4 kB
Referenced:            0 kB
Anonymous:             4 kB
AnonHugePages:         0 kB
Swap:                  4 kB
KernelPageSize:        4 kB
MMUPageSize:           4 kB
Locked:                0 kB
7f7bec022000-7f7bf0000000 ---p 00000000 00:00 0 
Size:              65400 kB
Rss:                   0 kB
Pss:                   0 kB
Shared_Clean:          0 kB
Shared_Dirty:          0 kB
Private_Clean:         0 kB
Private_Dirty:         0 kB
Referenced:            0 kB
Anonymous:             0 kB
AnonHugePages:         0 kB
Swap:                  0 kB
KernelPageSize:        4 kB
MMUPageSize:           4 kB
Locked:                0 kB
7f7bf0000000-7f7bf0022000 rw-p 00000000 00:00 0 
Size:                136 kB
Rss:                   4 kB
Pss:                   4 kB
Shared_Clean:          0 kB
Shared_Dirty:          0 kB
Private_Clean:         0 kB
Private_Dirty:         4 kB
Referenced:            0 kB
Anonymous:             4 kB
AnonHugePages:         0 kB
Swap:                  4 kB
KernelPageSize:        4 kB
MMUPageSize:           4 kB
Locked:                0 kB
7f7bf0022000-7f7bf4000000 ---p 00000000 00:00 0 
Size:              65400 kB
Rss:                   0 kB
Pss:                   0 kB
Shared_Clean:          0 kB
Shared_Dirty:          0 kB
Private_Clean:         0 kB
Private_Dirty:         0 kB
Referenced:            0 kB
Anonymous:             0 kB
AnonHugePages:         0 kB
Swap:                  0 kB
KernelPageSize:        4 kB
MMUPageSize:           4 kB
Locked:                0 kB
7f7bf4000000-7f7bf4022000 rw-p 00000000 00:00 0 
Size:                136 kB
Rss:                   4 kB
Pss:                   4 kB
Shared_Clean:          0 kB
Shared_Dirty:          0 kB
Private_Clean:         0 kB
Private_Dirty:         4 kB
Referenced:            0 kB
Anonymous:             4 kB
AnonHugePages:         0 kB
Swap:                  4 kB
KernelPageSize:        4 kB
MMUPageSize:           4 kB
Locked:                0 kB
7f7bf4022000-7f7bf8000000 ---p 00000000 00:00 0 
Size:              65400 kB
Rss:                   0 kB
Pss:                   0 kB
Shared_Clean:          0 kB
Shared_Dirty:          0 kB
Private_Clean:         0 kB
Private_Dirty:         0 kB
Referenced:            0 kB
Anonymous:             0 kB
AnonHugePages:         0 kB
Swap:                  0 kB
KernelPageSize:        4 kB
MMUPageSize:           4 kB
Locked:                0 kB
7f7bf8000000-7f7bf8022000 rw-p 00000000 00:00 0 
Size:                136 kB
Rss:                   4 kB
Pss:                   4 kB
Shared_Clean:          0 kB
Shared_Dirty:          0 kB
Private_Clean:         0 kB
Private_Dirty:         4 kB
Referenced:            0 kB
Anonymous:             4 kB
AnonHugePages:         0 kB
Swap:                  4 kB
KernelPageSize:        4 kB
MMUPageSize:           4 kB
Locked:                0 kB
7f7bf8022000-7f7bfc000000 ---p 00000000 00:00 0 
Size:              65400 kB
Rss:                   0 kB
Pss:                   0 kB
Shared_Clean:          0 kB
Shared_Dirty:          0 kB
Private_Clean:         0 kB
Private_Dirty:         0 kB
Referenced:            0 kB
Anonymous:             0 kB
AnonHugePages:         0 kB
Swap:                  0 kB
KernelPageSize:        4 kB
MMUPageSize:           4 kB
Locked:                0 kB
7f7bfc000000-7f7bfc022000 rw-p 00000000 00:00 0 
Size:                136 kB
Rss:                   4 kB
Pss:                   4 kB
Shared_Clean:          0 kB
Shared_Dirty:          0 kB
Private_Clean:         0 kB
Private_Dirty:         4 kB
Referenced:            0 kB
Anonymous:             4 kB
AnonHugePages:         0 kB
Swap:                  4 kB
KernelPageSize:        4 kB
MMUPageSize:           4 kB
Locked:                0 kB
7f7bfc022000-7f7c00000000 ---p 00000000 00:00 0 
Size:              65400 kB
Rss:                   0 kB
Pss:                   0 kB
Shared_Clean:          0 kB
Shared_Dirty:          0 kB
Private_Clean:         0 kB
Private_Dirty:         0 kB
Referenced:            0 kB
Anonymous:             0 kB
AnonHugePages:         0 kB
Swap:                  0 kB
KernelPageSize:        4 kB
MMUPageSize:           4 kB
Locked:                0 kB
7f7c00000000-7f7c00022000 rw-p 00000000 00:00 0 
Size:                136 kB
Rss:                   4 kB
Pss:                   4 kB
Shared_Clean:          0 kB
Shared_Dirty:          0 kB
Private_Clean:         0 kB
Private_Dirty:         4 kB
Referenced:            0 kB
Anonymous:             4 kB
AnonHugePages:         0 kB
Swap:                  4 kB
KernelPageSize:        4 kB
MMUPageSize:           4 kB
Locked:                0 kB
7f7c00022000-7f7c04000000 ---p 00000000 00:00 0 
Size:              65400 kB
Rss:                   0 kB
Pss:                   0 kB
Shared_Clean:          0 kB
Shared_Dirty:          0 kB
Private_Clean:         0 kB
Private_Dirty:         0 kB
Referenced:            0 kB
Anonymous:             0 kB
AnonHugePages:         0 kB
Swap:                  0 kB
KernelPageSize:        4 kB
MMUPageSize:           4 kB
Locked:                0 kB
7f7c04000000-7f7c04022000 rw-p 00000000 00:00 0 
Size:                136 kB
Rss:                   4 kB
Pss:                   4 kB
Shared_Clean:          0 kB
Shared_Dirty:          0 kB
Private_Clean:         0 kB
Private_Dirty:         4 kB
Referenced:            0 kB
Anonymous:             4 kB
AnonHugePages:         0 kB
Swap:                  4 kB
KernelPageSize:        4 kB
MMUPageSize:           4 kB
Locked:                0 kB
7f7c04022000-7f7c08000000 ---p 00000000 00:00 0 
Size:              65400 kB
Rss:                   0 kB
Pss:                   0 kB
Shared_Clean:          0 kB
Shared_Dirty:          0 kB
Private_Clean:         0 kB
Private_Dirty:         0 kB
Referenced:            0 kB
Anonymous:             0 kB
AnonHugePages:         0 kB
Swap:                  0 kB
KernelPageSize:        4 kB
MMUPageSize:           4 kB
Locked:                0 kB
7f7c08000000-7f7c08022000 rw-p 00000000 00:00 0 
Size:                136 kB
Rss:                   4 kB
Pss:                   4 kB
Shared_Clean:          0 kB
Shared_Dirty:          0 kB
Private_Clean:         0 kB
Private_Dirty:         4 kB
Referenced:            0 kB
Anonymous:             4 kB
AnonHugePages:         0 kB
Swap:                  4 kB
KernelPageSize:        4 kB
MMUPageSize:           4 kB
Locked:                0 kB
7f7c08022000-7f7c0c000000 ---p 00000000 00:00 0 
Size:              65400 kB
Rss:                   0 kB
Pss:                   0 kB
Shared_Clean:          0 kB
Shared_Dirty:          0 kB
Private_Clean:         0 kB
Private_Dirty:         0 kB
Referenced:            0 kB
Anonymous:             0 kB
AnonHugePages:         0 kB
Swap:                  0 kB
KernelPageSize:        4 kB
MMUPageSize:           4 kB
Locked:                0 kB
7f7c0c000000-7f7c0c022000 rw-p 00000000 00:00 0 
Size:                136 kB
Rss:                   4 kB
Pss:                   4 kB
Shared_Clean:          0 kB
Shared_Dirty:          0 kB
Private_Clean:         0 kB
Private_Dirty:         4 kB
Referenced:            0 kB
Anonymous:             4 kB
AnonHugePages:         0 kB
Swap:                  4 kB
KernelPageSize:        4 kB
MMUPageSize:           4 kB
Locked:                0 kB
7f7c0c022000-7f7c10000000 ---p 00000000 00:00 0 
Size:              65400 kB
Rss:                   0 kB
Pss:                   0 kB
Shared_Clean:          0 kB
Shared_Dirty:          0 kB
Private_Clean:         0 kB
Private_Dirty:         0 kB
Referenced:            0 kB
Anonymous:             0 kB
AnonHugePages:         0 kB
Swap:                  0 kB
KernelPageSize:        4 kB
MMUPageSize:           4 kB
Locked:                0 kB
7f7c10000000-7f7c10022000 rw-p 00000000 00:00 0 
Size:                136 kB
Rss:                   4 kB
Pss:                   4 kB
Shared_Clean:          0 kB
Shared_Dirty:          0 kB
Private_Clean:         0 kB
Private_Dirty:         4 kB
Referenced:            0 kB
Anonymous:             4 kB
AnonHugePages:         0 kB
Swap:                  4 kB
KernelPageSize:        4 kB
MMUPageSize:           4 kB
Locked:                0 kB
7f7c10022000-7f7c14000000 ---p 00000000 00:00 0 
Size:              65400 kB
Rss:                   0 kB
Pss:                   0 kB
Shared_Clean:          0 kB
Shared_Dirty:          0 kB
Private_Clean:         0 kB
Private_Dirty:         0 kB
Referenced:            0 kB
Anonymous:             0 kB
AnonHugePages:         0 kB
Swap:                  0 kB
KernelPageSize:        4 kB
MMUPageSize:           4 kB
Locked:                0 kB
7f7c14000000-7f7c14022000 rw-p 00000000 00:00 0 
Size:                136 kB
Rss:                   4 kB
Pss:                   4 kB
Shared_Clean:          0 kB
Shared_Dirty:          0 kB
Private_Clean:         0 kB
Private_Dirty:         4 kB
Referenced:            0 kB
Anonymous:             4 kB
AnonHugePages:         0 kB
Swap:                  4 kB
KernelPageSize:        4 kB
MMUPageSize:           4 kB
Locked:                0 kB
7f7c14022000-7f7c18000000 ---p 00000000 00:00 0 
Size:              65400 kB
Rss:                   0 kB
Pss:                   0 kB
Shared_Clean:          0 kB
Shared_Dirty:          0 kB
Private_Clean:         0 kB
Private_Dirty:         0 kB
Referenced:            0 kB
Anonymous:             0 kB
AnonHugePages:         0 kB
Swap:                  0 kB
KernelPageSize:        4 kB
MMUPageSize:           4 kB
Locked:                0 kB
7f7c18000000-7f7c18022000 rw-p 00000000 00:00 0 
Size:                136 kB
Rss:                   4 kB
Pss:                   4 kB
Shared_Clean:          0 kB
Shared_Dirty:          0 kB
Private_Clean:         0 kB
Private_Dirty:         4 kB
Referenced:            0 kB
Anonymous:             4 kB
AnonHugePages:         0 kB
Swap:                  4 kB
KernelPageSize:        4 kB
MMUPageSize:           4 kB
Locked:                0 kB
7f7c18022000-7f7c1c000000 ---p 00000000 00:00 0 
Size:              65400 kB
Rss:                   0 kB
Pss:                   0 kB
Shared_Clean:          0 kB
Shared_Dirty:          0 kB
Private_Clean:         0 kB
Private_Dirty:         0 kB
Referenced:            0 kB
Anonymous:             0 kB
AnonHugePages:         0 kB
Swap:                  0 kB
KernelPageSize:        4 kB
MMUPageSize:           4 kB
Locked:                0 kB
7f7c1c000000-7f7c1c022000 rw-p 00000000 00:00 0 
Size:                136 kB
Rss:                   4 kB
Pss:                   4 kB
Shared_Clean:          0 kB
Shared_Dirty:          0 kB
Private_Clean:         0 kB
Private_Dirty:         4 kB
Referenced:            0 kB
Anonymous:             4 kB
AnonHugePages:         0 kB
Swap:                  4 kB
KernelPageSize:        4 kB
MMUPageSize:           4 kB
Locked:                0 kB
7f7c1c022000-7f7c20000000 ---p 00000000 00:00 0 
Size:              65400 kB
Rss:                   0 kB
Pss:                   0 kB
Shared_Clean:          0 kB
Shared_Dirty:          0 kB
Private_Clean:         0 kB
Private_Dirty:         0 kB
Referenced:            0 kB
Anonymous:             0 kB
AnonHugePages:         0 kB
Swap:                  0 kB
KernelPageSize:        4 kB
MMUPageSize:           4 kB
Locked:                0 kB
7f7c20000000-7f7c20022000 rw-p 00000000 00:00 0 
Size:                136 kB
Rss:                   4 kB
Pss:                   4 kB
Shared_Clean:          0 kB
Shared_Dirty:          0 kB
Private_Clean:         0 kB
Private_Dirty:         4 kB
Referenced:            0 kB
Anonymous:             4 kB
AnonHugePages:         0 kB
Swap:                  4 kB
KernelPageSize:        4 kB
MMUPageSize:           4 kB
Locked:                0 kB
7f7c20022000-7f7c24000000 ---p 00000000 00:00 0 
Size:              65400 kB
Rss:                   0 kB
Pss:                   0 kB
Shared_Clean:          0 kB
Shared_Dirty:          0 kB
Private_Clean:         0 kB
Private_Dirty:         0 kB
Referenced:            0 kB
Anonymous:             0 kB
AnonHugePages:         0 kB
Swap:                  0 kB
KernelPageSize:        4 kB
MMUPageSize:           4 kB
Locked:                0 kB
7f7c24000000-7f7c24022000 rw-p 00000000 00:00 0 
Size:                136 kB
Rss:                   4 kB
Pss:                   4 kB
Shared_Clean:          0 kB
Shared_Dirty:          0 kB
Private_Clean:         0 kB
Private_Dirty:         4 kB
Referenced:            0 kB
Anonymous:             4 kB
AnonHugePages:         0 kB
Swap:                  4 kB
KernelPageSize:        4 kB
MMUPageSize:           4 kB
Locked:                0 kB
7f7c24022000-7f7c28000000 ---p 00000000 00:00 0 
Size:              65400 kB
Rss:                   0 kB
Pss:                   0 kB
Shared_Clean:          0 kB
Shared_Dirty:          0 kB
Private_Clean:         0 kB
Private_Dirty:         0 kB
Referenced:            0 kB
Anonymous:             0 kB
AnonHugePages:         0 kB
Swap:                  0 kB
KernelPageSize:        4 kB
MMUPageSize:           4 kB
Locked:                0 kB
7f7c28000000-7f7c28022000 rw-p 00000000 00:00 0 
Size:                136 kB
Rss:                   4 kB
Pss:                   4 kB
Shared_Clean:          0 kB
Shared_Dirty:          0 kB
Private_Clean:         0 kB
Private_Dirty:         4 kB
Referenced:            0 kB
Anonymous:             4 kB
AnonHugePages:         0 kB
Swap:                  4 kB
KernelPageSize:        4 kB
MMUPageSize:           4 kB
Locked:                0 kB
7f7c28022000-7f7c2c000000 ---p 00000000 00:00 0 
Size:              65400 kB
Rss:                   0 kB
Pss:                   0 kB
Shared_Clean:          0 kB
Shared_Dirty:          0 kB
Private_Clean:         0 kB
Private_Dirty:         0 kB
Referenced:            0 kB
Anonymous:             0 kB
AnonHugePages:         0 kB
Swap:                  0 kB
KernelPageSize:        4 kB
MMUPageSize:           4 kB
Locked:                0 kB
7f7c2c000000-7f7c2c022000 rw-p 00000000 00:00 0 
Size:                136 kB
Rss:                   4 kB
Pss:                   4 kB
Shared_Clean:          0 kB
Shared_Dirty:          0 kB
Private_Clean:         0 kB
Private_Dirty:         4 kB
Referenced:            0 kB
Anonymous:             4 kB
AnonHugePages:         0 kB
Swap:                  4 kB
KernelPageSize:        4 kB
MMUPageSize:           4 kB
Locked:                0 kB
7f7c2c022000-7f7c30000000 ---p 00000000 00:00 0 
Size:              65400 kB
Rss:                   0 kB
Pss:                   0 kB
Shared_Clean:          0 kB
Shared_Dirty:          0 kB
Private_Clean:         0 kB
Private_Dirty:         0 kB
Referenced:            0 kB
Anonymous:             0 kB
AnonHugePages:         0 kB
Swap:                  0 kB
KernelPageSize:        4 kB
MMUPageSize:           4 kB
Locked:                0 kB
7f7c30000000-7f7c30022000 rw-p 00000000 00:00 0 
Size:                136 kB
Rss:                   4 kB
Pss:                   4 kB
Shared_Clean:          0 kB
Shared_Dirty:          0 kB
Private_Clean:         0 kB
Private_Dirty:         4 kB
Referenced:            0 kB
Anonymous:             4 kB
AnonHugePages:         0 kB
Swap:                  4 kB
KernelPageSize:        4 kB
MMUPageSize:           4 kB
Locked:                0 kB
7f7c30022000-7f7c34000000 ---p 00000000 00:00 0 
Size:              65400 kB
Rss:                   0 kB
Pss:                   0 kB
Shared_Clean:          0 kB
Shared_Dirty:          0 kB
Private_Clean:         0 kB
Private_Dirty:         0 kB
Referenced:            0 kB
Anonymous:             0 kB
AnonHugePages:         0 kB
Swap:                  0 kB
KernelPageSize:        4 kB
MMUPageSize:           4 kB
Locked:                0 kB
7f7c34000000-7f7c34022000 rw-p 00000000 00:00 0 
Size:                136 kB
Rss:                   4 kB
Pss:                   4 kB
Shared_Clean:          0 kB
Shared_Dirty:          0 kB
Private_Clean:         0 kB
Private_Dirty:         4 kB
Referenced:            0 kB
Anonymous:             4 kB
AnonHugePages:         0 kB
Swap:                  4 kB
KernelPageSize:        4 kB
MMUPageSize:           4 kB
Locked:                0 kB
7f7c34022000-7f7c38000000 ---p 00000000 00:00 0 
Size:              65400 kB
Rss:                   0 kB
Pss:                   0 kB
Shared_Clean:          0 kB
Shared_Dirty:          0 kB
Private_Clean:         0 kB
Private_Dirty:         0 kB
Referenced:            0 kB
Anonymous:             0 kB
AnonHugePages:         0 kB
Swap:                  0 kB
KernelPageSize:        4 kB
MMUPageSize:           4 kB
Locked:                0 kB
7f7c38000000-7f7c38022000 rw-p 00000000 00:00 0 
Size:                136 kB
Rss:                   4 kB
Pss:                   4 kB
Shared_Clean:          0 kB
Shared_Dirty:          0 kB
Private_Clean:         0 kB
Private_Dirty:         4 kB
Referenced:            0 kB
Anonymous:             4 kB
AnonHugePages:         0 kB
Swap:                  4 kB
KernelPageSize:        4 kB
MMUPageSize:           4 kB
Locked:                0 kB
7f7c38022000-7f7c3c000000 ---p 00000000 00:00 0 
Size:              65400 kB
Rss:                   0 kB
Pss:                   0 kB
Shared_Clean:          0 kB
Shared_Dirty:          0 kB
Private_Clean:         0 kB
Private_Dirty:         0 kB
Referenced:            0 kB
Anonymous:             0 kB
AnonHugePages:         0 kB
Swap:                  0 kB
KernelPageSize:        4 kB
MMUPageSize:           4 kB
Locked:                0 kB
7f7c3c000000-7f7c3c022000 rw-p 00000000 00:00 0 
Size:                136 kB
Rss:                   4 kB
Pss:                   4 kB
Shared_Clean:          0 kB
Shared_Dirty:          0 kB
Private_Clean:         0 kB
Private_Dirty:         4 kB
Referenced:            0 kB
Anonymous:             4 kB
AnonHugePages:         0 kB
Swap:                  4 kB
KernelPageSize:        4 kB
MMUPageSize:           4 kB
Locked:                0 kB
7f7c3c022000-7f7c40000000 ---p 00000000 00:00 0 
Size:              65400 kB
Rss:                   0 kB
Pss:                   0 kB
Shared_Clean:          0 kB
Shared_Dirty:          0 kB
Private_Clean:         0 kB
Private_Dirty:         0 kB
Referenced:            0 kB
Anonymous:             0 kB
AnonHugePages:         0 kB
Swap:                  0 kB
KernelPageSize:        4 kB
MMUPageSize:           4 kB
Locked:                0 kB
7f7c40000000-7f7c40022000 rw-p 00000000 00:00 0 
Size:                136 kB
Rss:                   4 kB
Pss:                   4 kB
Shared_Clean:          0 kB
Shared_Dirty:          0 kB
Private_Clean:         0 kB
Private_Dirty:         4 kB
Referenced:            0 kB
Anonymous:             4 kB
AnonHugePages:         0 kB
Swap:                  4 kB
KernelPageSize:        4 kB
MMUPageSize:           4 kB
Locked:                0 kB
7f7c40022000-7f7c44000000 ---p 00000000 00:00 0 
Size:              65400 kB
Rss:                   0 kB
Pss:                   0 kB
Shared_Clean:          0 kB
Shared_Dirty:          0 kB
Private_Clean:         0 kB
Private_Dirty:         0 kB
Referenced:            0 kB
Anonymous:             0 kB
AnonHugePages:         0 kB
Swap:                  0 kB
KernelPageSize:        4 kB
MMUPageSize:           4 kB
Locked:                0 kB
7f7c44000000-7f7c44022000 rw-p 00000000 00:00 0 
Size:                136 kB
Rss:                   4 kB
Pss:                   4 kB
Shared_Clean:          0 kB
Shared_Dirty:          0 kB
Private_Clean:         0 kB
Private_Dirty:         4 kB
Referenced:            0 kB
Anonymous:             4 kB
AnonHugePages:         0 kB
Swap:                  4 kB
KernelPageSize:        4 kB
MMUPageSize:           4 kB
Locked:                0 kB
7f7c44022000-7f7c48000000 ---p 00000000 00:00 0 
Size:              65400 kB
Rss:                   0 kB
Pss:                   0 kB
Shared_Clean:          0 kB
Shared_Dirty:          0 kB
Private_Clean:         0 kB
Private_Dirty:         0 kB
Referenced:            0 kB
Anonymous:             0 kB
AnonHugePages:         0 kB
Swap:                  0 kB
KernelPageSize:        4 kB
MMUPageSize:           4 kB
Locked:                0 kB
7f7c48000000-7f7c48022000 rw-p 00000000 00:00 0 
Size:                136 kB
Rss:                   4 kB
Pss:                   4 kB
Shared_Clean:          0 kB
Shared_Dirty:          0 kB
Private_Clean:         0 kB
Private_Dirty:         4 kB
Referenced:            0 kB
Anonymous:             4 kB
AnonHugePages:         0 kB
Swap:                  4 kB
KernelPageSize:        4 kB
MMUPageSize:           4 kB
Locked:                0 kB
7f7c48022000-7f7c4c000000 ---p 00000000 00:00 0 
Size:              65400 kB
Rss:                   0 kB
Pss:                   0 kB
Shared_Clean:          0 kB
Shared_Dirty:          0 kB
Private_Clean:         0 kB
Private_Dirty:         0 kB
Referenced:            0 kB
Anonymous:             0 kB
AnonHugePages:         0 kB
Swap:                  0 kB
KernelPageSize:        4 kB
MMUPageSize:           4 kB
Locked:                0 kB
7f7c4c000000-7f7c4c022000 rw-p 00000000 00:00 0 
Size:                136 kB
Rss:                   4 kB
Pss:                   4 kB
Shared_Clean:          0 kB
Shared_Dirty:          0 kB
Private_Clean:         0 kB
Private_Dirty:         4 kB
Referenced:            0 kB
Anonymous:             4 kB
AnonHugePages:         0 kB
Swap:                  4 kB
KernelPageSize:        4 kB
MMUPageSize:           4 kB
Locked:                0 kB
7f7c4c022000-7f7c50000000 ---p 00000000 00:00 0 
Size:              65400 kB
Rss:                   0 kB
Pss:                   0 kB
Shared_Clean:          0 kB
Shared_Dirty:          0 kB
Private_Clean:         0 kB
Private_Dirty:         0 kB
Referenced:            0 kB
Anonymous:             0 kB
AnonHugePages:         0 kB
Swap:                  0 kB
KernelPageSize:        4 kB
MMUPageSize:           4 kB
Locked:                0 kB
7f7c50000000-7f7c50022000 rw-p 00000000 00:00 0 
Size:                136 kB
Rss:                   4 kB
Pss:                   4 kB
Shared_Clean:          0 kB
Shared_Dirty:          0 kB
Private_Clean:         0 kB
Private_Dirty:         4 kB
Referenced:            0 kB
Anonymous:             4 kB
AnonHugePages:         0 kB
Swap:                  4 kB
KernelPageSize:        4 kB
MMUPageSize:           4 kB
Locked:                0 kB
7f7c50022000-7f7c54000000 ---p 00000000 00:00 0 
Size:              65400 kB
Rss:                   0 kB
Pss:                   0 kB
Shared_Clean:          0 kB
Shared_Dirty:          0 kB
Private_Clean:         0 kB
Private_Dirty:         0 kB
Referenced:            0 kB
Anonymous:             0 kB
AnonHugePages:         0 kB
Swap:                  0 kB
KernelPageSize:        4 kB
MMUPageSize:           4 kB
Locked:                0 kB
7f7c54000000-7f7c54022000 rw-p 00000000 00:00 0 
Size:                136 kB
Rss:                   4 kB
Pss:                   4 kB
Shared_Clean:          0 kB
Shared_Dirty:          0 kB
Private_Clean:         0 kB
Private_Dirty:         4 kB
Referenced:            0 kB
Anonymous:             4 kB
AnonHugePages:         0 kB
Swap:                  4 kB
KernelPageSize:        4 kB
MMUPageSize:           4 kB
Locked:                0 kB
7f7c54022000-7f7c58000000 ---p 00000000 00:00 0 
Size:              65400 kB
Rss:                   0 kB
Pss:                   0 kB
Shared_Clean:          0 kB
Shared_Dirty:          0 kB
Private_Clean:         0 kB
Private_Dirty:         0 kB
Referenced:            0 kB
Anonymous:             0 kB
AnonHugePages:         0 kB
Swap:                  0 kB
KernelPageSize:        4 kB
MMUPageSize:           4 kB
Locked:                0 kB
7f7c58000000-7f7c58022000 rw-p 00000000 00:00 0 
Size:                136 kB
Rss:                   4 kB
Pss:                   4 kB
Shared_Clean:          0 kB
Shared_Dirty:          0 kB
Private_Clean:         0 kB
Private_Dirty:         4 kB
Referenced:            0 kB
Anonymous:             4 kB
AnonHugePages:         0 kB
Swap:                  4 kB
KernelPageSize:        4 kB
MMUPageSize:           4 kB
Locked:                0 kB
7f7c58022000-7f7c5c000000 ---p 00000000 00:00 0 
Size:              65400 kB
Rss:                   0 kB
Pss:                   0 kB
Shared_Clean:          0 kB
Shared_Dirty:          0 kB
Private_Clean:         0 kB
Private_Dirty:         0 kB
Referenced:            0 kB
Anonymous:             0 kB
AnonHugePages:         0 kB
Swap:                  0 kB
KernelPageSize:        4 kB
MMUPageSize:           4 kB
Locked:                0 kB
7f7c5c000000-7f7c5c022000 rw-p 00000000 00:00 0 
Size:                136 kB
Rss:                   4 kB
Pss:                   4 kB
Shared_Clean:          0 kB
Shared_Dirty:          0 kB
Private_Clean:         0 kB
Private_Dirty:         4 kB
Referenced:            0 kB
Anonymous:             4 kB
AnonHugePages:         0 kB
Swap:                  4 kB
KernelPageSize:        4 kB
MMUPageSize:           4 kB
Locked:                0 kB
7f7c5c022000-7f7c60000000 ---p 00000000 00:00 0 
Size:              65400 kB
Rss:                   0 kB
Pss:                   0 kB
Shared_Clean:          0 kB
Shared_Dirty:          0 kB
Private_Clean:         0 kB
Private_Dirty:         0 kB
Referenced:            0 kB
Anonymous:             0 kB
AnonHugePages:         0 kB
Swap:                  0 kB
KernelPageSize:        4 kB
MMUPageSize:           4 kB
Locked:                0 kB
7f7c60000000-7f7c60022000 rw-p 00000000 00:00 0 
Size:                136 kB
Rss:                   4 kB
Pss:                   4 kB
Shared_Clean:          0 kB
Shared_Dirty:          0 kB
Private_Clean:         0 kB
Private_Dirty:         4 kB
Referenced:            0 kB
Anonymous:             4 kB
AnonHugePages:         0 kB
Swap:                  4 kB
KernelPageSize:        4 kB
MMUPageSize:           4 kB
Locked:                0 kB
7f7c60022000-7f7c64000000 ---p 00000000 00:00 0 
Size:              65400 kB
Rss:                   0 kB
Pss:                   0 kB
Shared_Clean:          0 kB
Shared_Dirty:          0 kB
Private_Clean:         0 kB
Private_Dirty:         0 kB
Referenced:            0 kB
Anonymous:             0 kB
AnonHugePages:         0 kB
Swap:                  0 kB
KernelPageSize:        4 kB
MMUPageSize:           4 kB
Locked:                0 kB
7f7c64000000-7f7c64022000 rw-p 00000000 00:00 0 
Size:                136 kB
Rss:                   4 kB
Pss:                   4 kB
Shared_Clean:          0 kB
Shared_Dirty:          0 kB
Private_Clean:         0 kB
Private_Dirty:         4 kB
Referenced:            0 kB
Anonymous:             4 kB
AnonHugePages:         0 kB
Swap:                  4 kB
KernelPageSize:        4 kB
MMUPageSize:           4 kB
Locked:                0 kB
7f7c64022000-7f7c68000000 ---p 00000000 00:00 0 
Size:              65400 kB
Rss:                   0 kB
Pss:                   0 kB
Shared_Clean:          0 kB
Shared_Dirty:          0 kB
Private_Clean:         0 kB
Private_Dirty:         0 kB
Referenced:            0 kB
Anonymous:             0 kB
AnonHugePages:         0 kB
Swap:                  0 kB
KernelPageSize:        4 kB
MMUPageSize:           4 kB
Locked:                0 kB
7f7c68000000-7f7c68022000 rw-p 00000000 00:00 0 
Size:                136 kB
Rss:                   4 kB
Pss:                   4 kB
Shared_Clean:          0 kB
Shared_Dirty:          0 kB
Private_Clean:         0 kB
Private_Dirty:         4 kB
Referenced:            0 kB
Anonymous:             4 kB
AnonHugePages:         0 kB
Swap:                  4 kB
KernelPageSize:        4 kB
MMUPageSize:           4 kB
Locked:                0 kB
7f7c68022000-7f7c6c000000 ---p 00000000 00:00 0 
Size:              65400 kB
Rss:                   0 kB
Pss:                   0 kB
Shared_Clean:          0 kB
Shared_Dirty:          0 kB
Private_Clean:         0 kB
Private_Dirty:         0 kB
Referenced:            0 kB
Anonymous:             0 kB
AnonHugePages:         0 kB
Swap:                  0 kB
KernelPageSize:        4 kB
MMUPageSize:           4 kB
Locked:                0 kB
7f7c6c000000-7f7c6c022000 rw-p 00000000 00:00 0 
Size:                136 kB
Rss:                   4 kB
Pss:                   4 kB
Shared_Clean:          0 kB
Shared_Dirty:          0 kB
Private_Clean:         0 kB
Private_Dirty:         4 kB
Referenced:            0 kB
Anonymous:             4 kB
AnonHugePages:         0 kB
Swap:                  4 kB
KernelPageSize:        4 kB
MMUPageSize:           4 kB
Locked:                0 kB
7f7c6c022000-7f7c70000000 ---p 00000000 00:00 0 
Size:              65400 kB
Rss:                   0 kB
Pss:                   0 kB
Shared_Clean:          0 kB
Shared_Dirty:          0 kB
Private_Clean:         0 kB
Private_Dirty:         0 kB
Referenced:            0 kB
Anonymous:             0 kB
AnonHugePages:         0 kB
Swap:                  0 kB
KernelPageSize:        4 kB
MMUPageSize:           4 kB
Locked:                0 kB
7f7c70000000-7f7c70022000 rw-p 00000000 00:00 0 
Size:                136 kB
Rss:                   4 kB
Pss:                   4 kB
Shared_Clean:          0 kB
Shared_Dirty:          0 kB
Private_Clean:         0 kB
Private_Dirty:         4 kB
Referenced:            0 kB
Anonymous:             4 kB
AnonHugePages:         0 kB
Swap:                  4 kB
KernelPageSize:        4 kB
MMUPageSize:           4 kB
Locked:                0 kB
7f7c70022000-7f7c74000000 ---p 00000000 00:00 0 
Size:              65400 kB
Rss:                   0 kB
Pss:                   0 kB
Shared_Clean:          0 kB
Shared_Dirty:          0 kB
Private_Clean:         0 kB
Private_Dirty:         0 kB
Referenced:            0 kB
Anonymous:             0 kB
AnonHugePages:         0 kB
Swap:                  0 kB
KernelPageSize:        4 kB
MMUPageSize:           4 kB
Locked:                0 kB
7f7c74000000-7f7c74022000 rw-p 00000000 00:00 0 
Size:                136 kB
Rss:                   4 kB
Pss:                   4 kB
Shared_Clean:          0 kB
Shared_Dirty:          0 kB
Private_Clean:         0 kB
Private_Dirty:         4 kB
Referenced:            0 kB
Anonymous:             4 kB
AnonHugePages:         0 kB
Swap:                  4 kB
KernelPageSize:        4 kB
MMUPageSize:           4 kB
Locked:                0 kB
7f7c74022000-7f7c78000000 ---p 00000000 00:00 0 
Size:              65400 kB
Rss:                   0 kB
Pss:                   0 kB
Shared_Clean:          0 kB
Shared_Dirty:          0 kB
Private_Clean:         0 kB
Private_Dirty:         0 kB
Referenced:            0 kB
Anonymous:             0 kB
AnonHugePages:         0 kB
Swap:                  0 kB
KernelPageSize:        4 kB
MMUPageSize:           4 kB
Locked:                0 kB
7f7c78000000-7f7c78022000 rw-p 00000000 00:00 0 
Size:                136 kB
Rss:                   4 kB
Pss:                   4 kB
Shared_Clean:          0 kB
Shared_Dirty:          0 kB
Private_Clean:         0 kB
Private_Dirty:         4 kB
Referenced:            0 kB
Anonymous:             4 kB
AnonHugePages:         0 kB
Swap:                  4 kB
KernelPageSize:        4 kB
MMUPageSize:           4 kB
Locked:                0 kB
7f7c78022000-7f7c7c000000 ---p 00000000 00:00 0 
Size:              65400 kB
Rss:                   0 kB
Pss:                   0 kB
Shared_Clean:          0 kB
Shared_Dirty:          0 kB
Private_Clean:         0 kB
Private_Dirty:         0 kB
Referenced:            0 kB
Anonymous:             0 kB
AnonHugePages:         0 kB
Swap:                  0 kB
KernelPageSize:        4 kB
MMUPageSize:           4 kB
Locked:                0 kB
7f7c7c000000-7f7c7c022000 rw-p 00000000 00:00 0 
Size:                136 kB
Rss:                   4 kB
Pss:                   4 kB
Shared_Clean:          0 kB
Shared_Dirty:          0 kB
Private_Clean:         0 kB
Private_Dirty:         4 kB
Referenced:            0 kB
Anonymous:             4 kB
AnonHugePages:         0 kB
Swap:                  4 kB
KernelPageSize:        4 kB
MMUPageSize:           4 kB
Locked:                0 kB
7f7c7c022000-7f7c80000000 ---p 00000000 00:00 0 
Size:              65400 kB
Rss:                   0 kB
Pss:                   0 kB
Shared_Clean:          0 kB
Shared_Dirty:          0 kB
Private_Clean:         0 kB
Private_Dirty:         0 kB
Referenced:            0 kB
Anonymous:             0 kB
AnonHugePages:         0 kB
Swap:                  0 kB
KernelPageSize:        4 kB
MMUPageSize:           4 kB
Locked:                0 kB
7f7c80000000-7f7c80022000 rw-p 00000000 00:00 0 
Size:                136 kB
Rss:                   4 kB
Pss:                   4 kB
Shared_Clean:          0 kB
Shared_Dirty:          0 kB
Private_Clean:         0 kB
Private_Dirty:         4 kB
Referenced:            0 kB
Anonymous:             4 kB
AnonHugePages:         0 kB
Swap:                  4 kB
KernelPageSize:        4 kB
MMUPageSize:           4 kB
Locked:                0 kB
7f7c80022000-7f7c84000000 ---p 00000000 00:00 0 
Size:              65400 kB
Rss:                   0 kB
Pss:                   0 kB
Shared_Clean:          0 kB
Shared_Dirty:          0 kB
Private_Clean:         0 kB
Private_Dirty:         0 kB
Referenced:            0 kB
Anonymous:             0 kB
AnonHugePages:         0 kB
Swap:                  0 kB
KernelPageSize:        4 kB
MMUPageSize:           4 kB
Locked:                0 kB
7f7c84000000-7f7c84022000 rw-p 00000000 00:00 0 
Size:                136 kB
Rss:                   4 kB
Pss:                   4 kB
Shared_Clean:          0 kB
Shared_Dirty:          0 kB
Private_Clean:         0 kB
Private_Dirty:         4 kB
Referenced:            0 kB
Anonymous:             4 kB
AnonHugePages:         0 kB
Swap:                  4 kB
KernelPageSize:        4 kB
MMUPageSize:           4 kB
Locked:                0 kB
7f7c84022000-7f7c88000000 ---p 00000000 00:00 0 
Size:              65400 kB
Rss:                   0 kB
Pss:                   0 kB
Shared_Clean:          0 kB
Shared_Dirty:          0 kB
Private_Clean:         0 kB
Private_Dirty:         0 kB
Referenced:            0 kB
Anonymous:             0 kB
AnonHugePages:         0 kB
Swap:                  0 kB
KernelPageSize:        4 kB
MMUPageSize:           4 kB
Locked:                0 kB
7f7c88000000-7f7c88022000 rw-p 00000000 00:00 0 
Size:                136 kB
Rss:                   4 kB
Pss:                   4 kB
Shared_Clean:          0 kB
Shared_Dirty:          0 kB
Private_Clean:         0 kB
Private_Dirty:         4 kB
Referenced:            0 kB
Anonymous:             4 kB
AnonHugePages:         0 kB
Swap:                  4 kB
KernelPageSize:        4 kB
MMUPageSize:           4 kB
Locked:                0 kB
7f7c88022000-7f7c8c000000 ---p 00000000 00:00 0 
Size:              65400 kB
Rss:                   0 kB
Pss:                   0 kB
Shared_Clean:          0 kB
Shared_Dirty:          0 kB
Private_Clean:         0 kB
Private_Dirty:         0 kB
Referenced:            0 kB
Anonymous:             0 kB
AnonHugePages:         0 kB
Swap:                  0 kB
KernelPageSize:        4 kB
MMUPageSize:           4 kB
Locked:                0 kB
7f7c8c000000-7f7c8c022000 rw-p 00000000 00:00 0 
Size:                136 kB
Rss:                   4 kB
Pss:                   4 kB
Shared_Clean:          0 kB
Shared_Dirty:          0 kB
Private_Clean:         0 kB
Private_Dirty:         4 kB
Referenced:            0 kB
Anonymous:             4 kB
AnonHugePages:         0 kB
Swap:                  4 kB
KernelPageSize:        4 kB
MMUPageSize:           4 kB
Locked:                0 kB
7f7c8c022000-7f7c90000000 ---p 00000000 00:00 0 
Size:              65400 kB
Rss:                   0 kB
Pss:                   0 kB
Shared_Clean:          0 kB
Shared_Dirty:          0 kB
Private_Clean:         0 kB
Private_Dirty:         0 kB
Referenced:            0 kB
Anonymous:             0 kB
AnonHugePages:         0 kB
Swap:                  0 kB
KernelPageSize:        4 kB
MMUPageSize:           4 kB
Locked:                0 kB
7f7c90000000-7f7c90022000 rw-p 00000000 00:00 0 
Size:                136 kB
Rss:                   4 kB
Pss:                   4 kB
Shared_Clean:          0 kB
Shared_Dirty:          0 kB
Private_Clean:         0 kB
Private_Dirty:         4 kB
Referenced:            0 kB
Anonymous:             4 kB
AnonHugePages:         0 kB
Swap:                  4 kB
KernelPageSize:        4 kB
MMUPageSize:           4 kB
Locked:                0 kB
7f7c90022000-7f7c94000000 ---p 00000000 00:00 0 
Size:              65400 kB
Rss:                   0 kB
Pss:                   0 kB
Shared_Clean:          0 kB
Shared_Dirty:          0 kB
Private_Clean:         0 kB
Private_Dirty:         0 kB
Referenced:            0 kB
Anonymous:             0 kB
AnonHugePages:         0 kB
Swap:                  0 kB
KernelPageSize:        4 kB
MMUPageSize:           4 kB
Locked:                0 kB
7f7c94000000-7f7c94022000 rw-p 00000000 00:00 0 
Size:                136 kB
Rss:                   4 kB
Pss:                   4 kB
Shared_Clean:          0 kB
Shared_Dirty:          0 kB
Private_Clean:         0 kB
Private_Dirty:         4 kB
Referenced:            0 kB
Anonymous:             4 kB
AnonHugePages:         0 kB
Swap:                  4 kB
KernelPageSize:        4 kB
MMUPageSize:           4 kB
Locked:                0 kB
7f7c94022000-7f7c98000000 ---p 00000000 00:00 0 
Size:              65400 kB
Rss:                   0 kB
Pss:                   0 kB
Shared_Clean:          0 kB
Shared_Dirty:          0 kB
Private_Clean:         0 kB
Private_Dirty:         0 kB
Referenced:            0 kB
Anonymous:             0 kB
AnonHugePages:         0 kB
Swap:                  0 kB
KernelPageSize:        4 kB
MMUPageSize:           4 kB
Locked:                0 kB
7f7c98000000-7f7c98022000 rw-p 00000000 00:00 0 
Size:                136 kB
Rss:                   4 kB
Pss:                   4 kB
Shared_Clean:          0 kB
Shared_Dirty:          0 kB
Private_Clean:         0 kB
Private_Dirty:         4 kB
Referenced:            0 kB
Anonymous:             4 kB
AnonHugePages:         0 kB
Swap:                  4 kB
KernelPageSize:        4 kB
MMUPageSize:           4 kB
Locked:                0 kB
7f7c98022000-7f7c9c000000 ---p 00000000 00:00 0 
Size:              65400 kB
Rss:                   0 kB
Pss:                   0 kB
Shared_Clean:          0 kB
Shared_Dirty:          0 kB
Private_Clean:         0 kB
Private_Dirty:         0 kB
Referenced:            0 kB
Anonymous:             0 kB
AnonHugePages:         0 kB
Swap:                  0 kB
KernelPageSize:        4 kB
MMUPageSize:           4 kB
Locked:                0 kB
7f7c9c000000-7f7c9c022000 rw-p 00000000 00:00 0 
Size:                136 kB
Rss:                   4 kB
Pss:                   4 kB
Shared_Clean:          0 kB
Shared_Dirty:          0 kB
Private_Clean:         0 kB
Private_Dirty:         4 kB
Referenced:            0 kB
Anonymous:             4 kB
AnonHugePages:         0 kB
Swap:                  4 kB
KernelPageSize:        4 kB
MMUPageSize:           4 kB
Locked:                0 kB
7f7c9c022000-7f7ca0000000 ---p 00000000 00:00 0 
Size:              65400 kB
Rss:                   0 kB
Pss:                   0 kB
Shared_Clean:          0 kB
Shared_Dirty:          0 kB
Private_Clean:         0 kB
Private_Dirty:         0 kB
Referenced:            0 kB
Anonymous:             0 kB
AnonHugePages:         0 kB
Swap:                  0 kB
KernelPageSize:        4 kB
MMUPageSize:           4 kB
Locked:                0 kB
7f7ca0000000-7f7ca0022000 rw-p 00000000 00:00 0 
Size:                136 kB
Rss:                   4 kB
Pss:                   4 kB
Shared_Clean:          0 kB
Shared_Dirty:          0 kB
Private_Clean:         0 kB
Private_Dirty:         4 kB
Referenced:            0 kB
Anonymous:             4 kB
AnonHugePages:         0 kB
Swap:                  4 kB
KernelPageSize:        4 kB
MMUPageSize:           4 kB
Locked:                0 kB
7f7ca0022000-7f7ca4000000 ---p 00000000 00:00 0 
Size:              65400 kB
Rss:                   0 kB
Pss:                   0 kB
Shared_Clean:          0 kB
Shared_Dirty:          0 kB
Private_Clean:         0 kB
Private_Dirty:         0 kB
Referenced:            0 kB
Anonymous:             0 kB
AnonHugePages:         0 kB
Swap:                  0 kB
KernelPageSize:        4 kB
MMUPageSize:           4 kB
Locked:                0 kB
7f7ca4000000-7f7ca4022000 rw-p 00000000 00:00 0 
Size:                136 kB
Rss:                   4 kB
Pss:                   4 kB
Shared_Clean:          0 kB
Shared_Dirty:          0 kB
Private_Clean:         0 kB
Private_Dirty:         4 kB
Referenced:            0 kB
Anonymous:             4 kB
AnonHugePages:         0 kB
Swap:                  4 kB
KernelPageSize:        4 kB
MMUPageSize:           4 kB
Locked:                0 kB
7f7ca4022000-7f7ca8000000 ---p 00000000 00:00 0 
Size:              65400 kB
Rss:                   0 kB
Pss:                   0 kB
Shared_Clean:          0 kB
Shared_Dirty:          0 kB
Private_Clean:         0 kB
Private_Dirty:         0 kB
Referenced:            0 kB
Anonymous:             0 kB
AnonHugePages:         0 kB
Swap:                  0 kB
KernelPageSize:        4 kB
MMUPageSize:           4 kB
Locked:                0 kB
7f7ca8000000-7f7ca8022000 rw-p 00000000 00:00 0 
Size:                136 kB
Rss:                   4 kB
Pss:                   4 kB
Shared_Clean:          0 kB
Shared_Dirty:          0 kB
Private_Clean:         0 kB
Private_Dirty:         4 kB
Referenced:            0 kB
Anonymous:             4 kB
AnonHugePages:         0 kB
Swap:                  4 kB
KernelPageSize:        4 kB
MMUPageSize:           4 kB
Locked:                0 kB
7f7ca8022000-7f7cac000000 ---p 00000000 00:00 0 
Size:              65400 kB
Rss:                   0 kB
Pss:                   0 kB
Shared_Clean:          0 kB
Shared_Dirty:          0 kB
Private_Clean:         0 kB
Private_Dirty:         0 kB
Referenced:            0 kB
Anonymous:             0 kB
AnonHugePages:         0 kB
Swap:                  0 kB
KernelPageSize:        4 kB
MMUPageSize:           4 kB
Locked:                0 kB
7f7cac000000-7f7cac022000 rw-p 00000000 00:00 0 
Size:                136 kB
Rss:                   4 kB
Pss:                   4 kB
Shared_Clean:          0 kB
Shared_Dirty:          0 kB
Private_Clean:         0 kB
Private_Dirty:         4 kB
Referenced:            0 kB
Anonymous:             4 kB
AnonHugePages:         0 kB
Swap:                  4 kB
KernelPageSize:        4 kB
MMUPageSize:           4 kB
Locked:                0 kB
7f7cac022000-7f7cb0000000 ---p 00000000 00:00 0 
Size:              65400 kB
Rss:                   0 kB
Pss:                   0 kB
Shared_Clean:          0 kB
Shared_Dirty:          0 kB
Private_Clean:         0 kB
Private_Dirty:         0 kB
Referenced:            0 kB
Anonymous:             0 kB
AnonHugePages:         0 kB
Swap:                  0 kB
KernelPageSize:        4 kB
MMUPageSize:           4 kB
Locked:                0 kB
7f7cb0000000-7f7cb0022000 rw-p 00000000 00:00 0 
Size:                136 kB
Rss:                   4 kB
Pss:                   4 kB
Shared_Clean:          0 kB
Shared_Dirty:          0 kB
Private_Clean:         0 kB
Private_Dirty:         4 kB
Referenced:            0 kB
Anonymous:             4 kB
AnonHugePages:         0 kB
Swap:                  4 kB
KernelPageSize:        4 kB
MMUPageSize:           4 kB
Locked:                0 kB
7f7cb0022000-7f7cb4000000 ---p 00000000 00:00 0 
Size:              65400 kB
Rss:                   0 kB
Pss:                   0 kB
Shared_Clean:          0 kB
Shared_Dirty:          0 kB
Private_Clean:         0 kB
Private_Dirty:         0 kB
Referenced:            0 kB
Anonymous:             0 kB
AnonHugePages:         0 kB
Swap:                  0 kB
KernelPageSize:        4 kB
MMUPageSize:           4 kB
Locked:                0 kB
7f7cb4000000-7f7cb4022000 rw-p 00000000 00:00 0 
Size:                136 kB
Rss:                   4 kB
Pss:                   4 kB
Shared_Clean:          0 kB
Shared_Dirty:          0 kB
Private_Clean:         0 kB
Private_Dirty:         4 kB
Referenced:            0 kB
Anonymous:             4 kB
AnonHugePages:         0 kB
Swap:                  4 kB
KernelPageSize:        4 kB
MMUPageSize:           4 kB
Locked:                0 kB
7f7cb4022000-7f7cb8000000 ---p 00000000 00:00 0 
Size:              65400 kB
Rss:                   0 kB
Pss:                   0 kB
Shared_Clean:          0 kB
Shared_Dirty:          0 kB
Private_Clean:         0 kB
Private_Dirty:         0 kB
Referenced:            0 kB
Anonymous:             0 kB
AnonHugePages:         0 kB
Swap:                  0 kB
KernelPageSize:        4 kB
MMUPageSize:           4 kB
Locked:                0 kB
7f7cb8000000-7f7cb8022000 rw-p 00000000 00:00 0 
Size:                136 kB
Rss:                   4 kB
Pss:                   4 kB
Shared_Clean:          0 kB
Shared_Dirty:          0 kB
Private_Clean:         0 kB
Private_Dirty:         4 kB
Referenced:            0 kB
Anonymous:             4 kB
AnonHugePages:         0 kB
Swap:                  4 kB
KernelPageSize:        4 kB
MMUPageSize:           4 kB
Locked:                0 kB
7f7cb8022000-7f7cbc000000 ---p 00000000 00:00 0 
Size:              65400 kB
Rss:                   0 kB
Pss:                   0 kB
Shared_Clean:          0 kB
Shared_Dirty:          0 kB
Private_Clean:         0 kB
Private_Dirty:         0 kB
Referenced:            0 kB
Anonymous:             0 kB
AnonHugePages:         0 kB
Swap:                  0 kB
KernelPageSize:        4 kB
MMUPageSize:           4 kB
Locked:                0 kB
7f7cbc000000-7f7cbc022000 rw-p 00000000 00:00 0 
Size:                136 kB
Rss:                   4 kB
Pss:                   4 kB
Shared_Clean:          0 kB
Shared_Dirty:          0 kB
Private_Clean:         0 kB
Private_Dirty:         4 kB
Referenced:            0 kB
Anonymous:             4 kB
AnonHugePages:         0 kB
Swap:                  4 kB
KernelPageSize:        4 kB
MMUPageSize:           4 kB
Locked:                0 kB
7f7cbc022000-7f7cc0000000 ---p 00000000 00:00 0 
Size:              65400 kB
Rss:                   0 kB
Pss:                   0 kB
Shared_Clean:          0 kB
Shared_Dirty:          0 kB
Private_Clean:         0 kB
Private_Dirty:         0 kB
Referenced:            0 kB
Anonymous:             0 kB
AnonHugePages:         0 kB
Swap:                  0 kB
KernelPageSize:        4 kB
MMUPageSize:           4 kB
Locked:                0 kB
7f7cc0000000-7f7cc0022000 rw-p 00000000 00:00 0 
Size:                136 kB
Rss:                   4 kB
Pss:                   4 kB
Shared_Clean:          0 kB
Shared_Dirty:          0 kB
Private_Clean:         0 kB
Private_Dirty:         4 kB
Referenced:            0 kB
Anonymous:             4 kB
AnonHugePages:         0 kB
Swap:                  4 kB
KernelPageSize:        4 kB
MMUPageSize:           4 kB
Locked:                0 kB
7f7cc0022000-7f7cc4000000 ---p 00000000 00:00 0 
Size:              65400 kB
Rss:                   0 kB
Pss:                   0 kB
Shared_Clean:          0 kB
Shared_Dirty:          0 kB
Private_Clean:         0 kB
Private_Dirty:         0 kB
Referenced:            0 kB
Anonymous:             0 kB
AnonHugePages:         0 kB
Swap:                  0 kB
KernelPageSize:        4 kB
MMUPageSize:           4 kB
Locked:                0 kB
7f7cc4000000-7f7cc4022000 rw-p 00000000 00:00 0 
Size:                136 kB
Rss:                   4 kB
Pss:                   4 kB
Shared_Clean:          0 kB
Shared_Dirty:          0 kB
Private_Clean:         0 kB
Private_Dirty:         4 kB
Referenced:            0 kB
Anonymous:             4 kB
AnonHugePages:         0 kB
Swap:                  4 kB
KernelPageSize:        4 kB
MMUPageSize:           4 kB
Locked:                0 kB
7f7cc4022000-7f7cc8000000 ---p 00000000 00:00 0 
Size:              65400 kB
Rss:                   0 kB
Pss:                   0 kB
Shared_Clean:          0 kB
Shared_Dirty:          0 kB
Private_Clean:         0 kB
Private_Dirty:         0 kB
Referenced:            0 kB
Anonymous:             0 kB
AnonHugePages:         0 kB
Swap:                  0 kB
KernelPageSize:        4 kB
MMUPageSize:           4 kB
Locked:                0 kB
7f7cc8000000-7f7cc8022000 rw-p 00000000 00:00 0 
Size:                136 kB
Rss:                   4 kB
Pss:                   4 kB
Shared_Clean:          0 kB
Shared_Dirty:          0 kB
Private_Clean:         0 kB
Private_Dirty:         4 kB
Referenced:            0 kB
Anonymous:             4 kB
AnonHugePages:         0 kB
Swap:                  4 kB
KernelPageSize:        4 kB
MMUPageSize:           4 kB
Locked:                0 kB
7f7cc8022000-7f7ccc000000 ---p 00000000 00:00 0 
Size:              65400 kB
Rss:                   0 kB
Pss:                   0 kB
Shared_Clean:          0 kB
Shared_Dirty:          0 kB
Private_Clean:         0 kB
Private_Dirty:         0 kB
Referenced:            0 kB
Anonymous:             0 kB
AnonHugePages:         0 kB
Swap:                  0 kB
KernelPageSize:        4 kB
MMUPageSize:           4 kB
Locked:                0 kB
7f7ccc000000-7f7ccc022000 rw-p 00000000 00:00 0 
Size:                136 kB
Rss:                   4 kB
Pss:                   4 kB
Shared_Clean:          0 kB
Shared_Dirty:          0 kB
Private_Clean:         0 kB
Private_Dirty:         4 kB
Referenced:            0 kB
Anonymous:             4 kB
AnonHugePages:         0 kB
Swap:                  4 kB
KernelPageSize:        4 kB
MMUPageSize:           4 kB
Locked:                0 kB
7f7ccc022000-7f7cd0000000 ---p 00000000 00:00 0 
Size:              65400 kB
Rss:                   0 kB
Pss:                   0 kB
Shared_Clean:          0 kB
Shared_Dirty:          0 kB
Private_Clean:         0 kB
Private_Dirty:         0 kB
Referenced:            0 kB
Anonymous:             0 kB
AnonHugePages:         0 kB
Swap:                  0 kB
KernelPageSize:        4 kB
MMUPageSize:           4 kB
Locked:                0 kB
7f7cd3fef000-7f7cd3ff0000 ---p 00000000 00:00 0 
Size:                  4 kB
Rss:                   0 kB
Pss:                   0 kB
Shared_Clean:          0 kB
Shared_Dirty:          0 kB
Private_Clean:         0 kB
Private_Dirty:         0 kB
Referenced:            0 kB
Anonymous:             0 kB
AnonHugePages:         0 kB
Swap:                  0 kB
KernelPageSize:        4 kB
MMUPageSize:           4 kB
Locked:                0 kB
7f7cd3ff0000-7f7cd4000000 rw-p 00000000 00:00 0                          [stack:2930]
Size:                 64 kB
Rss:                   0 kB
Pss:                   0 kB
Shared_Clean:          0 kB
Shared_Dirty:          0 kB
Private_Clean:         0 kB
Private_Dirty:         0 kB
Referenced:            0 kB
Anonymous:             0 kB
AnonHugePages:         0 kB
Swap:                  8 kB
KernelPageSize:        4 kB
MMUPageSize:           4 kB
Locked:                0 kB
7f7cd4000000-7f7cd4022000 rw-p 00000000 00:00 0 
Size:                136 kB
Rss:                   4 kB
Pss:                   4 kB
Shared_Clean:          0 kB
Shared_Dirty:          0 kB
Private_Clean:         0 kB
Private_Dirty:         4 kB
Referenced:            0 kB
Anonymous:             4 kB
AnonHugePages:         0 kB
Swap:                  4 kB
KernelPageSize:        4 kB
MMUPageSize:           4 kB
Locked:                0 kB
7f7cd4022000-7f7cd8000000 ---p 00000000 00:00 0 
Size:              65400 kB
Rss:                   0 kB
Pss:                   0 kB
Shared_Clean:          0 kB
Shared_Dirty:          0 kB
Private_Clean:         0 kB
Private_Dirty:         0 kB
Referenced:            0 kB
Anonymous:             0 kB
AnonHugePages:         0 kB
Swap:                  0 kB
KernelPageSize:        4 kB
MMUPageSize:           4 kB
Locked:                0 kB
7f7cd8000000-7f7cd8022000 rw-p 00000000 00:00 0 
Size:                136 kB
Rss:                   4 kB
Pss:                   4 kB
Shared_Clean:          0 kB
Shared_Dirty:          0 kB
Private_Clean:         0 kB
Private_Dirty:         4 kB
Referenced:            0 kB
Anonymous:             4 kB
AnonHugePages:         0 kB
Swap:                  4 kB
KernelPageSize:        4 kB
MMUPageSize:           4 kB
Locked:                0 kB
7f7cd8022000-7f7cdc000000 ---p 00000000 00:00 0 
Size:              65400 kB
Rss:                   0 kB
Pss:                   0 kB
Shared_Clean:          0 kB
Shared_Dirty:          0 kB
Private_Clean:         0 kB
Private_Dirty:         0 kB
Referenced:            0 kB
Anonymous:             0 kB
AnonHugePages:         0 kB
Swap:                  0 kB
KernelPageSize:        4 kB
MMUPageSize:           4 kB
Locked:                0 kB
7f7cdc000000-7f7cdc021000 rw-p 00000000 00:00 0 
Size:                132 kB
Rss:                  12 kB
Pss:                  12 kB
Shared_Clean:          0 kB
Shared_Dirty:          0 kB
Private_Clean:         0 kB
Private_Dirty:        12 kB
Referenced:            8 kB
Anonymous:            12 kB
AnonHugePages:         0 kB
Swap:                  0 kB
KernelPageSize:        4 kB
MMUPageSize:           4 kB
Locked:                0 kB
7f7cdc021000-7f7ce0000000 ---p 00000000 00:00 0 
Size:              65404 kB
Rss:                   0 kB
Pss:                   0 kB
Shared_Clean:          0 kB
Shared_Dirty:          0 kB
Private_Clean:         0 kB
Private_Dirty:         0 kB
Referenced:            0 kB
Anonymous:             0 kB
AnonHugePages:         0 kB
Swap:                  0 kB
KernelPageSize:        4 kB
MMUPageSize:           4 kB
Locked:                0 kB
7f7ce0a8d000-7f7ce0a8e000 ---p 00000000 00:00 0 
Size:                  4 kB
Rss:                   0 kB
Pss:                   0 kB
Shared_Clean:          0 kB
Shared_Dirty:          0 kB
Private_Clean:         0 kB
Private_Dirty:         0 kB
Referenced:            0 kB
Anonymous:             0 kB
AnonHugePages:         0 kB
Swap:                  0 kB
KernelPageSize:        4 kB
MMUPageSize:           4 kB
Locked:                0 kB
7f7ce0a8e000-7f7ce128e000 rw-p 00000000 00:00 0                          [stack:2990]
Size:               8192 kB
Rss:                   8 kB
Pss:                   8 kB
Shared_Clean:          0 kB
Shared_Dirty:          0 kB
Private_Clean:         0 kB
Private_Dirty:         8 kB
Referenced:            8 kB
Anonymous:             8 kB
AnonHugePages:         0 kB
Swap:                  0 kB
KernelPageSize:        4 kB
MMUPageSize:           4 kB
Locked:                0 kB
7f7ce128e000-7f7ce128f000 ---p 00000000 00:00 0 
Size:                  4 kB
Rss:                   0 kB
Pss:                   0 kB
Shared_Clean:          0 kB
Shared_Dirty:          0 kB
Private_Clean:         0 kB
Private_Dirty:         0 kB
Referenced:            0 kB
Anonymous:             0 kB
AnonHugePages:         0 kB
Swap:                  0 kB
KernelPageSize:        4 kB
MMUPageSize:           4 kB
Locked:                0 kB
7f7ce128f000-7f7ce1a8f000 rw-p 00000000 00:00 0                          [stack:2989]
Size:               8192 kB
Rss:                   8 kB
Pss:                   8 kB
Shared_Clean:          0 kB
Shared_Dirty:          0 kB
Private_Clean:         0 kB
Private_Dirty:         8 kB
Referenced:            8 kB
Anonymous:             8 kB
AnonHugePages:         0 kB
Swap:                  0 kB
KernelPageSize:        4 kB
MMUPageSize:           4 kB
Locked:                0 kB
7f7ce1a8f000-7f7ce1a90000 ---p 00000000 00:00 0 
Size:                  4 kB
Rss:                   0 kB
Pss:                   0 kB
Shared_Clean:          0 kB
Shared_Dirty:          0 kB
Private_Clean:         0 kB
Private_Dirty:         0 kB
Referenced:            0 kB
Anonymous:             0 kB
AnonHugePages:         0 kB
Swap:                  0 kB
KernelPageSize:        4 kB
MMUPageSize:           4 kB
Locked:                0 kB
7f7ce1a90000-7f7ce1aa0000 rw-p 00000000 00:00 0                          [stack:2987]
Size:                 64 kB
Rss:                   0 kB
Pss:                   0 kB
Shared_Clean:          0 kB
Shared_Dirty:          0 kB
Private_Clean:         0 kB
Private_Dirty:         0 kB
Referenced:            0 kB
Anonymous:             0 kB
AnonHugePages:         0 kB
Swap:                  8 kB
KernelPageSize:        4 kB
MMUPageSize:           4 kB
Locked:                0 kB
7f7ce1aa0000-7f7ce1aa1000 ---p 00000000 00:00 0 
Size:                  4 kB
Rss:                   0 kB
Pss:                   0 kB
Shared_Clean:          0 kB
Shared_Dirty:          0 kB
Private_Clean:         0 kB
Private_Dirty:         0 kB
Referenced:            0 kB
Anonymous:             0 kB
AnonHugePages:         0 kB
Swap:                  0 kB
KernelPageSize:        4 kB
MMUPageSize:           4 kB
Locked:                0 kB
7f7ce1aa1000-7f7ce1ab1000 rw-p 00000000 00:00 0                          [stack:2986]
Size:                 64 kB
Rss:                   0 kB
Pss:                   0 kB
Shared_Clean:          0 kB
Shared_Dirty:          0 kB
Private_Clean:         0 kB
Private_Dirty:         0 kB
Referenced:            0 kB
Anonymous:             0 kB
AnonHugePages:         0 kB
Swap:                  8 kB
KernelPageSize:        4 kB
MMUPageSize:           4 kB
Locked:                0 kB
7f7ce1ab1000-7f7ce1ab2000 ---p 00000000 00:00 0 
Size:                  4 kB
Rss:                   0 kB
Pss:                   0 kB
Shared_Clean:          0 kB
Shared_Dirty:          0 kB
Private_Clean:         0 kB
Private_Dirty:         0 kB
Referenced:            0 kB
Anonymous:             0 kB
AnonHugePages:         0 kB
Swap:                  0 kB
KernelPageSize:        4 kB
MMUPageSize:           4 kB
Locked:                0 kB
7f7ce1ab2000-7f7ce1ac2000 rw-p 00000000 00:00 0                          [stack:2985]
Size:                 64 kB
Rss:                   0 kB
Pss:                   0 kB
Shared_Clean:          0 kB
Shared_Dirty:          0 kB
Private_Clean:         0 kB
Private_Dirty:         0 kB
Referenced:            0 kB
Anonymous:             0 kB
AnonHugePages:         0 kB
Swap:                  8 kB
KernelPageSize:        4 kB
MMUPageSize:           4 kB
Locked:                0 kB
7f7ce1ac2000-7f7ce1ac3000 ---p 00000000 00:00 0 
Size:                  4 kB
Rss:                   0 kB
Pss:                   0 kB
Shared_Clean:          0 kB
Shared_Dirty:          0 kB
Private_Clean:         0 kB
Private_Dirty:         0 kB
Referenced:            0 kB
Anonymous:             0 kB
AnonHugePages:         0 kB
Swap:                  0 kB
KernelPageSize:        4 kB
MMUPageSize:           4 kB
Locked:                0 kB
7f7ce1ac3000-7f7ce1ad3000 rw-p 00000000 00:00 0                          [stack:2984]
Size:                 64 kB
Rss:                   0 kB
Pss:                   0 kB
Shared_Clean:          0 kB
Shared_Dirty:          0 kB
Private_Clean:         0 kB
Private_Dirty:         0 kB
Referenced:            0 kB
Anonymous:             0 kB
AnonHugePages:         0 kB
Swap:                  8 kB
KernelPageSize:        4 kB
MMUPageSize:           4 kB
Locked:                0 kB
7f7ce1ad3000-7f7ce1ad4000 ---p 00000000 00:00 0 
Size:                  4 kB
Rss:                   0 kB
Pss:                   0 kB
Shared_Clean:          0 kB
Shared_Dirty:          0 kB
Private_Clean:         0 kB
Private_Dirty:         0 kB
Referenced:            0 kB
Anonymous:             0 kB
AnonHugePages:         0 kB
Swap:                  0 kB
KernelPageSize:        4 kB
MMUPageSize:           4 kB
Locked:                0 kB
7f7ce1ad4000-7f7ce1ae4000 rw-p 00000000 00:00 0                          [stack:2983]
Size:                 64 kB
Rss:                   0 kB
Pss:                   0 kB
Shared_Clean:          0 kB
Shared_Dirty:          0 kB
Private_Clean:         0 kB
Private_Dirty:         0 kB
Referenced:            0 kB
Anonymous:             0 kB
AnonHugePages:         0 kB
Swap:                  8 kB
KernelPageSize:        4 kB
MMUPageSize:           4 kB
Locked:                0 kB
7f7ce1ae4000-7f7ce1ae5000 ---p 00000000 00:00 0 
Size:                  4 kB
Rss:                   0 kB
Pss:                   0 kB
Shared_Clean:          0 kB
Shared_Dirty:          0 kB
Private_Clean:         0 kB
Private_Dirty:         0 kB
Referenced:            0 kB
Anonymous:             0 kB
AnonHugePages:         0 kB
Swap:                  0 kB
KernelPageSize:        4 kB
MMUPageSize:           4 kB
Locked:                0 kB
7f7ce1ae5000-7f7ce1af5000 rw-p 00000000 00:00 0                          [stack:2982]
Size:                 64 kB
Rss:                   0 kB
Pss:                   0 kB
Shared_Clean:          0 kB
Shared_Dirty:          0 kB
Private_Clean:         0 kB
Private_Dirty:         0 kB
Referenced:            0 kB
Anonymous:             0 kB
AnonHugePages:         0 kB
Swap:                  8 kB
KernelPageSize:        4 kB
MMUPageSize:           4 kB
Locked:                0 kB
7f7ce1af5000-7f7ce1af6000 ---p 00000000 00:00 0 
Size:                  4 kB
Rss:                   0 kB
Pss:                   0 kB
Shared_Clean:          0 kB
Shared_Dirty:          0 kB
Private_Clean:         0 kB
Private_Dirty:         0 kB
Referenced:            0 kB
Anonymous:             0 kB
AnonHugePages:         0 kB
Swap:                  0 kB
KernelPageSize:        4 kB
MMUPageSize:           4 kB
Locked:                0 kB
7f7ce1af6000-7f7ce1b06000 rw-p 00000000 00:00 0                          [stack:2981]
Size:                 64 kB
Rss:                   0 kB
Pss:                   0 kB
Shared_Clean:          0 kB
Shared_Dirty:          0 kB
Private_Clean:         0 kB
Private_Dirty:         0 kB
Referenced:            0 kB
Anonymous:             0 kB
AnonHugePages:         0 kB
Swap:                  8 kB
KernelPageSize:        4 kB
MMUPageSize:           4 kB
Locked:                0 kB
7f7ce1b06000-7f7ce1b07000 ---p 00000000 00:00 0 
Size:                  4 kB
Rss:                   0 kB
Pss:                   0 kB
Shared_Clean:          0 kB
Shared_Dirty:          0 kB
Private_Clean:         0 kB
Private_Dirty:         0 kB
Referenced:            0 kB
Anonymous:             0 kB
AnonHugePages:         0 kB
Swap:                  0 kB
KernelPageSize:        4 kB
MMUPageSize:           4 kB
Locked:                0 kB
7f7ce1b07000-7f7ce1b17000 rw-p 00000000 00:00 0                          [stack:2980]
Size:                 64 kB
Rss:                   0 kB
Pss:                   0 kB
Shared_Clean:          0 kB
Shared_Dirty:          0 kB
Private_Clean:         0 kB
Private_Dirty:         0 kB
Referenced:            0 kB
Anonymous:             0 kB
AnonHugePages:         0 kB
Swap:                  8 kB
KernelPageSize:        4 kB
MMUPageSize:           4 kB
Locked:                0 kB
7f7ce1b17000-7f7ce1b18000 ---p 00000000 00:00 0 
Size:                  4 kB
Rss:                   0 kB
Pss:                   0 kB
Shared_Clean:          0 kB
Shared_Dirty:          0 kB
Private_Clean:         0 kB
Private_Dirty:         0 kB
Referenced:            0 kB
Anonymous:             0 kB
AnonHugePages:         0 kB
Swap:                  0 kB
KernelPageSize:        4 kB
MMUPageSize:           4 kB
Locked:                0 kB
7f7ce1b18000-7f7ce1b28000 rw-p 00000000 00:00 0                          [stack:2979]
Size:                 64 kB
Rss:                   0 kB
Pss:                   0 kB
Shared_Clean:          0 kB
Shared_Dirty:          0 kB
Private_Clean:         0 kB
Private_Dirty:         0 kB
Referenced:            0 kB
Anonymous:             0 kB
AnonHugePages:         0 kB
Swap:                  8 kB
KernelPageSize:        4 kB
MMUPageSize:           4 kB
Locked:                0 kB
7f7ce1b28000-7f7ce1b29000 ---p 00000000 00:00 0 
Size:                  4 kB
Rss:                   0 kB
Pss:                   0 kB
Shared_Clean:          0 kB
Shared_Dirty:          0 kB
Private_Clean:         0 kB
Private_Dirty:         0 kB
Referenced:            0 kB
Anonymous:             0 kB
AnonHugePages:         0 kB
Swap:                  0 kB
KernelPageSize:        4 kB
MMUPageSize:           4 kB
Locked:                0 kB
7f7ce1b29000-7f7ce1b39000 rw-p 00000000 00:00 0                          [stack:2978]
Size:                 64 kB
Rss:                   0 kB
Pss:                   0 kB
Shared_Clean:          0 kB
Shared_Dirty:          0 kB
Private_Clean:         0 kB
Private_Dirty:         0 kB
Referenced:            0 kB
Anonymous:             0 kB
AnonHugePages:         0 kB
Swap:                  8 kB
KernelPageSize:        4 kB
MMUPageSize:           4 kB
Locked:                0 kB
7f7ce1b39000-7f7ce1b3a000 ---p 00000000 00:00 0 
Size:                  4 kB
Rss:                   0 kB
Pss:                   0 kB
Shared_Clean:          0 kB
Shared_Dirty:          0 kB
Private_Clean:         0 kB
Private_Dirty:         0 kB
Referenced:            0 kB
Anonymous:             0 kB
AnonHugePages:         0 kB
Swap:                  0 kB
KernelPageSize:        4 kB
MMUPageSize:           4 kB
Locked:                0 kB
7f7ce1b3a000-7f7ce1b4a000 rw-p 00000000 00:00 0                          [stack:2977]
Size:                 64 kB
Rss:                   0 kB
Pss:                   0 kB
Shared_Clean:          0 kB
Shared_Dirty:          0 kB
Private_Clean:         0 kB
Private_Dirty:         0 kB
Referenced:            0 kB
Anonymous:             0 kB
AnonHugePages:         0 kB
Swap:                  8 kB
KernelPageSize:        4 kB
MMUPageSize:           4 kB
Locked:                0 kB
7f7ce1b4a000-7f7ce1b4b000 ---p 00000000 00:00 0 
Size:                  4 kB
Rss:                   0 kB
Pss:                   0 kB
Shared_Clean:          0 kB
Shared_Dirty:          0 kB
Private_Clean:         0 kB
Private_Dirty:         0 kB
Referenced:            0 kB
Anonymous:             0 kB
AnonHugePages:         0 kB
Swap:                  0 kB
KernelPageSize:        4 kB
MMUPageSize:           4 kB
Locked:                0 kB
7f7ce1b4b000-7f7ce1b5b000 rw-p 00000000 00:00 0                          [stack:2976]
Size:                 64 kB
Rss:                   0 kB
Pss:                   0 kB
Shared_Clean:          0 kB
Shared_Dirty:          0 kB
Private_Clean:         0 kB
Private_Dirty:         0 kB
Referenced:            0 kB
Anonymous:             0 kB
AnonHugePages:         0 kB
Swap:                  8 kB
KernelPageSize:        4 kB
MMUPageSize:           4 kB
Locked:                0 kB
7f7ce1b5b000-7f7ce1b5c000 ---p 00000000 00:00 0 
Size:                  4 kB
Rss:                   0 kB
Pss:                   0 kB
Shared_Clean:          0 kB
Shared_Dirty:          0 kB
Private_Clean:         0 kB
Private_Dirty:         0 kB
Referenced:            0 kB
Anonymous:             0 kB
AnonHugePages:         0 kB
Swap:                  0 kB
KernelPageSize:        4 kB
MMUPageSize:           4 kB
Locked:                0 kB
7f7ce1b5c000-7f7ce1b6c000 rw-p 00000000 00:00 0                          [stack:2975]
Size:                 64 kB
Rss:                   0 kB
Pss:                   0 kB
Shared_Clean:          0 kB
Shared_Dirty:          0 kB
Private_Clean:         0 kB
Private_Dirty:         0 kB
Referenced:            0 kB
Anonymous:             0 kB
AnonHugePages:         0 kB
Swap:                  8 kB
KernelPageSize:        4 kB
MMUPageSize:           4 kB
Locked:                0 kB
7f7ce1b6c000-7f7ce1b6d000 ---p 00000000 00:00 0 
Size:                  4 kB
Rss:                   0 kB
Pss:                   0 kB
Shared_Clean:          0 kB
Shared_Dirty:          0 kB
Private_Clean:         0 kB
Private_Dirty:         0 kB
Referenced:            0 kB
Anonymous:             0 kB
AnonHugePages:         0 kB
Swap:                  0 kB
KernelPageSize:        4 kB
MMUPageSize:           4 kB
Locked:                0 kB
7f7ce1b6d000-7f7ce1b7d000 rw-p 00000000 00:00 0                          [stack:2974]
Size:                 64 kB
Rss:                   0 kB
Pss:                   0 kB
Shared_Clean:          0 kB
Shared_Dirty:          0 kB
Private_Clean:         0 kB
Private_Dirty:         0 kB
Referenced:            0 kB
Anonymous:             0 kB
AnonHugePages:         0 kB
Swap:                  8 kB
KernelPageSize:        4 kB
MMUPageSize:           4 kB
Locked:                0 kB
7f7ce1b7d000-7f7ce1b7e000 ---p 00000000 00:00 0 
Size:                  4 kB
Rss:                   0 kB
Pss:                   0 kB
Shared_Clean:          0 kB
Shared_Dirty:          0 kB
Private_Clean:         0 kB
Private_Dirty:         0 kB
Referenced:            0 kB
Anonymous:             0 kB
AnonHugePages:         0 kB
Swap:                  0 kB
KernelPageSize:        4 kB
MMUPageSize:           4 kB
Locked:                0 kB
7f7ce1b7e000-7f7ce1b8e000 rw-p 00000000 00:00 0                          [stack:2973]
Size:                 64 kB
Rss:                   0 kB
Pss:                   0 kB
Shared_Clean:          0 kB
Shared_Dirty:          0 kB
Private_Clean:         0 kB
Private_Dirty:         0 kB
Referenced:            0 kB
Anonymous:             0 kB
AnonHugePages:         0 kB
Swap:                  8 kB
KernelPageSize:        4 kB
MMUPageSize:           4 kB
Locked:                0 kB
7f7ce1b8e000-7f7ce1b8f000 ---p 00000000 00:00 0 
Size:                  4 kB
Rss:                   0 kB
Pss:                   0 kB
Shared_Clean:          0 kB
Shared_Dirty:          0 kB
Private_Clean:         0 kB
Private_Dirty:         0 kB
Referenced:            0 kB
Anonymous:             0 kB
AnonHugePages:         0 kB
Swap:                  0 kB
KernelPageSize:        4 kB
MMUPageSize:           4 kB
Locked:                0 kB
7f7ce1b8f000-7f7ce1b9f000 rw-p 00000000 00:00 0                          [stack:2972]
Size:                 64 kB
Rss:                   0 kB
Pss:                   0 kB
Shared_Clean:          0 kB
Shared_Dirty:          0 kB
Private_Clean:         0 kB
Private_Dirty:         0 kB
Referenced:            0 kB
Anonymous:             0 kB
AnonHugePages:         0 kB
Swap:                  8 kB
KernelPageSize:        4 kB
MMUPageSize:           4 kB
Locked:                0 kB
7f7ce1b9f000-7f7ce1ba0000 ---p 00000000 00:00 0 
Size:                  4 kB
Rss:                   0 kB
Pss:                   0 kB
Shared_Clean:          0 kB
Shared_Dirty:          0 kB
Private_Clean:         0 kB
Private_Dirty:         0 kB
Referenced:            0 kB
Anonymous:             0 kB
AnonHugePages:         0 kB
Swap:                  0 kB
KernelPageSize:        4 kB
MMUPageSize:           4 kB
Locked:                0 kB
7f7ce1ba0000-7f7ce1bb0000 rw-p 00000000 00:00 0                          [stack:2971]
Size:                 64 kB
Rss:                   0 kB
Pss:                   0 kB
Shared_Clean:          0 kB
Shared_Dirty:          0 kB
Private_Clean:         0 kB
Private_Dirty:         0 kB
Referenced:            0 kB
Anonymous:             0 kB
AnonHugePages:         0 kB
Swap:                  8 kB
KernelPageSize:        4 kB
MMUPageSize:           4 kB
Locked:                0 kB
7f7ce1bb0000-7f7ce1bb1000 ---p 00000000 00:00 0 
Size:                  4 kB
Rss:                   0 kB
Pss:                   0 kB
Shared_Clean:          0 kB
Shared_Dirty:          0 kB
Private_Clean:         0 kB
Private_Dirty:         0 kB
Referenced:            0 kB
Anonymous:             0 kB
AnonHugePages:         0 kB
Swap:                  0 kB
KernelPageSize:        4 kB
MMUPageSize:           4 kB
Locked:                0 kB
7f7ce1bb1000-7f7ce1bc1000 rw-p 00000000 00:00 0                          [stack:2970]
Size:                 64 kB
Rss:                   0 kB
Pss:                   0 kB
Shared_Clean:          0 kB
Shared_Dirty:          0 kB
Private_Clean:         0 kB
Private_Dirty:         0 kB
Referenced:            0 kB
Anonymous:             0 kB
AnonHugePages:         0 kB
Swap:                  8 kB
KernelPageSize:        4 kB
MMUPageSize:           4 kB
Locked:                0 kB
7f7ce1bc1000-7f7ce1bc2000 ---p 00000000 00:00 0 
Size:                  4 kB
Rss:                   0 kB
Pss:                   0 kB
Shared_Clean:          0 kB
Shared_Dirty:          0 kB
Private_Clean:         0 kB
Private_Dirty:         0 kB
Referenced:            0 kB
Anonymous:             0 kB
AnonHugePages:         0 kB
Swap:                  0 kB
KernelPageSize:        4 kB
MMUPageSize:           4 kB
Locked:                0 kB
7f7ce1bc2000-7f7ce1bd2000 rw-p 00000000 00:00 0                          [stack:2969]
Size:                 64 kB
Rss:                   0 kB
Pss:                   0 kB
Shared_Clean:          0 kB
Shared_Dirty:          0 kB
Private_Clean:         0 kB
Private_Dirty:         0 kB
Referenced:            0 kB
Anonymous:             0 kB
AnonHugePages:         0 kB
Swap:                  8 kB
KernelPageSize:        4 kB
MMUPageSize:           4 kB
Locked:                0 kB
7f7ce1bd2000-7f7ce1bd3000 ---p 00000000 00:00 0 
Size:                  4 kB
Rss:                   0 kB
Pss:                   0 kB
Shared_Clean:          0 kB
Shared_Dirty:          0 kB
Private_Clean:         0 kB
Private_Dirty:         0 kB
Referenced:            0 kB
Anonymous:             0 kB
AnonHugePages:         0 kB
Swap:                  0 kB
KernelPageSize:        4 kB
MMUPageSize:           4 kB
Locked:                0 kB
7f7ce1bd3000-7f7ce1be3000 rw-p 00000000 00:00 0                          [stack:2968]
Size:                 64 kB
Rss:                   0 kB
Pss:                   0 kB
Shared_Clean:          0 kB
Shared_Dirty:          0 kB
Private_Clean:         0 kB
Private_Dirty:         0 kB
Referenced:            0 kB
Anonymous:             0 kB
AnonHugePages:         0 kB
Swap:                  8 kB
KernelPageSize:        4 kB
MMUPageSize:           4 kB
Locked:                0 kB
7f7ce1be3000-7f7ce1be4000 ---p 00000000 00:00 0 
Size:                  4 kB
Rss:                   0 kB
Pss:                   0 kB
Shared_Clean:          0 kB
Shared_Dirty:          0 kB
Private_Clean:         0 kB
Private_Dirty:         0 kB
Referenced:            0 kB
Anonymous:             0 kB
AnonHugePages:         0 kB
Swap:                  0 kB
KernelPageSize:        4 kB
MMUPageSize:           4 kB
Locked:                0 kB
7f7ce1be4000-7f7ce1bf4000 rw-p 00000000 00:00 0                          [stack:2967]
Size:                 64 kB
Rss:                   0 kB
Pss:                   0 kB
Shared_Clean:          0 kB
Shared_Dirty:          0 kB
Private_Clean:         0 kB
Private_Dirty:         0 kB
Referenced:            0 kB
Anonymous:             0 kB
AnonHugePages:         0 kB
Swap:                  8 kB
KernelPageSize:        4 kB
MMUPageSize:           4 kB
Locked:                0 kB
7f7ce1bf4000-7f7ce1bf5000 ---p 00000000 00:00 0 
Size:                  4 kB
Rss:                   0 kB
Pss:                   0 kB
Shared_Clean:          0 kB
Shared_Dirty:          0 kB
Private_Clean:         0 kB
Private_Dirty:         0 kB
Referenced:            0 kB
Anonymous:             0 kB
AnonHugePages:         0 kB
Swap:                  0 kB
KernelPageSize:        4 kB
MMUPageSize:           4 kB
Locked:                0 kB
7f7ce1bf5000-7f7ce1c05000 rw-p 00000000 00:00 0                          [stack:2966]
Size:                 64 kB
Rss:                   0 kB
Pss:                   0 kB
Shared_Clean:          0 kB
Shared_Dirty:          0 kB
Private_Clean:         0 kB
Private_Dirty:         0 kB
Referenced:            0 kB
Anonymous:             0 kB
AnonHugePages:         0 kB
Swap:                  8 kB
KernelPageSize:        4 kB
MMUPageSize:           4 kB
Locked:                0 kB
7f7ce1c05000-7f7ce1c06000 ---p 00000000 00:00 0 
Size:                  4 kB
Rss:                   0 kB
Pss:                   0 kB
Shared_Clean:          0 kB
Shared_Dirty:          0 kB
Private_Clean:         0 kB
Private_Dirty:         0 kB
Referenced:            0 kB
Anonymous:             0 kB
AnonHugePages:         0 kB
Swap:                  0 kB
KernelPageSize:        4 kB
MMUPageSize:           4 kB
Locked:                0 kB
7f7ce1c06000-7f7ce1c16000 rw-p 00000000 00:00 0                          [stack:2965]
Size:                 64 kB
Rss:                   0 kB
Pss:                   0 kB
Shared_Clean:          0 kB
Shared_Dirty:          0 kB
Private_Clean:         0 kB
Private_Dirty:         0 kB
Referenced:            0 kB
Anonymous:             0 kB
AnonHugePages:         0 kB
Swap:                  8 kB
KernelPageSize:        4 kB
MMUPageSize:           4 kB
Locked:                0 kB
7f7ce1c16000-7f7ce1c17000 ---p 00000000 00:00 0 
Size:                  4 kB
Rss:                   0 kB
Pss:                   0 kB
Shared_Clean:          0 kB
Shared_Dirty:          0 kB
Private_Clean:         0 kB
Private_Dirty:         0 kB
Referenced:            0 kB
Anonymous:             0 kB
AnonHugePages:         0 kB
Swap:                  0 kB
KernelPageSize:        4 kB
MMUPageSize:           4 kB
Locked:                0 kB
7f7ce1c17000-7f7ce1c27000 rw-p 00000000 00:00 0                          [stack:2964]
Size:                 64 kB
Rss:                   0 kB
Pss:                   0 kB
Shared_Clean:          0 kB
Shared_Dirty:          0 kB
Private_Clean:         0 kB
Private_Dirty:         0 kB
Referenced:            0 kB
Anonymous:             0 kB
AnonHugePages:         0 kB
Swap:                  8 kB
KernelPageSize:        4 kB
MMUPageSize:           4 kB
Locked:                0 kB
7f7ce1c27000-7f7ce1c28000 ---p 00000000 00:00 0 
Size:                  4 kB
Rss:                   0 kB
Pss:                   0 kB
Shared_Clean:          0 kB
Shared_Dirty:          0 kB
Private_Clean:         0 kB
Private_Dirty:         0 kB
Referenced:            0 kB
Anonymous:             0 kB
AnonHugePages:         0 kB
Swap:                  0 kB
KernelPageSize:        4 kB
MMUPageSize:           4 kB
Locked:                0 kB
7f7ce1c28000-7f7ce1c38000 rw-p 00000000 00:00 0                          [stack:2963]
Size:                 64 kB
Rss:                   0 kB
Pss:                   0 kB
Shared_Clean:          0 kB
Shared_Dirty:          0 kB
Private_Clean:         0 kB
Private_Dirty:         0 kB
Referenced:            0 kB
Anonymous:             0 kB
AnonHugePages:         0 kB
Swap:                  8 kB
KernelPageSize:        4 kB
MMUPageSize:           4 kB
Locked:                0 kB
7f7ce1c38000-7f7ce1c39000 ---p 00000000 00:00 0 
Size:                  4 kB
Rss:                   0 kB
Pss:                   0 kB
Shared_Clean:          0 kB
Shared_Dirty:          0 kB
Private_Clean:         0 kB
Private_Dirty:         0 kB
Referenced:            0 kB
Anonymous:             0 kB
AnonHugePages:         0 kB
Swap:                  0 kB
KernelPageSize:        4 kB
MMUPageSize:           4 kB
Locked:                0 kB
7f7ce1c39000-7f7ce1c49000 rw-p 00000000 00:00 0                          [stack:2962]
Size:                 64 kB
Rss:                   0 kB
Pss:                   0 kB
Shared_Clean:          0 kB
Shared_Dirty:          0 kB
Private_Clean:         0 kB
Private_Dirty:         0 kB
Referenced:            0 kB
Anonymous:             0 kB
AnonHugePages:         0 kB
Swap:                  8 kB
KernelPageSize:        4 kB
MMUPageSize:           4 kB
Locked:                0 kB
7f7ce1c49000-7f7ce1c4a000 ---p 00000000 00:00 0 
Size:                  4 kB
Rss:                   0 kB
Pss:                   0 kB
Shared_Clean:          0 kB
Shared_Dirty:          0 kB
Private_Clean:         0 kB
Private_Dirty:         0 kB
Referenced:            0 kB
Anonymous:             0 kB
AnonHugePages:         0 kB
Swap:                  0 kB
KernelPageSize:        4 kB
MMUPageSize:           4 kB
Locked:                0 kB
7f7ce1c4a000-7f7ce1c5a000 rw-p 00000000 00:00 0                          [stack:2961]
Size:                 64 kB
Rss:                   0 kB
Pss:                   0 kB
Shared_Clean:          0 kB
Shared_Dirty:          0 kB
Private_Clean:         0 kB
Private_Dirty:         0 kB
Referenced:            0 kB
Anonymous:             0 kB
AnonHugePages:         0 kB
Swap:                  8 kB
KernelPageSize:        4 kB
MMUPageSize:           4 kB
Locked:                0 kB
7f7ce1c5a000-7f7ce1c5b000 ---p 00000000 00:00 0 
Size:                  4 kB
Rss:                   0 kB
Pss:                   0 kB
Shared_Clean:          0 kB
Shared_Dirty:          0 kB
Private_Clean:         0 kB
Private_Dirty:         0 kB
Referenced:            0 kB
Anonymous:             0 kB
AnonHugePages:         0 kB
Swap:                  0 kB
KernelPageSize:        4 kB
MMUPageSize:           4 kB
Locked:                0 kB
7f7ce1c5b000-7f7ce1c6b000 rw-p 00000000 00:00 0                          [stack:2960]
Size:                 64 kB
Rss:                   0 kB
Pss:                   0 kB
Shared_Clean:          0 kB
Shared_Dirty:          0 kB
Private_Clean:         0 kB
Private_Dirty:         0 kB
Referenced:            0 kB
Anonymous:             0 kB
AnonHugePages:         0 kB
Swap:                  8 kB
KernelPageSize:        4 kB
MMUPageSize:           4 kB
Locked:                0 kB
7f7ce1c6b000-7f7ce1c6c000 ---p 00000000 00:00 0 
Size:                  4 kB
Rss:                   0 kB
Pss:                   0 kB
Shared_Clean:          0 kB
Shared_Dirty:          0 kB
Private_Clean:         0 kB
Private_Dirty:         0 kB
Referenced:            0 kB
Anonymous:             0 kB
AnonHugePages:         0 kB
Swap:                  0 kB
KernelPageSize:        4 kB
MMUPageSize:           4 kB
Locked:                0 kB
7f7ce1c6c000-7f7ce1c7c000 rw-p 00000000 00:00 0                          [stack:2959]
Size:                 64 kB
Rss:                   0 kB
Pss:                   0 kB
Shared_Clean:          0 kB
Shared_Dirty:          0 kB
Private_Clean:         0 kB
Private_Dirty:         0 kB
Referenced:            0 kB
Anonymous:             0 kB
AnonHugePages:         0 kB
Swap:                  8 kB
KernelPageSize:        4 kB
MMUPageSize:           4 kB
Locked:                0 kB
7f7ce1c7c000-7f7ce1c7d000 ---p 00000000 00:00 0 
Size:                  4 kB
Rss:                   0 kB
Pss:                   0 kB
Shared_Clean:          0 kB
Shared_Dirty:          0 kB
Private_Clean:         0 kB
Private_Dirty:         0 kB
Referenced:            0 kB
Anonymous:             0 kB
AnonHugePages:         0 kB
Swap:                  0 kB
KernelPageSize:        4 kB
MMUPageSize:           4 kB
Locked:                0 kB
7f7ce1c7d000-7f7ce1c8d000 rw-p 00000000 00:00 0                          [stack:2958]
Size:                 64 kB
Rss:                   0 kB
Pss:                   0 kB
Shared_Clean:          0 kB
Shared_Dirty:          0 kB
Private_Clean:         0 kB
Private_Dirty:         0 kB
Referenced:            0 kB
Anonymous:             0 kB
AnonHugePages:         0 kB
Swap:                  8 kB
KernelPageSize:        4 kB
MMUPageSize:           4 kB
Locked:                0 kB
7f7ce1c8d000-7f7ce1c8e000 ---p 00000000 00:00 0 
Size:                  4 kB
Rss:                   0 kB
Pss:                   0 kB
Shared_Clean:          0 kB
Shared_Dirty:          0 kB
Private_Clean:         0 kB
Private_Dirty:         0 kB
Referenced:            0 kB
Anonymous:             0 kB
AnonHugePages:         0 kB
Swap:                  0 kB
KernelPageSize:        4 kB
MMUPageSize:           4 kB
Locked:                0 kB
7f7ce1c8e000-7f7ce1c9e000 rw-p 00000000 00:00 0                          [stack:2957]
Size:                 64 kB
Rss:                   0 kB
Pss:                   0 kB
Shared_Clean:          0 kB
Shared_Dirty:          0 kB
Private_Clean:         0 kB
Private_Dirty:         0 kB
Referenced:            0 kB
Anonymous:             0 kB
AnonHugePages:         0 kB
Swap:                  8 kB
KernelPageSize:        4 kB
MMUPageSize:           4 kB
Locked:                0 kB
7f7ce1c9e000-7f7ce1c9f000 ---p 00000000 00:00 0 
Size:                  4 kB
Rss:                   0 kB
Pss:                   0 kB
Shared_Clean:          0 kB
Shared_Dirty:          0 kB
Private_Clean:         0 kB
Private_Dirty:         0 kB
Referenced:            0 kB
Anonymous:             0 kB
AnonHugePages:         0 kB
Swap:                  0 kB
KernelPageSize:        4 kB
MMUPageSize:           4 kB
Locked:                0 kB
7f7ce1c9f000-7f7ce1caf000 rw-p 00000000 00:00 0                          [stack:2956]
Size:                 64 kB
Rss:                   0 kB
Pss:                   0 kB
Shared_Clean:          0 kB
Shared_Dirty:          0 kB
Private_Clean:         0 kB
Private_Dirty:         0 kB
Referenced:            0 kB
Anonymous:             0 kB
AnonHugePages:         0 kB
Swap:                  8 kB
KernelPageSize:        4 kB
MMUPageSize:           4 kB
Locked:                0 kB
7f7ce1caf000-7f7ce1cb0000 ---p 00000000 00:00 0 
Size:                  4 kB
Rss:                   0 kB
Pss:                   0 kB
Shared_Clean:          0 kB
Shared_Dirty:          0 kB
Private_Clean:         0 kB
Private_Dirty:         0 kB
Referenced:            0 kB
Anonymous:             0 kB
AnonHugePages:         0 kB
Swap:                  0 kB
KernelPageSize:        4 kB
MMUPageSize:           4 kB
Locked:                0 kB
7f7ce1cb0000-7f7ce1cc0000 rw-p 00000000 00:00 0                          [stack:2955]
Size:                 64 kB
Rss:                   0 kB
Pss:                   0 kB
Shared_Clean:          0 kB
Shared_Dirty:          0 kB
Private_Clean:         0 kB
Private_Dirty:         0 kB
Referenced:            0 kB
Anonymous:             0 kB
AnonHugePages:         0 kB
Swap:                  8 kB
KernelPageSize:        4 kB
MMUPageSize:           4 kB
Locked:                0 kB
7f7ce1cc0000-7f7ce1cc2000 r-xp 00000000 fc:09 790017                     /lib/x86_64-linux-gnu/libdl-2.15.so
Size:                  8 kB
Rss:                   8 kB
Pss:                   0 kB
Shared_Clean:          8 kB
Shared_Dirty:          0 kB
Private_Clean:         0 kB
Private_Dirty:         0 kB
Referenced:            8 kB
Anonymous:             0 kB
AnonHugePages:         0 kB
Swap:                  0 kB
KernelPageSize:        4 kB
MMUPageSize:           4 kB
Locked:                0 kB
7f7ce1cc2000-7f7ce1ec2000 ---p 00002000 fc:09 790017                     /lib/x86_64-linux-gnu/libdl-2.15.so
Size:               2048 kB
Rss:                   0 kB
Pss:                   0 kB
Shared_Clean:          0 kB
Shared_Dirty:          0 kB
Private_Clean:         0 kB
Private_Dirty:         0 kB
Referenced:            0 kB
Anonymous:             0 kB
AnonHugePages:         0 kB
Swap:                  0 kB
KernelPageSize:        4 kB
MMUPageSize:           4 kB
Locked:                0 kB
7f7ce1ec2000-7f7ce1ec3000 r--p 00002000 fc:09 790017                     /lib/x86_64-linux-gnu/libdl-2.15.so
Size:                  4 kB
Rss:                   0 kB
Pss:                   0 kB
Shared_Clean:          0 kB
Shared_Dirty:          0 kB
Private_Clean:         0 kB
Private_Dirty:         0 kB
Referenced:            0 kB
Anonymous:             0 kB
AnonHugePages:         0 kB
Swap:                  4 kB
KernelPageSize:        4 kB
MMUPageSize:           4 kB
Locked:                0 kB
7f7ce1ec3000-7f7ce1ec4000 rw-p 00003000 fc:09 790017                     /lib/x86_64-linux-gnu/libdl-2.15.so
Size:                  4 kB
Rss:                   0 kB
Pss:                   0 kB
Shared_Clean:          0 kB
Shared_Dirty:          0 kB
Private_Clean:         0 kB
Private_Dirty:         0 kB
Referenced:            0 kB
Anonymous:             0 kB
AnonHugePages:         0 kB
Swap:                  4 kB
KernelPageSize:        4 kB
MMUPageSize:           4 kB
Locked:                0 kB
7f7ce1ec4000-7f7ce1edc000 r-xp 00000000 fc:09 790104                     /lib/x86_64-linux-gnu/libresolv-2.15.so
Size:                 96 kB
Rss:                  20 kB
Pss:                   0 kB
Shared_Clean:         20 kB
Shared_Dirty:          0 kB
Private_Clean:         0 kB
Private_Dirty:         0 kB
Referenced:           20 kB
Anonymous:             0 kB
AnonHugePages:         0 kB
Swap:                  0 kB
KernelPageSize:        4 kB
MMUPageSize:           4 kB
Locked:                0 kB
7f7ce1edc000-7f7ce20dc000 ---p 00018000 fc:09 790104                     /lib/x86_64-linux-gnu/libresolv-2.15.so
Size:               2048 kB
Rss:                   0 kB
Pss:                   0 kB
Shared_Clean:          0 kB
Shared_Dirty:          0 kB
Private_Clean:         0 kB
Private_Dirty:         0 kB
Referenced:            0 kB
Anonymous:             0 kB
AnonHugePages:         0 kB
Swap:                  0 kB
KernelPageSize:        4 kB
MMUPageSize:           4 kB
Locked:                0 kB
7f7ce20dc000-7f7ce20dd000 r--p 00018000 fc:09 790104                     /lib/x86_64-linux-gnu/libresolv-2.15.so
Size:                  4 kB
Rss:                   0 kB
Pss:                   0 kB
Shared_Clean:          0 kB
Shared_Dirty:          0 kB
Private_Clean:         0 kB
Private_Dirty:         0 kB
Referenced:            0 kB
Anonymous:             0 kB
AnonHugePages:         0 kB
Swap:                  4 kB
KernelPageSize:        4 kB
MMUPageSize:           4 kB
Locked:                0 kB
7f7ce20dd000-7f7ce20de000 rw-p 00019000 fc:09 790104                     /lib/x86_64-linux-gnu/libresolv-2.15.so
Size:                  4 kB
Rss:                   0 kB
Pss:                   0 kB
Shared_Clean:          0 kB
Shared_Dirty:          0 kB
Private_Clean:         0 kB
Private_Dirty:         0 kB
Referenced:            0 kB
Anonymous:             0 kB
AnonHugePages:         0 kB
Swap:                  4 kB
KernelPageSize:        4 kB
MMUPageSize:           4 kB
Locked:                0 kB
7f7ce20de000-7f7ce20e0000 rw-p 00000000 00:00 0 
Size:                  8 kB
Rss:                   0 kB
Pss:                   0 kB
Shared_Clean:          0 kB
Shared_Dirty:          0 kB
Private_Clean:         0 kB
Private_Dirty:         0 kB
Referenced:            0 kB
Anonymous:             0 kB
AnonHugePages:         0 kB
Swap:                  0 kB
KernelPageSize:        4 kB
MMUPageSize:           4 kB
Locked:                0 kB
7f7ce20e0000-7f7ce20fd000 r-xp 00000000 fc:09 790108                     /lib/x86_64-linux-gnu/libselinux.so.1
Size:                116 kB
Rss:                  36 kB
Pss:                   0 kB
Shared_Clean:         36 kB
Shared_Dirty:          0 kB
Private_Clean:         0 kB
Private_Dirty:         0 kB
Referenced:           36 kB
Anonymous:             0 kB
AnonHugePages:         0 kB
Swap:                  0 kB
KernelPageSize:        4 kB
MMUPageSize:           4 kB
Locked:                0 kB
7f7ce20fd000-7f7ce22fc000 ---p 0001d000 fc:09 790108                     /lib/x86_64-linux-gnu/libselinux.so.1
Size:               2044 kB
Rss:                   0 kB
Pss:                   0 kB
Shared_Clean:          0 kB
Shared_Dirty:          0 kB
Private_Clean:         0 kB
Private_Dirty:         0 kB
Referenced:            0 kB
Anonymous:             0 kB
AnonHugePages:         0 kB
Swap:                  0 kB
KernelPageSize:        4 kB
MMUPageSize:           4 kB
Locked:                0 kB
7f7ce22fc000-7f7ce22fd000 r--p 0001c000 fc:09 790108                     /lib/x86_64-linux-gnu/libselinux.so.1
Size:                  4 kB
Rss:                   0 kB
Pss:                   0 kB
Shared_Clean:          0 kB
Shared_Dirty:          0 kB
Private_Clean:         0 kB
Private_Dirty:         0 kB
Referenced:            0 kB
Anonymous:             0 kB
AnonHugePages:         0 kB
Swap:                  4 kB
KernelPageSize:        4 kB
MMUPageSize:           4 kB
Locked:                0 kB
7f7ce22fd000-7f7ce22fe000 rw-p 0001d000 fc:09 790108                     /lib/x86_64-linux-gnu/libselinux.so.1
Size:                  4 kB
Rss:                   0 kB
Pss:                   0 kB
Shared_Clean:          0 kB
Shared_Dirty:          0 kB
Private_Clean:         0 kB
Private_Dirty:         0 kB
Referenced:            0 kB
Anonymous:             0 kB
AnonHugePages:         0 kB
Swap:                  4 kB
KernelPageSize:        4 kB
MMUPageSize:           4 kB
Locked:                0 kB
7f7ce22fe000-7f7ce22ff000 rw-p 00000000 00:00 0 
Size:                  4 kB
Rss:                   0 kB
Pss:                   0 kB
Shared_Clean:          0 kB
Shared_Dirty:          0 kB
Private_Clean:         0 kB
Private_Dirty:         0 kB
Referenced:            0 kB
Anonymous:             0 kB
AnonHugePages:         0 kB
Swap:                  4 kB
KernelPageSize:        4 kB
MMUPageSize:           4 kB
Locked:                0 kB
7f7ce22ff000-7f7ce2315000 r-xp 00000000 fc:09 790136                     /lib/x86_64-linux-gnu/libz.so.1.2.7
Size:                 88 kB
Rss:                   8 kB
Pss:                   0 kB
Shared_Clean:          8 kB
Shared_Dirty:          0 kB
Private_Clean:         0 kB
Private_Dirty:         0 kB
Referenced:            8 kB
Anonymous:             0 kB
AnonHugePages:         0 kB
Swap:                  0 kB
KernelPageSize:        4 kB
MMUPageSize:           4 kB
Locked:                0 kB
7f7ce2315000-7f7ce2514000 ---p 00016000 fc:09 790136                     /lib/x86_64-linux-gnu/libz.so.1.2.7
Size:               2044 kB
Rss:                   0 kB
Pss:                   0 kB
Shared_Clean:          0 kB
Shared_Dirty:          0 kB
Private_Clean:         0 kB
Private_Dirty:         0 kB
Referenced:            0 kB
Anonymous:             0 kB
AnonHugePages:         0 kB
Swap:                  0 kB
KernelPageSize:        4 kB
MMUPageSize:           4 kB
Locked:                0 kB
7f7ce2514000-7f7ce2515000 r--p 00015000 fc:09 790136                     /lib/x86_64-linux-gnu/libz.so.1.2.7
Size:                  4 kB
Rss:                   0 kB
Pss:                   0 kB
Shared_Clean:          0 kB
Shared_Dirty:          0 kB
Private_Clean:         0 kB
Private_Dirty:         0 kB
Referenced:            0 kB
Anonymous:             0 kB
AnonHugePages:         0 kB
Swap:                  4 kB
KernelPageSize:        4 kB
MMUPageSize:           4 kB
Locked:                0 kB
7f7ce2515000-7f7ce2516000 rw-p 00016000 fc:09 790136                     /lib/x86_64-linux-gnu/libz.so.1.2.7
Size:                  4 kB
Rss:                   0 kB
Pss:                   0 kB
Shared_Clean:          0 kB
Shared_Dirty:          0 kB
Private_Clean:         0 kB
Private_Dirty:         0 kB
Referenced:            0 kB
Anonymous:             0 kB
AnonHugePages:         0 kB
Swap:                  4 kB
KernelPageSize:        4 kB
MMUPageSize:           4 kB
Locked:                0 kB
7f7ce2516000-7f7ce2519000 r-xp 00000000 fc:09 1835390                    /usr/lib/x86_64-linux-gnu/libgmodule-2.0.so.0.3400.1
Size:                 12 kB
Rss:                   8 kB
Pss:                   0 kB
Shared_Clean:          8 kB
Shared_Dirty:          0 kB
Private_Clean:         0 kB
Private_Dirty:         0 kB
Referenced:            8 kB
Anonymous:             0 kB
AnonHugePages:         0 kB
Swap:                  0 kB
KernelPageSize:        4 kB
