00400000-0041f000 r-xp 00000000 fc:09 2229518                            /usr/lib/x86_64-linux-gnu/colord/colord
Size:                124 kB
Rss:                  48 kB
Pss:                  48 kB
Shared_Clean:          0 kB
Shared_Dirty:          0 kB
Private_Clean:        48 kB
Private_Dirty:         0 kB
Referenced:           48 kB
Anonymous:             0 kB
AnonHugePages:         0 kB
Swap:                  0 kB
KernelPageSize:        4 kB
MMUPageSize:           4 kB
Locked:                0 kB
0061f000-00620000 r--p 0001f000 fc:09 2229518                            /usr/lib/x86_64-linux-gnu/colord/colord
Size:                  4 kB
Rss:                   4 kB
Pss:                   4 kB
Shared_Clean:          0 kB
Shared_Dirty:          0 kB
Private_Clean:         0 kB
Private_Dirty:         4 kB
Referenced:            4 kB
Anonymous:             4 kB
AnonHugePages:         0 kB
Swap:                  0 kB
KernelPageSize:        4 kB
MMUPageSize:           4 kB
Locked:                0 kB
00620000-00621000 rw-p 00020000 fc:09 2229518                            /usr/lib/x86_64-linux-gnu/colord/colord
Size:                  4 kB
Rss:                   4 kB
Pss:                   4 kB
Shared_Clean:          0 kB
Shared_Dirty:          0 kB
Private_Clean:         0 kB
Private_Dirty:         4 kB
Referenced:            4 kB
Anonymous:             4 kB
AnonHugePages:         0 kB
Swap:                  0 kB
KernelPageSize:        4 kB
MMUPageSize:           4 kB
Locked:                0 kB
01838000-018e4000 rw-p 00000000 00:00 0                                  [heap]
Size:                688 kB
Rss:                 524 kB
Pss:                 524 kB
Shared_Clean:          0 kB
Shared_Dirty:          0 kB
Private_Clean:         0 kB
Private_Dirty:       524 kB
Referenced:          456 kB
Anonymous:           524 kB
AnonHugePages:         0 kB
Swap:                148 kB
KernelPageSize:        4 kB
MMUPageSize:           4 kB
Locked:                0 kB
7f023c000000-7f023c022000 rw-p 00000000 00:00 0 
Size:                136 kB
Rss:                  52 kB
Pss:                  52 kB
Shared_Clean:          0 kB
Shared_Dirty:          0 kB
Private_Clean:         0 kB
Private_Dirty:        52 kB
Referenced:           52 kB
Anonymous:            52 kB
AnonHugePages:         0 kB
Swap:                  0 kB
KernelPageSize:        4 kB
MMUPageSize:           4 kB
Locked:                0 kB
7f023c022000-7f0240000000 ---p 00000000 00:00 0 
Size:              65400 kB
Rss:                   0 kB
Pss:                   0 kB
Shared_Clean:          0 kB
Shared_Dirty:          0 kB
Private_Clean:         0 kB
Private_Dirty:         0 kB
Referenced:            0 kB
Anonymous:             0 kB
AnonHugePages:         0 kB
Swap:                  0 kB
KernelPageSize:        4 kB
MMUPageSize:           4 kB
Locked:                0 kB
7f0240000000-7f0240021000 rw-p 00000000 00:00 0 
Size:                132 kB
Rss:                   0 kB
Pss:                   0 kB
Shared_Clean:          0 kB
Shared_Dirty:          0 kB
Private_Clean:         0 kB
Private_Dirty:         0 kB
Referenced:            0 kB
Anonymous:             0 kB
AnonHugePages:         0 kB
Swap:                  4 kB
KernelPageSize:        4 kB
MMUPageSize:           4 kB
Locked:                0 kB
7f0240021000-7f0244000000 ---p 00000000 00:00 0 
Size:              65404 kB
Rss:                   0 kB
Pss:                   0 kB
Shared_Clean:          0 kB
Shared_Dirty:          0 kB
Private_Clean:         0 kB
Private_Dirty:         0 kB
Referenced:            0 kB
Anonymous:             0 kB
AnonHugePages:         0 kB
Swap:                  0 kB
KernelPageSize:        4 kB
MMUPageSize:           4 kB
Locked:                0 kB
7f0244000000-7f0244022000 rw-p 00000000 00:00 0 
Size:                136 kB
Rss:                  60 kB
Pss:                  60 kB
Shared_Clean:          0 kB
Shared_Dirty:          0 kB
Private_Clean:         0 kB
Private_Dirty:        60 kB
Referenced:           52 kB
Anonymous:            60 kB
AnonHugePages:         0 kB
Swap:                  0 kB
KernelPageSize:        4 kB
MMUPageSize:           4 kB
Locked:                0 kB
7f0244022000-7f0248000000 ---p 00000000 00:00 0 
Size:              65400 kB
Rss:                   0 kB
Pss:                   0 kB
Shared_Clean:          0 kB
Shared_Dirty:          0 kB
Private_Clean:         0 kB
Private_Dirty:         0 kB
Referenced:            0 kB
Anonymous:             0 kB
AnonHugePages:         0 kB
Swap:                  0 kB
KernelPageSize:        4 kB
MMUPageSize:           4 kB
Locked:                0 kB
7f024a3f8000-7f024a3f9000 ---p 00000000 00:00 0 
Size:                  4 kB
Rss:                   0 kB
Pss:                   0 kB
Shared_Clean:          0 kB
Shared_Dirty:          0 kB
Private_Clean:         0 kB
Private_Dirty:         0 kB
Referenced:            0 kB
Anonymous:             0 kB
AnonHugePages:         0 kB
Swap:                  0 kB
KernelPageSize:        4 kB
MMUPageSize:           4 kB
Locked:                0 kB
7f024a3f9000-7f024abf9000 rw-p 00000000 00:00 0                          [stack:1664]
Size:               8192 kB
Rss:                   4 kB
Pss:                   4 kB
Shared_Clean:          0 kB
Shared_Dirty:          0 kB
Private_Clean:         0 kB
Private_Dirty:         4 kB
Referenced:            0 kB
Anonymous:             4 kB
AnonHugePages:         0 kB
Swap:                  4 kB
KernelPageSize:        4 kB
MMUPageSize:           4 kB
Locked:                0 kB
7f024abf9000-7f024ac05000 r-xp 00000000 fc:09 790067                     /lib/x86_64-linux-gnu/libnss_files-2.15.so
Size:                 48 kB
Rss:                  16 kB
Pss:                   0 kB
Shared_Clean:         16 kB
Shared_Dirty:          0 kB
Private_Clean:         0 kB
Private_Dirty:         0 kB
Referenced:           16 kB
Anonymous:             0 kB
AnonHugePages:         0 kB
Swap:                  0 kB
KernelPageSize:        4 kB
MMUPageSize:           4 kB
Locked:                0 kB
7f024ac05000-7f024ae04000 ---p 0000c000 fc:09 790067                     /lib/x86_64-linux-gnu/libnss_files-2.15.so
Size:               2044 kB
Rss:                   0 kB
Pss:                   0 kB
Shared_Clean:          0 kB
Shared_Dirty:          0 kB
Private_Clean:         0 kB
Private_Dirty:         0 kB
Referenced:            0 kB
Anonymous:             0 kB
AnonHugePages:         0 kB
Swap:                  0 kB
KernelPageSize:        4 kB
MMUPageSize:           4 kB
Locked:                0 kB
7f024ae04000-7f024ae05000 r--p 0000b000 fc:09 790067                     /lib/x86_64-linux-gnu/libnss_files-2.15.so
Size:                  4 kB
Rss:                   0 kB
Pss:                   0 kB
Shared_Clean:          0 kB
Shared_Dirty:          0 kB
Private_Clean:         0 kB
Private_Dirty:         0 kB
Referenced:            0 kB
Anonymous:             0 kB
AnonHugePages:         0 kB
Swap:                  4 kB
KernelPageSize:        4 kB
MMUPageSize:           4 kB
Locked:                0 kB
7f024ae05000-7f024ae06000 rw-p 0000c000 fc:09 790067                     /lib/x86_64-linux-gnu/libnss_files-2.15.so
Size:                  4 kB
Rss:                   0 kB
Pss:                   0 kB
Shared_Clean:          0 kB
Shared_Dirty:          0 kB
Private_Clean:         0 kB
Private_Dirty:         0 kB
Referenced:            0 kB
Anonymous:             0 kB
AnonHugePages:         0 kB
Swap:                  4 kB
KernelPageSize:        4 kB
MMUPageSize:           4 kB
Locked:                0 kB
7f024ae06000-7f024ae10000 r-xp 00000000 fc:09 790071                     /lib/x86_64-linux-gnu/libnss_nis-2.15.so
Size:                 40 kB
Rss:                  20 kB
Pss:                   0 kB
Shared_Clean:         20 kB
Shared_Dirty:          0 kB
Private_Clean:         0 kB
Private_Dirty:         0 kB
Referenced:           20 kB
Anonymous:             0 kB
AnonHugePages:         0 kB
Swap:                  0 kB
KernelPageSize:        4 kB
MMUPageSize:           4 kB
Locked:                0 kB
7f024ae10000-7f024b010000 ---p 0000a000 fc:09 790071                     /lib/x86_64-linux-gnu/libnss_nis-2.15.so
Size:               2048 kB
Rss:                   0 kB
Pss:                   0 kB
Shared_Clean:          0 kB
Shared_Dirty:          0 kB
Private_Clean:         0 kB
Private_Dirty:         0 kB
Referenced:            0 kB
Anonymous:             0 kB
AnonHugePages:         0 kB
Swap:                  0 kB
KernelPageSize:        4 kB
MMUPageSize:           4 kB
Locked:                0 kB
7f024b010000-7f024b011000 r--p 0000a000 fc:09 790071                     /lib/x86_64-linux-gnu/libnss_nis-2.15.so
Size:                  4 kB
Rss:                   4 kB
Pss:                   4 kB
Shared_Clean:          0 kB
Shared_Dirty:          0 kB
Private_Clean:         0 kB
Private_Dirty:         4 kB
Referenced:            0 kB
Anonymous:             4 kB
AnonHugePages:         0 kB
Swap:                  0 kB
KernelPageSize:        4 kB
MMUPageSize:           4 kB
Locked:                0 kB
7f024b011000-7f024b012000 rw-p 0000b000 fc:09 790071                     /lib/x86_64-linux-gnu/libnss_nis-2.15.so
Size:                  4 kB
Rss:                   4 kB
Pss:                   4 kB
Shared_Clean:          0 kB
Shared_Dirty:          0 kB
Private_Clean:         0 kB
Private_Dirty:         4 kB
Referenced:            0 kB
Anonymous:             4 kB
AnonHugePages:         0 kB
Swap:                  0 kB
KernelPageSize:        4 kB
MMUPageSize:           4 kB
Locked:                0 kB
7f024b012000-7f024b029000 r-xp 00000000 fc:09 790061                     /lib/x86_64-linux-gnu/libnsl-2.15.so
Size:                 92 kB
Rss:                  24 kB
Pss:                   0 kB
Shared_Clean:         24 kB
Shared_Dirty:          0 kB
Private_Clean:         0 kB
Private_Dirty:         0 kB
Referenced:           24 kB
Anonymous:             0 kB
AnonHugePages:         0 kB
Swap:                  0 kB
KernelPageSize:        4 kB
MMUPageSize:           4 kB
Locked:                0 kB
7f024b029000-7f024b228000 ---p 00017000 fc:09 790061                     /lib/x86_64-linux-gnu/libnsl-2.15.so
Size:               2044 kB
Rss:                   0 kB
Pss:                   0 kB
Shared_Clean:          0 kB
Shared_Dirty:          0 kB
Private_Clean:         0 kB
Private_Dirty:         0 kB
Referenced:            0 kB
Anonymous:             0 kB
AnonHugePages:         0 kB
Swap:                  0 kB
KernelPageSize:        4 kB
MMUPageSize:           4 kB
Locked:                0 kB
7f024b228000-7f024b229000 r--p 00016000 fc:09 790061                     /lib/x86_64-linux-gnu/libnsl-2.15.so
Size:                  4 kB
Rss:                   0 kB
Pss:                   0 kB
Shared_Clean:          0 kB
Shared_Dirty:          0 kB
Private_Clean:         0 kB
Private_Dirty:         0 kB
Referenced:            0 kB
Anonymous:             0 kB
AnonHugePages:         0 kB
Swap:                  4 kB
KernelPageSize:        4 kB
MMUPageSize:           4 kB
Locked:                0 kB
7f024b229000-7f024b22a000 rw-p 00017000 fc:09 790061                     /lib/x86_64-linux-gnu/libnsl-2.15.so
Size:                  4 kB
Rss:                   0 kB
Pss:                   0 kB
Shared_Clean:          0 kB
Shared_Dirty:          0 kB
Private_Clean:         0 kB
Private_Dirty:         0 kB
Referenced:            0 kB
Anonymous:             0 kB
AnonHugePages:         0 kB
Swap:                  4 kB
KernelPageSize:        4 kB
MMUPageSize:           4 kB
Locked:                0 kB
7f024b22a000-7f024b22c000 rw-p 00000000 00:00 0 
Size:                  8 kB
Rss:                   0 kB
Pss:                   0 kB
Shared_Clean:          0 kB
Shared_Dirty:          0 kB
Private_Clean:         0 kB
Private_Dirty:         0 kB
Referenced:            0 kB
Anonymous:             0 kB
AnonHugePages:         0 kB
Swap:                  0 kB
KernelPageSize:        4 kB
MMUPageSize:           4 kB
Locked:                0 kB
7f024b22c000-7f024b234000 r-xp 00000000 fc:09 790063                     /lib/x86_64-linux-gnu/libnss_compat-2.15.so
Size:                 32 kB
Rss:                  24 kB
Pss:                   0 kB
Shared_Clean:         24 kB
Shared_Dirty:          0 kB
Private_Clean:         0 kB
Private_Dirty:         0 kB
Referenced:           24 kB
Anonymous:             0 kB
AnonHugePages:         0 kB
Swap:                  0 kB
KernelPageSize:        4 kB
MMUPageSize:           4 kB
Locked:                0 kB
7f024b234000-7f024b433000 ---p 00008000 fc:09 790063                     /lib/x86_64-linux-gnu/libnss_compat-2.15.so
Size:               2044 kB
Rss:                   0 kB
Pss:                   0 kB
Shared_Clean:          0 kB
Shared_Dirty:          0 kB
Private_Clean:         0 kB
Private_Dirty:         0 kB
Referenced:            0 kB
Anonymous:             0 kB
AnonHugePages:         0 kB
Swap:                  0 kB
KernelPageSize:        4 kB
MMUPageSize:           4 kB
Locked:                0 kB
7f024b433000-7f024b434000 r--p 00007000 fc:09 790063                     /lib/x86_64-linux-gnu/libnss_compat-2.15.so
Size:                  4 kB
Rss:                   4 kB
Pss:                   4 kB
Shared_Clean:          0 kB
Shared_Dirty:          0 kB
Private_Clean:         0 kB
Private_Dirty:         4 kB
Referenced:            0 kB
Anonymous:             4 kB
AnonHugePages:         0 kB
Swap:                  0 kB
KernelPageSize:        4 kB
MMUPageSize:           4 kB
Locked:                0 kB
7f024b434000-7f024b435000 rw-p 00008000 fc:09 790063                     /lib/x86_64-linux-gnu/libnss_compat-2.15.so
Size:                  4 kB
Rss:                   4 kB
Pss:                   4 kB
Shared_Clean:          0 kB
Shared_Dirty:          0 kB
Private_Clean:         0 kB
Private_Dirty:         4 kB
Referenced:            0 kB
Anonymous:             4 kB
AnonHugePages:         0 kB
Swap:                  0 kB
KernelPageSize:        4 kB
MMUPageSize:           4 kB
Locked:                0 kB
7f024b435000-7f024b44e000 r-xp 00000000 fc:09 2230068                    /usr/lib/x86_64-linux-gnu/gio/modules/libgioremote-volume-monitor.so
Size:                100 kB
Rss:                   0 kB
Pss:                   0 kB
Shared_Clean:          0 kB
Shared_Dirty:          0 kB
Private_Clean:         0 kB
Private_Dirty:         0 kB
Referenced:            0 kB
Anonymous:             0 kB
AnonHugePages:         0 kB
Swap:                  0 kB
KernelPageSize:        4 kB
MMUPageSize:           4 kB
Locked:                0 kB
7f024b44e000-7f024b64e000 ---p 00019000 fc:09 2230068                    /usr/lib/x86_64-linux-gnu/gio/modules/libgioremote-volume-monitor.so
Size:               2048 kB
Rss:                   0 kB
Pss:                   0 kB
Shared_Clean:          0 kB
Shared_Dirty:          0 kB
Private_Clean:         0 kB
Private_Dirty:         0 kB
Referenced:            0 kB
Anonymous:             0 kB
AnonHugePages:         0 kB
Swap:                  0 kB
KernelPageSize:        4 kB
MMUPageSize:           4 kB
Locked:                0 kB
7f024b64e000-7f024b651000 r--p 00019000 fc:09 2230068                    /usr/lib/x86_64-linux-gnu/gio/modules/libgioremote-volume-monitor.so
Size:                 12 kB
Rss:                   0 kB
Pss:                   0 kB
Shared_Clean:          0 kB
Shared_Dirty:          0 kB
Private_Clean:         0 kB
Private_Dirty:         0 kB
Referenced:            0 kB
Anonymous:             0 kB
AnonHugePages:         0 kB
Swap:                 12 kB
KernelPageSize:        4 kB
MMUPageSize:           4 kB
Locked:                0 kB
7f024b651000-7f024b652000 rw-p 0001c000 fc:09 2230068                    /usr/lib/x86_64-linux-gnu/gio/modules/libgioremote-volume-monitor.so
Size:                  4 kB
Rss:                   0 kB
Pss:                   0 kB
Shared_Clean:          0 kB
Shared_Dirty:          0 kB
Private_Clean:         0 kB
Private_Dirty:         0 kB
Referenced:            0 kB
Anonymous:             0 kB
AnonHugePages:         0 kB
Swap:                  4 kB
KernelPageSize:        4 kB
MMUPageSize:           4 kB
Locked:                0 kB
7f024b652000-7f024b653000 ---p 00000000 00:00 0 
Size:                  4 kB
Rss:                   0 kB
Pss:                   0 kB
Shared_Clean:          0 kB
Shared_Dirty:          0 kB
Private_Clean:         0 kB
Private_Dirty:         0 kB
Referenced:            0 kB
Anonymous:             0 kB
AnonHugePages:         0 kB
Swap:                  0 kB
KernelPageSize:        4 kB
MMUPageSize:           4 kB
Locked:                0 kB
7f024b653000-7f024be53000 rw-p 00000000 00:00 0                          [stack:1651]
Size:               8192 kB
Rss:                  12 kB
Pss:                  12 kB
Shared_Clean:          0 kB
Shared_Dirty:          0 kB
Private_Clean:         0 kB
Private_Dirty:        12 kB
Referenced:           12 kB
Anonymous:            12 kB
AnonHugePages:         0 kB
Swap:                  0 kB
KernelPageSize:        4 kB
MMUPageSize:           4 kB
Locked:                0 kB
7f024be53000-7f024be54000 ---p 00000000 00:00 0 
Size:                  4 kB
Rss:                   0 kB
Pss:                   0 kB
Shared_Clean:          0 kB
Shared_Dirty:          0 kB
Private_Clean:         0 kB
Private_Dirty:         0 kB
Referenced:            0 kB
Anonymous:             0 kB
AnonHugePages:         0 kB
Swap:                  0 kB
KernelPageSize:        4 kB
MMUPageSize:           4 kB
Locked:                0 kB
7f024be54000-7f024c658000 rw-p 00000000 00:00 0 
Size:               8208 kB
Rss:                  16 kB
Pss:                  16 kB
Shared_Clean:          0 kB
Shared_Dirty:          0 kB
Private_Clean:         0 kB
Private_Dirty:        16 kB
Referenced:            8 kB
Anonymous:            16 kB
AnonHugePages:         0 kB
Swap:                 12 kB
KernelPageSize:        4 kB
MMUPageSize:           4 kB
Locked:                0 kB
7f024c658000-7f024c65f000 r-xp 00000000 fc:09 790106                     /lib/x86_64-linux-gnu/librt-2.15.so
Size:                 28 kB
Rss:                  20 kB
Pss:                   0 kB
Shared_Clean:         20 kB
Shared_Dirty:          0 kB
Private_Clean:         0 kB
Private_Dirty:         0 kB
Referenced:           20 kB
Anonymous:             0 kB
AnonHugePages:         0 kB
Swap:                  0 kB
KernelPageSize:        4 kB
MMUPageSize:           4 kB
Locked:                0 kB
7f024c65f000-7f024c85e000 ---p 00007000 fc:09 790106                     /lib/x86_64-linux-gnu/librt-2.15.so
Size:               2044 kB
Rss:                   0 kB
Pss:                   0 kB
Shared_Clean:          0 kB
Shared_Dirty:          0 kB
Private_Clean:         0 kB
Private_Dirty:         0 kB
Referenced:            0 kB
Anonymous:             0 kB
AnonHugePages:         0 kB
Swap:                  0 kB
KernelPageSize:        4 kB
MMUPageSize:           4 kB
Locked:                0 kB
7f024c85e000-7f024c85f000 r--p 00006000 fc:09 790106                     /lib/x86_64-linux-gnu/librt-2.15.so
Size:                  4 kB
Rss:                   4 kB
Pss:                   4 kB
Shared_Clean:          0 kB
Shared_Dirty:          0 kB
Private_Clean:         0 kB
Private_Dirty:         4 kB
Referenced:            4 kB
Anonymous:             4 kB
AnonHugePages:         0 kB
Swap:                  0 kB
KernelPageSize:        4 kB
MMUPageSize:           4 kB
Locked:                0 kB
7f024c85f000-7f024c860000 rw-p 00007000 fc:09 790106                     /lib/x86_64-linux-gnu/librt-2.15.so
Size:                  4 kB
Rss:                   0 kB
Pss:                   0 kB
Shared_Clean:          0 kB
Shared_Dirty:          0 kB
Private_Clean:         0 kB
Private_Dirty:         0 kB
Referenced:            0 kB
Anonymous:             0 kB
AnonHugePages:         0 kB
Swap:                  4 kB
KernelPageSize:        4 kB
MMUPageSize:           4 kB
Locked:                0 kB
7f024c860000-7f024c89c000 r-xp 00000000 fc:09 790089                     /lib/x86_64-linux-gnu/libpcre.so.3.13.1
Size:                240 kB
Rss:                   8 kB
Pss:                   0 kB
Shared_Clean:          8 kB
Shared_Dirty:          0 kB
Private_Clean:         0 kB
Private_Dirty:         0 kB
Referenced:            8 kB
Anonymous:             0 kB
AnonHugePages:         0 kB
Swap:                  0 kB
KernelPageSize:        4 kB
MMUPageSize:           4 kB
Locked:                0 kB
7f024c89c000-7f024ca9b000 ---p 0003c000 fc:09 790089                     /lib/x86_64-linux-gnu/libpcre.so.3.13.1
Size:               2044 kB
Rss:                   0 kB
Pss:                   0 kB
Shared_Clean:          0 kB
Shared_Dirty:          0 kB
Private_Clean:         0 kB
Private_Dirty:         0 kB
Referenced:            0 kB
Anonymous:             0 kB
AnonHugePages:         0 kB
Swap:                  0 kB
KernelPageSize:        4 kB
MMUPageSize:           4 kB
Locked:                0 kB
7f024ca9b000-7f024ca9c000 r--p 0003b000 fc:09 790089                     /lib/x86_64-linux-gnu/libpcre.so.3.13.1
Size:                  4 kB
Rss:                   0 kB
Pss:                   0 kB
Shared_Clean:          0 kB
Shared_Dirty:          0 kB
Private_Clean:         0 kB
Private_Dirty:         0 kB
Referenced:            0 kB
Anonymous:             0 kB
AnonHugePages:         0 kB
Swap:                  4 kB
KernelPageSize:        4 kB
MMUPageSize:           4 kB
Locked:                0 kB
7f024ca9c000-7f024ca9d000 rw-p 0003c000 fc:09 790089                     /lib/x86_64-linux-gnu/libpcre.so.3.13.1
Size:                  4 kB
Rss:                   0 kB
Pss:                   0 kB
Shared_Clean:          0 kB
Shared_Dirty:          0 kB
Private_Clean:         0 kB
Private_Dirty:         0 kB
Referenced:            0 kB
Anonymous:             0 kB
AnonHugePages:         0 kB
Swap:                  4 kB
KernelPageSize:        4 kB
MMUPageSize:           4 kB
Locked:                0 kB
7f024ca9d000-7f024ca9e000 rw-p 00000000 00:00 0 
Size:                  4 kB
Rss:                   0 kB
Pss:                   0 kB
Shared_Clean:          0 kB
Shared_Dirty:          0 kB
Private_Clean:         0 kB
Private_Dirty:         0 kB
Referenced:            0 kB
Anonymous:             0 kB
AnonHugePages:         0 kB
Swap:                  4 kB
KernelPageSize:        4 kB
MMUPageSize:           4 kB
Locked:                0 kB
7f024ca9e000-7f024caa5000 r-xp 00000000 fc:09 1842655                    /usr/lib/x86_64-linux-gnu/libffi.so.6.0.0
Size:                 28 kB
Rss:                   8 kB
Pss:                   0 kB
Shared_Clean:          8 kB
Shared_Dirty:          0 kB
Private_Clean:         0 kB
Private_Dirty:         0 kB
Referenced:            8 kB
Anonymous:             0 kB
AnonHugePages:         0 kB
Swap:                  0 kB
KernelPageSize:        4 kB
MMUPageSize:           4 kB
Locked:                0 kB
7f024caa5000-7f024cca4000 ---p 00007000 fc:09 1842655                    /usr/lib/x86_64-linux-gnu/libffi.so.6.0.0
Size:               2044 kB
Rss:                   0 kB
Pss:                   0 kB
Shared_Clean:          0 kB
Shared_Dirty:          0 kB
Private_Clean:         0 kB
Private_Dirty:         0 kB
Referenced:            0 kB
Anonymous:             0 kB
AnonHugePages:         0 kB
Swap:                  0 kB
KernelPageSize:        4 kB
MMUPageSize:           4 kB
Locked:                0 kB
7f024cca4000-7f024cca5000 r--p 00006000 fc:09 1842655                    /usr/lib/x86_64-linux-gnu/libffi.so.6.0.0
Size:                  4 kB
Rss:                   0 kB
Pss:                   0 kB
Shared_Clean:          0 kB
Shared_Dirty:          0 kB
Private_Clean:         0 kB
Private_Dirty:         0 kB
Referenced:            0 kB
Anonymous:             0 kB
AnonHugePages:         0 kB
Swap:                  4 kB
KernelPageSize:        4 kB
MMUPageSize:           4 kB
Locked:                0 kB
7f024cca5000-7f024cca6000 rw-p 00007000 fc:09 1842655                    /usr/lib/x86_64-linux-gnu/libffi.so.6.0.0
Size:                  4 kB
Rss:                   0 kB
Pss:                   0 kB
Shared_Clean:          0 kB
Shared_Dirty:          0 kB
Private_Clean:         0 kB
Private_Dirty:         0 kB
Referenced:            0 kB
Anonymous:             0 kB
AnonHugePages:         0 kB
Swap:                  4 kB
KernelPageSize:        4 kB
MMUPageSize:           4 kB
Locked:                0 kB
7f024cca6000-7f024ccbe000 r-xp 00000000 fc:09 790104                     /lib/x86_64-linux-gnu/libresolv-2.15.so
Size:                 96 kB
Rss:                  20 kB
Pss:                   0 kB
Shared_Clean:         20 kB
Shared_Dirty:          0 kB
Private_Clean:         0 kB
Private_Dirty:         0 kB
Referenced:           20 kB
Anonymous:             0 kB
AnonHugePages:         0 kB
Swap:                  0 kB
KernelPageSize:        4 kB
MMUPageSize:           4 kB
Locked:                0 kB
7f024ccbe000-7f024cebe000 ---p 00018000 fc:09 790104                     /lib/x86_64-linux-gnu/libresolv-2.15.so
Size:               2048 kB
Rss:                   0 kB
Pss:                   0 kB
Shared_Clean:          0 kB
Shared_Dirty:          0 kB
Private_Clean:         0 kB
Private_Dirty:         0 kB
Referenced:            0 kB
Anonymous:             0 kB
AnonHugePages:         0 kB
Swap:                  0 kB
KernelPageSize:        4 kB
MMUPageSize:           4 kB
Locked:                0 kB
7f024cebe000-7f024cebf000 r--p 00018000 fc:09 790104                     /lib/x86_64-linux-gnu/libresolv-2.15.so
Size:                  4 kB
Rss:                   4 kB
Pss:                   4 kB
Shared_Clean:          0 kB
Shared_Dirty:          0 kB
Private_Clean:         4 kB
Private_Dirty:         0 kB
Referenced:            0 kB
Anonymous:             4 kB
AnonHugePages:         0 kB
Swap:                  0 kB
KernelPageSize:        4 kB
MMUPageSize:           4 kB
Locked:                0 kB
7f024cebf000-7f024cec0000 rw-p 00019000 fc:09 790104                     /lib/x86_64-linux-gnu/libresolv-2.15.so
Size:                  4 kB
Rss:                   0 kB
Pss:                   0 kB
Shared_Clean:          0 kB
Shared_Dirty:          0 kB
Private_Clean:         0 kB
Private_Dirty:         0 kB
Referenced:            0 kB
Anonymous:             0 kB
AnonHugePages:         0 kB
Swap:                  4 kB
KernelPageSize:        4 kB
MMUPageSize:           4 kB
Locked:                0 kB
7f024cec0000-7f024cec2000 rw-p 00000000 00:00 0 
Size:                  8 kB
Rss:                   0 kB
Pss:                   0 kB
Shared_Clean:          0 kB
Shared_Dirty:          0 kB
Private_Clean:         0 kB
Private_Dirty:         0 kB
Referenced:            0 kB
Anonymous:             0 kB
AnonHugePages:         0 kB
Swap:                  0 kB
KernelPageSize:        4 kB
MMUPageSize:           4 kB
Locked:                0 kB
7f024cec2000-7f024cedf000 r-xp 00000000 fc:09 790108                     /lib/x86_64-linux-gnu/libselinux.so.1
Size:                116 kB
Rss:                  36 kB
Pss:                   0 kB
Shared_Clean:         36 kB
Shared_Dirty:          0 kB
Private_Clean:         0 kB
Private_Dirty:         0 kB
Referenced:           36 kB
Anonymous:             0 kB
AnonHugePages:         0 kB
Swap:                  0 kB
KernelPageSize:        4 kB
MMUPageSize:           4 kB
Locked:                0 kB
7f024cedf000-7f024d0de000 ---p 0001d000 fc:09 790108                     /lib/x86_64-linux-gnu/libselinux.so.1
Size:               2044 kB
Rss:                   0 kB
Pss:                   0 kB
Shared_Clean:          0 kB
Shared_Dirty:          0 kB
Private_Clean:         0 kB
Private_Dirty:         0 kB
Referenced:            0 kB
Anonymous:             0 kB
AnonHugePages:         0 kB
Swap:                  0 kB
KernelPageSize:        4 kB
MMUPageSize:           4 kB
Locked:                0 kB
7f024d0de000-7f024d0df000 r--p 0001c000 fc:09 790108                     /lib/x86_64-linux-gnu/libselinux.so.1
Size:                  4 kB
Rss:                   0 kB
Pss:                   0 kB
Shared_Clean:          0 kB
Shared_Dirty:          0 kB
Private_Clean:         0 kB
Private_Dirty:         0 kB
Referenced:            0 kB
Anonymous:             0 kB
AnonHugePages:         0 kB
Swap:                  4 kB
KernelPageSize:        4 kB
MMUPageSize:           4 kB
Locked:                0 kB
7f024d0df000-7f024d0e0000 rw-p 0001d000 fc:09 790108                     /lib/x86_64-linux-gnu/libselinux.so.1
Size:                  4 kB
Rss:                   0 kB
Pss:                   0 kB
Shared_Clean:          0 kB
Shared_Dirty:          0 kB
Private_Clean:         0 kB
Private_Dirty:         0 kB
Referenced:            0 kB
Anonymous:             0 kB
AnonHugePages:         0 kB
Swap:                  4 kB
KernelPageSize:        4 kB
MMUPageSize:           4 kB
Locked:                0 kB
7f024d0e0000-7f024d0e1000 rw-p 00000000 00:00 0 
Size:                  4 kB
Rss:                   0 kB
Pss:                   0 kB
Shared_Clean:          0 kB
Shared_Dirty:          0 kB
Private_Clean:         0 kB
Private_Dirty:         0 kB
Referenced:            0 kB
Anonymous:             0 kB
AnonHugePages:         0 kB
Swap:                  4 kB
KernelPageSize:        4 kB
MMUPageSize:           4 kB
Locked:                0 kB
7f024d0e1000-7f024d0f7000 r-xp 00000000 fc:09 790136                     /lib/x86_64-linux-gnu/libz.so.1.2.7
Size:                 88 kB
Rss:                   8 kB
Pss:                   0 kB
Shared_Clean:          8 kB
Shared_Dirty:          0 kB
Private_Clean:         0 kB
Private_Dirty:         0 kB
Referenced:            8 kB
Anonymous:             0 kB
AnonHugePages:         0 kB
Swap:                  0 kB
KernelPageSize:        4 kB
MMUPageSize:           4 kB
Locked:                0 kB
7f024d0f7000-7f024d2f6000 ---p 00016000 fc:09 790136                     /lib/x86_64-linux-gnu/libz.so.1.2.7
Size:               2044 kB
Rss:                   0 kB
Pss:                   0 kB
Shared_Clean:          0 kB
Shared_Dirty:          0 kB
Private_Clean:         0 kB
Private_Dirty:         0 kB
Referenced:            0 kB
Anonymous:             0 kB
AnonHugePages:         0 kB
Swap:                  0 kB
KernelPageSize:        4 kB
MMUPageSize:           4 kB
Locked:                0 kB
7f024d2f6000-7f024d2f7000 r--p 00015000 fc:09 790136                     /lib/x86_64-linux-gnu/libz.so.1.2.7
Size:                  4 kB
Rss:                   4 kB
Pss:                   4 kB
Shared_Clean:          0 kB
Shared_Dirty:          0 kB
Private_Clean:         4 kB
Private_Dirty:         0 kB
Referenced:            0 kB
Anonymous:             4 kB
AnonHugePages:         0 kB
Swap:                  0 kB
KernelPageSize:        4 kB
MMUPageSize:           4 kB
Locked:                0 kB
7f024d2f7000-7f024d2f8000 rw-p 00016000 fc:09 790136                     /lib/x86_64-linux-gnu/libz.so.1.2.7
Size:                  4 kB
Rss:                   0 kB
Pss:                   0 kB
Shared_Clean:          0 kB
Shared_Dirty:          0 kB
Private_Clean:         0 kB
Private_Dirty:         0 kB
Referenced:            0 kB
Anonymous:             0 kB
AnonHugePages:         0 kB
Swap:                  4 kB
KernelPageSize:        4 kB
MMUPageSize:           4 kB
Locked:                0 kB
7f024d2f8000-7f024d304000 r-xp 00000000 fc:09 790121                     /lib/x86_64-linux-gnu/libudev.so.0.13.0
Size:                 48 kB
Rss:                   8 kB
Pss:                   0 kB
Shared_Clean:          8 kB
Shared_Dirty:          0 kB
Private_Clean:         0 kB
Private_Dirty:         0 kB
Referenced:            8 kB
Anonymous:             0 kB
AnonHugePages:         0 kB
Swap:                  0 kB
KernelPageSize:        4 kB
MMUPageSize:           4 kB
Locked:                0 kB
7f024d304000-7f024d503000 ---p 0000c000 fc:09 790121                     /lib/x86_64-linux-gnu/libudev.so.0.13.0
Size:               2044 kB
Rss:                   0 kB
Pss:                   0 kB
Shared_Clean:          0 kB
Shared_Dirty:          0 kB
Private_Clean:         0 kB
Private_Dirty:         0 kB
Referenced:            0 kB
Anonymous:             0 kB
AnonHugePages:         0 kB
Swap:                  0 kB
KernelPageSize:        4 kB
MMUPageSize:           4 kB
Locked:                0 kB
7f024d503000-7f024d504000 r--p 0000b000 fc:09 790121                     /lib/x86_64-linux-gnu/libudev.so.0.13.0
Size:                  4 kB
Rss:                   0 kB
Pss:                   0 kB
Shared_Clean:          0 kB
Shared_Dirty:          0 kB
Private_Clean:         0 kB
Private_Dirty:         0 kB
Referenced:            0 kB
Anonymous:             0 kB
AnonHugePages:         0 kB
Swap:                  4 kB
KernelPageSize:        4 kB
MMUPageSize:           4 kB
Locked:                0 kB
7f024d504000-7f024d505000 rw-p 0000c000 fc:09 790121                     /lib/x86_64-linux-gnu/libudev.so.0.13.0
Size:                  4 kB
Rss:                   0 kB
Pss:                   0 kB
Shared_Clean:          0 kB
Shared_Dirty:          0 kB
Private_Clean:         0 kB
Private_Dirty:         0 kB
Referenced:            0 kB
Anonymous:             0 kB
AnonHugePages:         0 kB
Swap:                  4 kB
KernelPageSize:        4 kB
MMUPageSize:           4 kB
Locked:                0 kB
7f024d505000-7f024d600000 r-xp 00000000 fc:09 790044                     /lib/x86_64-linux-gnu/libm-2.15.so
Size:               1004 kB
Rss:                  64 kB
Pss:                   0 kB
Shared_Clean:         64 kB
Shared_Dirty:          0 kB
Private_Clean:         0 kB
Private_Dirty:         0 kB
Referenced:           64 kB
Anonymous:             0 kB
AnonHugePages:         0 kB
Swap:                  0 kB
KernelPageSize:        4 kB
MMUPageSize:           4 kB
Locked:                0 kB
7f024d600000-7f024d7ff000 ---p 000fb000 fc:09 790044                     /lib/x86_64-linux-gnu/libm-2.15.so
Size:               2044 kB
Rss:                   0 kB
Pss:                   0 kB
Shared_Clean:          0 kB
Shared_Dirty:          0 kB
Private_Clean:         0 kB
Private_Dirty:         0 kB
Referenced:            0 kB
Anonymous:             0 kB
AnonHugePages:         0 kB
Swap:                  0 kB
KernelPageSize:        4 kB
MMUPageSize:           4 kB
Locked:                0 kB
7f024d7ff000-7f024d800000 r--p 000fa000 fc:09 790044                     /lib/x86_64-linux-gnu/libm-2.15.so
Size:                  4 kB
Rss:                   4 kB
Pss:                   4 kB
Shared_Clean:          0 kB
Shared_Dirty:          0 kB
Private_Clean:         4 kB
Private_Dirty:         0 kB
Referenced:            0 kB
Anonymous:             4 kB
AnonHugePages:         0 kB
Swap:                  0 kB
KernelPageSize:        4 kB
MMUPageSize:           4 kB
Locked:                0 kB
7f024d800000-7f024d801000 rw-p 000fb000 fc:09 790044                     /lib/x86_64-linux-gnu/libm-2.15.so
Size:                  4 kB
Rss:                   0 kB
Pss:                   0 kB
Shared_Clean:          0 kB
Shared_Dirty:          0 kB
Private_Clean:         0 kB
Private_Dirty:         0 kB
Referenced:            0 kB
Anonymous:             0 kB
AnonHugePages:         0 kB
Swap:                  4 kB
KernelPageSize:        4 kB
MMUPageSize:           4 kB
Locked:                0 kB
7f024d801000-7f024d803000 r-xp 00000000 fc:09 790017                     /lib/x86_64-linux-gnu/libdl-2.15.so
Size:                  8 kB
Rss:                   8 kB
Pss:                   0 kB
Shared_Clean:          8 kB
Shared_Dirty:          0 kB
Private_Clean:         0 kB
Private_Dirty:         0 kB
Referenced:            8 kB
Anonymous:             0 kB
AnonHugePages:         0 kB
Swap:                  0 kB
KernelPageSize:        4 kB
MMUPageSize:           4 kB
Locked:                0 kB
7f024d803000-7f024da03000 ---p 00002000 fc:09 790017                     /lib/x86_64-linux-gnu/libdl-2.15.so
Size:               2048 kB
Rss:                   0 kB
Pss:                   0 kB
Shared_Clean:          0 kB
Shared_Dirty:          0 kB
Private_Clean:         0 kB
Private_Dirty:         0 kB
Referenced:            0 kB
Anonymous:             0 kB
AnonHugePages:         0 kB
Swap:                  0 kB
KernelPageSize:        4 kB
MMUPageSize:           4 kB
Locked:                0 kB
7f024da03000-7f024da04000 r--p 00002000 fc:09 790017                     /lib/x86_64-linux-gnu/libdl-2.15.so
Size:                  4 kB
Rss:                   4 kB
Pss:                   4 kB
Shared_Clean:          0 kB
Shared_Dirty:          0 kB
Private_Clean:         4 kB
Private_Dirty:         0 kB
Referenced:            0 kB
Anonymous:             4 kB
AnonHugePages:         0 kB
Swap:                  0 kB
KernelPageSize:        4 kB
MMUPageSize:           4 kB
Locked:                0 kB
7f024da04000-7f024da05000 rw-p 00003000 fc:09 790017                     /lib/x86_64-linux-gnu/libdl-2.15.so
Size:                  4 kB
Rss:                   0 kB
Pss:                   0 kB
Shared_Clean:          0 kB
Shared_Dirty:          0 kB
Private_Clean:         0 kB
Private_Dirty:         0 kB
Referenced:            0 kB
Anonymous:             0 kB
AnonHugePages:         0 kB
Swap:                  4 kB
KernelPageSize:        4 kB
MMUPageSize:           4 kB
Locked:                0 kB
7f024da05000-7f024dbba000 r-xp 00000000 fc:09 790002                     /lib/x86_64-linux-gnu/libc-2.15.so
Size:               1748 kB
Rss:                 704 kB
Pss:                   7 kB
Shared_Clean:        704 kB
Shared_Dirty:          0 kB
Private_Clean:         0 kB
Private_Dirty:         0 kB
Referenced:          704 kB
Anonymous:             0 kB
AnonHugePages:         0 kB
Swap:                  0 kB
KernelPageSize:        4 kB
MMUPageSize:           4 kB
Locked:                0 kB
7f024dbba000-7f024ddb9000 ---p 001b5000 fc:09 790002                     /lib/x86_64-linux-gnu/libc-2.15.so
Size:               2044 kB
Rss:                   0 kB
Pss:                   0 kB
Shared_Clean:          0 kB
Shared_Dirty:          0 kB
Private_Clean:         0 kB
Private_Dirty:         0 kB
Referenced:            0 kB
Anonymous:             0 kB
AnonHugePages:         0 kB
Swap:                  0 kB
KernelPageSize:        4 kB
MMUPageSize:           4 kB
Locked:                0 kB
7f024ddb9000-7f024ddbd000 r--p 001b4000 fc:09 790002                     /lib/x86_64-linux-gnu/libc-2.15.so
Size:                 16 kB
Rss:                  16 kB
Pss:                  16 kB
Shared_Clean:          0 kB
Shared_Dirty:          0 kB
Private_Clean:         0 kB
Private_Dirty:        16 kB
Referenced:            8 kB
Anonymous:            16 kB
AnonHugePages:         0 kB
Swap:                  0 kB
KernelPageSize:        4 kB
MMUPageSize:           4 kB
Locked:                0 kB
7f024ddbd000-7f024ddbf000 rw-p 001b8000 fc:09 790002                     /lib/x86_64-linux-gnu/libc-2.15.so
Size:                  8 kB
Rss:                   8 kB
Pss:                   8 kB
Shared_Clean:          0 kB
Shared_Dirty:          0 kB
Private_Clean:         0 kB
Private_Dirty:         8 kB
Referenced:            8 kB
Anonymous:             8 kB
AnonHugePages:         0 kB
Swap:                  0 kB
KernelPageSize:        4 kB
MMUPageSize:           4 kB
Locked:                0 kB
7f024ddbf000-7f024ddc4000 rw-p 00000000 00:00 0 
Size:                 20 kB
Rss:                  16 kB
Pss:                  16 kB
Shared_Clean:          0 kB
Shared_Dirty:          0 kB
Private_Clean:         0 kB
Private_Dirty:        16 kB
Referenced:           16 kB
Anonymous:            16 kB
AnonHugePages:         0 kB
Swap:                  4 kB
KernelPageSize:        4 kB
MMUPageSize:           4 kB
Locked:                0 kB
7f024ddc4000-7f024dddc000 r-xp 00000000 fc:09 790098                     /lib/x86_64-linux-gnu/libpthread-2.15.so
Size:                 96 kB
Rss:                  68 kB
Pss:                   0 kB
Shared_Clean:         68 kB
Shared_Dirty:          0 kB
Private_Clean:         0 kB
Private_Dirty:         0 kB
Referenced:           68 kB
Anonymous:             0 kB
AnonHugePages:         0 kB
Swap:                  0 kB
KernelPageSize:        4 kB
MMUPageSize:           4 kB
Locked:                0 kB
7f024dddc000-7f024dfdb000 ---p 00018000 fc:09 790098                     /lib/x86_64-linux-gnu/libpthread-2.15.so
Size:               2044 kB
Rss:                   0 kB
Pss:                   0 kB
Shared_Clean:          0 kB
Shared_Dirty:          0 kB
Private_Clean:         0 kB
Private_Dirty:         0 kB
Referenced:            0 kB
Anonymous:             0 kB
AnonHugePages:         0 kB
Swap:                  0 kB
KernelPageSize:        4 kB
MMUPageSize:           4 kB
Locked:                0 kB
7f024dfdb000-7f024dfdc000 r--p 00017000 fc:09 790098                     /lib/x86_64-linux-gnu/libpthread-2.15.so
Size:                  4 kB
Rss:                   4 kB
Pss:                   4 kB
Shared_Clean:          0 kB
Shared_Dirty:          0 kB
Private_Clean:         0 kB
Private_Dirty:         4 kB
Referenced:            4 kB
Anonymous:             4 kB
AnonHugePages:         0 kB
Swap:                  0 kB
KernelPageSize:        4 kB
MMUPageSize:           4 kB
Locked:                0 kB
7f024dfdc000-7f024dfdd000 rw-p 00018000 fc:09 790098                     /lib/x86_64-linux-gnu/libpthread-2.15.so
Size:                  4 kB
Rss:                   4 kB
Pss:                   4 kB
Shared_Clean:          0 kB
Shared_Dirty:          0 kB
Private_Clean:         0 kB
Private_Dirty:         4 kB
Referenced:            4 kB
Anonymous:             4 kB
AnonHugePages:         0 kB
Swap:                  0 kB
KernelPageSize:        4 kB
MMUPageSize:           4 kB
Locked:                0 kB
7f024dfdd000-7f024dfe1000 rw-p 00000000 00:00 0 
Size:                 16 kB
Rss:                   4 kB
Pss:                   4 kB
Shared_Clean:          0 kB
Shared_Dirty:          0 kB
Private_Clean:         0 kB
Private_Dirty:         4 kB
Referenced:            4 kB
Anonymous:             4 kB
AnonHugePages:         0 kB
Swap:                  0 kB
KernelPageSize:        4 kB
MMUPageSize:           4 kB
Locked:                0 kB
7f024dfe1000-7f024e0d6000 r-xp 00000000 fc:09 791969                     /lib/x86_64-linux-gnu/libglib-2.0.so.0.3400.1
Size:                980 kB
Rss:                 488 kB
Pss:                   7 kB
Shared_Clean:        488 kB
Shared_Dirty:          0 kB
Private_Clean:         0 kB
Private_Dirty:         0 kB
Referenced:          488 kB
Anonymous:             0 kB
AnonHugePages:         0 kB
Swap:                  0 kB
KernelPageSize:        4 kB
MMUPageSize:           4 kB
Locked:                0 kB
7f024e0d6000-7f024e2d5000 ---p 000f5000 fc:09 791969                     /lib/x86_64-linux-gnu/libglib-2.0.so.0.3400.1
Size:               2044 kB
Rss:                   0 kB
Pss:                   0 kB
Shared_Clean:          0 kB
Shared_Dirty:          0 kB
Private_Clean:         0 kB
Private_Dirty:         0 kB
Referenced:            0 kB
Anonymous:             0 kB
AnonHugePages:         0 kB
Swap:                  0 kB
KernelPageSize:        4 kB
MMUPageSize:           4 kB
Locked:                0 kB
7f024e2d5000-7f024e2d6000 r--p 000f4000 fc:09 791969                     /lib/x86_64-linux-gnu/libglib-2.0.so.0.3400.1
Size:                  4 kB
Rss:                   4 kB
Pss:                   4 kB
Shared_Clean:          0 kB
Shared_Dirty:          0 kB
Private_Clean:         0 kB
Private_Dirty:         4 kB
Referenced:            4 kB
Anonymous:             4 kB
AnonHugePages:         0 kB
Swap:                  0 kB
KernelPageSize:        4 kB
MMUPageSize:           4 kB
Locked:                0 kB
7f024e2d6000-7f024e2d7000 rw-p 000f5000 fc:09 791969                     /lib/x86_64-linux-gnu/libglib-2.0.so.0.3400.1
Size:                  4 kB
Rss:                   4 kB
Pss:                   4 kB
Shared_Clean:          0 kB
Shared_Dirty:          0 kB
Private_Clean:         0 kB
Private_Dirty:         4 kB
Referenced:            4 kB
Anonymous:             4 kB
AnonHugePages:         0 kB
Swap:                  0 kB
KernelPageSize:        4 kB
MMUPageSize:           4 kB
Locked:                0 kB
7f024e2d7000-7f024e2d8000 rw-p 00000000 00:00 0 
Size:                  4 kB
Rss:                   4 kB
Pss:                   4 kB
Shared_Clean:          0 kB
Shared_Dirty:          0 kB
Private_Clean:         0 kB
Private_Dirty:         4 kB
Referenced:            4 kB
Anonymous:             4 kB
AnonHugePages:         0 kB
Swap:                  0 kB
KernelPageSize:        4 kB
MMUPageSize:           4 kB
Locked:                0 kB
7f024e2d8000-7f024e2db000 r-xp 00000000 fc:09 1835390                    /usr/lib/x86_64-linux-gnu/libgmodule-2.0.so.0.3400.1
Size:                 12 kB
Rss:                  12 kB
Pss:                   0 kB
Shared_Clean:         12 kB
Shared_Dirty:          0 kB
Private_Clean:         0 kB
Private_Dirty:         0 kB
Referenced:           12 kB
Anonymous:             0 kB
AnonHugePages:         0 kB
Swap:                  0 kB
KernelPageSize:        4 kB
MMUPageSize:           4 kB
Locked:                0 kB
7f024e2db000-7f024e4da000 ---p 00003000 fc:09 1835390                    /usr/lib/x86_64-linux-gnu/libgmodule-2.0.so.0.3400.1
Size:               2044 kB
Rss:                   0 kB
Pss:                   0 kB
Shared_Clean:          0 kB
Shared_Dirty:          0 kB
Private_Clean:         0 kB
Private_Dirty:         0 kB
Referenced:            0 kB
Anonymous:             0 kB
AnonHugePages:         0 kB
Swap:                  0 kB
KernelPageSize:        4 kB
MMUPageSize:           4 kB
Locked:                0 kB
7f024e4da000-7f024e4db000 r--p 00002000 fc:09 1835390                    /usr/lib/x86_64-linux-gnu/libgmodule-2.0.so.0.3400.1
Size:                  4 kB
Rss:                   0 kB
Pss:                   0 kB
Shared_Clean:          0 kB
Shared_Dirty:          0 kB
Private_Clean:         0 kB
Private_Dirty:         0 kB
Referenced:            0 kB
Anonymous:             0 kB
AnonHugePages:         0 kB
Swap:                  4 kB
KernelPageSize:        4 kB
MMUPageSize:           4 kB
Locked:                0 kB
7f024e4db000-7f024e4dc000 rw-p 00003000 fc:09 1835390                    /usr/lib/x86_64-linux-gnu/libgmodule-2.0.so.0.3400.1
Size:                  4 kB
Rss:                   0 kB
Pss:                   0 kB
Shared_Clean:          0 kB
Shared_Dirty:          0 kB
Private_Clean:         0 kB
Private_Dirty:         0 kB
Referenced:            0 kB
Anonymous:             0 kB
AnonHugePages:         0 kB
Swap:                  4 kB
KernelPageSize:        4 kB
MMUPageSize:           4 kB
Locked:                0 kB
7f024e4dc000-7f024e529000 r-xp 00000000 fc:09 1835371                    /usr/lib/x86_64-linux-gnu/libgobject-2.0.so.0.3400.1
Size:                308 kB
Rss:                 256 kB
Pss:                   3 kB
Shared_Clean:        256 kB
Shared_Dirty:          0 kB
Private_Clean:         0 kB
Private_Dirty:         0 kB
Referenced:          256 kB
Anonymous:             0 kB
AnonHugePages:         0 kB
Swap:                  0 kB
KernelPageSize:        4 kB
MMUPageSize:           4 kB
Locked:                0 kB
7f024e529000-7f024e729000 ---p 0004d000 fc:09 1835371                    /usr/lib/x86_64-linux-gnu/libgobject-2.0.so.0.3400.1
Size:               2048 kB
Rss:                   0 kB
Pss:                   0 kB
Shared_Clean:          0 kB
Shared_Dirty:          0 kB
Private_Clean:         0 kB
Private_Dirty:         0 kB
Referenced:            0 kB
Anonymous:             0 kB
AnonHugePages:         0 kB
Swap:                  0 kB
KernelPageSize:        4 kB
MMUPageSize:           4 kB
Locked:                0 kB
7f024e729000-7f024e72a000 r--p 0004d000 fc:09 1835371                    /usr/lib/x86_64-linux-gnu/libgobject-2.0.so.0.3400.1
Size:                  4 kB
Rss:                   4 kB
Pss:                   4 kB
Shared_Clean:          0 kB
Shared_Dirty:          0 kB
Private_Clean:         0 kB
Private_Dirty:         4 kB
Referenced:            4 kB
Anonymous:             4 kB
AnonHugePages:         0 kB
Swap:                  0 kB
KernelPageSize:        4 kB
MMUPageSize:           4 kB
Locked:                0 kB
7f024e72a000-7f024e72b000 rw-p 0004e000 fc:09 1835371                    /usr/lib/x86_64-linux-gnu/libgobject-2.0.so.0.3400.1
Size:                  4 kB
Rss:                   4 kB
Pss:                   4 kB
Shared_Clean:          0 kB
Shared_Dirty:          0 kB
Private_Clean:         0 kB
Private_Dirty:         4 kB
Referenced:            4 kB
Anonymous:             4 kB
AnonHugePages:         0 kB
Swap:                  0 kB
KernelPageSize:        4 kB
MMUPageSize:           4 kB
Locked:                0 kB
7f024e72b000-7f024e879000 r-xp 00000000 fc:09 1835396                    /usr/lib/x86_64-linux-gnu/libgio-2.0.so.0.3400.1
Size:               1336 kB
Rss:                 816 kB
Pss:                  12 kB
Shared_Clean:        816 kB
Shared_Dirty:          0 kB
Private_Clean:         0 kB
Private_Dirty:         0 kB
Referenced:          816 kB
Anonymous:             0 kB
AnonHugePages:         0 kB
Swap:                  0 kB
KernelPageSize:        4 kB
MMUPageSize:           4 kB
Locked:                0 kB
7f024e879000-7f024ea78000 ---p 0014e000 fc:09 1835396                    /usr/lib/x86_64-linux-gnu/libgio-2.0.so.0.3400.1
Size:               2044 kB
Rss:                   0 kB
Pss:                   0 kB
Shared_Clean:          0 kB
Shared_Dirty:          0 kB
Private_Clean:         0 kB
Private_Dirty:         0 kB
Referenced:            0 kB
Anonymous:             0 kB
AnonHugePages:         0 kB
Swap:                  0 kB
KernelPageSize:        4 kB
MMUPageSize:           4 kB
Locked:                0 kB
7f024ea78000-7f024ea7c000 r--p 0014d000 fc:09 1835396                    /usr/lib/x86_64-linux-gnu/libgio-2.0.so.0.3400.1
Size:                 16 kB
Rss:                   8 kB
Pss:                   8 kB
Shared_Clean:          0 kB
Shared_Dirty:          0 kB
Private_Clean:         0 kB
Private_Dirty:         8 kB
Referenced:            4 kB
Anonymous:             8 kB
AnonHugePages:         0 kB
Swap:                  8 kB
KernelPageSize:        4 kB
MMUPageSize:           4 kB
Locked:                0 kB
7f024ea7c000-7f024ea7e000 rw-p 00151000 fc:09 1835396                    /usr/lib/x86_64-linux-gnu/libgio-2.0.so.0.3400.1
Size:                  8 kB
Rss:                   8 kB
Pss:                   8 kB
Shared_Clean:          0 kB
Shared_Dirty:          0 kB
Private_Clean:         0 kB
Private_Dirty:         8 kB
Referenced:            8 kB
Anonymous:             8 kB
AnonHugePages:         0 kB
Swap:                  0 kB
KernelPageSize:        4 kB
MMUPageSize:           4 kB
Locked:                0 kB
7f024ea7e000-7f024ea80000 rw-p 00000000 00:00 0 
Size:                  8 kB
Rss:                   8 kB
Pss:                   8 kB
Shared_Clean:          0 kB
Shared_Dirty:          0 kB
Private_Clean:         0 kB
Private_Dirty:         8 kB
Referenced:            8 kB
Anonymous:             8 kB
AnonHugePages:         0 kB
Swap:                  0 kB
KernelPageSize:        4 kB
MMUPageSize:           4 kB
Locked:                0 kB
7f024ea80000-7f024ea88000 r-xp 00000000 fc:09 1842816                    /usr/lib/x86_64-linux-gnu/libgudev-1.0.so.0.1.1
Size:                 32 kB
Rss:                   0 kB
Pss:                   0 kB
Shared_Clean:          0 kB
Shared_Dirty:          0 kB
Private_Clean:         0 kB
Private_Dirty:         0 kB
Referenced:            0 kB
Anonymous:             0 kB
AnonHugePages:         0 kB
Swap:                  0 kB
KernelPageSize:        4 kB
MMUPageSize:           4 kB
Locked:                0 kB
7f024ea88000-7f024ec88000 ---p 00008000 fc:09 1842816                    /usr/lib/x86_64-linux-gnu/libgudev-1.0.so.0.1.1
Size:               2048 kB
Rss:                   0 kB
Pss:                   0 kB
Shared_Clean:          0 kB
Shared_Dirty:          0 kB
Private_Clean:         0 kB
Private_Dirty:         0 kB
Referenced:            0 kB
Anonymous:             0 kB
AnonHugePages:         0 kB
Swap:                  0 kB
KernelPageSize:        4 kB
MMUPageSize:           4 kB
Locked:                0 kB
7f024ec88000-7f024ec89000 r--p 00008000 fc:09 1842816                    /usr/lib/x86_64-linux-gnu/libgudev-1.0.so.0.1.1
Size:                  4 kB
Rss:                   0 kB
Pss:                   0 kB
Shared_Clean:          0 kB
Shared_Dirty:          0 kB
Private_Clean:         0 kB
Private_Dirty:         0 kB
Referenced:            0 kB
Anonymous:             0 kB
AnonHugePages:         0 kB
Swap:                  4 kB
KernelPageSize:        4 kB
MMUPageSize:           4 kB
Locked:                0 kB
7f024ec89000-7f024ec8a000 rw-p 00009000 fc:09 1842816                    /usr/lib/x86_64-linux-gnu/libgudev-1.0.so.0.1.1
Size:                  4 kB
Rss:                   0 kB
Pss:                   0 kB
Shared_Clean:          0 kB
Shared_Dirty:          0 kB
Private_Clean:         0 kB
Private_Dirty:         0 kB
Referenced:            0 kB
Anonymous:             0 kB
AnonHugePages:         0 kB
Swap:                  4 kB
KernelPageSize:        4 kB
MMUPageSize:           4 kB
Locked:                0 kB
7f024ec8a000-7f024ecd2000 r-xp 00000000 fc:09 1842891                    /usr/lib/x86_64-linux-gnu/liblcms2.so.2.0.2
Size:                288 kB
Rss:                   0 kB
Pss:                   0 kB
Shared_Clean:          0 kB
Shared_Dirty:          0 kB
Private_Clean:         0 kB
Private_Dirty:         0 kB
Referenced:            0 kB
Anonymous:             0 kB
AnonHugePages:         0 kB
Swap:                  0 kB
KernelPageSize:        4 kB
MMUPageSize:           4 kB
Locked:                0 kB
7f024ecd2000-7f024eed1000 ---p 00048000 fc:09 1842891                    /usr/lib/x86_64-linux-gnu/liblcms2.so.2.0.2
Size:               2044 kB
Rss:                   0 kB
Pss:                   0 kB
Shared_Clean:          0 kB
Shared_Dirty:          0 kB
Private_Clean:         0 kB
Private_Dirty:         0 kB
Referenced:            0 kB
Anonymous:             0 kB
AnonHugePages:         0 kB
Swap:                  0 kB
KernelPageSize:        4 kB
MMUPageSize:           4 kB
Locked:                0 kB
7f024eed1000-7f024eed2000 r--p 00047000 fc:09 1842891                    /usr/lib/x86_64-linux-gnu/liblcms2.so.2.0.2
Size:                  4 kB
Rss:                   0 kB
Pss:                   0 kB
Shared_Clean:          0 kB
Shared_Dirty:          0 kB
Private_Clean:         0 kB
Private_Dirty:         0 kB
Referenced:            0 kB
Anonymous:             0 kB
AnonHugePages:         0 kB
Swap:                  4 kB
KernelPageSize:        4 kB
MMUPageSize:           4 kB
Locked:                0 kB
7f024eed2000-7f024eed7000 rw-p 00048000 fc:09 1842891                    /usr/lib/x86_64-linux-gnu/liblcms2.so.2.0.2
Size:                 20 kB
Rss:                  20 kB
Pss:                  20 kB
Shared_Clean:          0 kB
Shared_Dirty:          0 kB
Private_Clean:         4 kB
Private_Dirty:        16 kB
Referenced:            4 kB
Anonymous:            20 kB
AnonHugePages:         0 kB
Swap:                  0 kB
KernelPageSize:        4 kB
MMUPageSize:           4 kB
Locked:                0 kB
7f024eed7000-7f024eef0000 r-xp 00000000 fc:09 1843003                    /usr/lib/x86_64-linux-gnu/libpolkit-gobject-1.so.0.0.0
Size:                100 kB
Rss:                   0 kB
Pss:                   0 kB
Shared_Clean:          0 kB
Shared_Dirty:          0 kB
Private_Clean:         0 kB
Private_Dirty:         0 kB
Referenced:            0 kB
Anonymous:             0 kB
AnonHugePages:         0 kB
Swap:                  0 kB
KernelPageSize:        4 kB
MMUPageSize:           4 kB
Locked:                0 kB
7f024eef0000-7f024f0ef000 ---p 00019000 fc:09 1843003                    /usr/lib/x86_64-linux-gnu/libpolkit-gobject-1.so.0.0.0
Size:               2044 kB
Rss:                   0 kB
Pss:                   0 kB
Shared_Clean:          0 kB
Shared_Dirty:          0 kB
Private_Clean:         0 kB
Private_Dirty:         0 kB
Referenced:            0 kB
Anonymous:             0 kB
AnonHugePages:         0 kB
Swap:                  0 kB
KernelPageSize:        4 kB
MMUPageSize:           4 kB
Locked:                0 kB
7f024f0ef000-7f024f0f0000 r--p 00018000 fc:09 1843003                    /usr/lib/x86_64-linux-gnu/libpolkit-gobject-1.so.0.0.0
Size:                  4 kB
Rss:                   4 kB
Pss:                   4 kB
Shared_Clean:          0 kB
Shared_Dirty:          0 kB
Private_Clean:         4 kB
Private_Dirty:         0 kB
Referenced:            0 kB
Anonymous:             4 kB
AnonHugePages:         0 kB
Swap:                  0 kB
KernelPageSize:        4 kB
MMUPageSize:           4 kB
Locked:                0 kB
7f024f0f0000-7f024f0f1000 rw-p 00019000 fc:09 1843003                    /usr/lib/x86_64-linux-gnu/libpolkit-gobject-1.so.0.0.0
Size:                  4 kB
Rss:                   4 kB
Pss:                   4 kB
Shared_Clean:          0 kB
Shared_Dirty:          0 kB
Private_Clean:         0 kB
Private_Dirty:         4 kB
Referenced:            4 kB
Anonymous:             4 kB
AnonHugePages:         0 kB
Swap:                  0 kB
KernelPageSize:        4 kB
MMUPageSize:           4 kB
Locked:                0 kB
7f024f0f1000-7f024f196000 r-xp 00000000 fc:09 1843090                    /usr/lib/x86_64-linux-gnu/libsqlite3.so.0.8.6
Size:                660 kB
Rss:                 364 kB
Pss:                  32 kB
Shared_Clean:        364 kB
Shared_Dirty:          0 kB
Private_Clean:         0 kB
Private_Dirty:         0 kB
Referenced:          364 kB
Anonymous:             0 kB
AnonHugePages:         0 kB
Swap:                  0 kB
KernelPageSize:        4 kB
MMUPageSize:           4 kB
Locked:                0 kB
7f024f196000-7f024f396000 ---p 000a5000 fc:09 1843090                    /usr/lib/x86_64-linux-gnu/libsqlite3.so.0.8.6
Size:               2048 kB
Rss:                   0 kB
Pss:                   0 kB
Shared_Clean:          0 kB
Shared_Dirty:          0 kB
Private_Clean:         0 kB
Private_Dirty:         0 kB
Referenced:            0 kB
Anonymous:             0 kB
AnonHugePages:         0 kB
Swap:                  0 kB
KernelPageSize:        4 kB
MMUPageSize:           4 kB
Locked:                0 kB
7f024f396000-7f024f398000 r--p 000a5000 fc:09 1843090                    /usr/lib/x86_64-linux-gnu/libsqlite3.so.0.8.6
Size:                  8 kB
Rss:                   8 kB
Pss:                   8 kB
Shared_Clean:          0 kB
Shared_Dirty:          0 kB
Private_Clean:         4 kB
Private_Dirty:         4 kB
Referenced:            0 kB
Anonymous:             8 kB
AnonHugePages:         0 kB
Swap:                  0 kB
KernelPageSize:        4 kB
MMUPageSize:           4 kB
Locked:                0 kB
7f024f398000-7f024f39a000 rw-p 000a7000 fc:09 1843090                    /usr/lib/x86_64-linux-gnu/libsqlite3.so.0.8.6
Size:                  8 kB
Rss:                   8 kB
Pss:                   8 kB
Shared_Clean:          0 kB
Shared_Dirty:          0 kB
Private_Clean:         0 kB
Private_Dirty:         8 kB
Referenced:            4 kB
Anonymous:             8 kB
AnonHugePages:         0 kB
Swap:                  0 kB
KernelPageSize:        4 kB
MMUPageSize:           4 kB
Locked:                0 kB
7f024f39a000-7f024f39b000 rw-p 00000000 00:00 0 
Size:                  4 kB
Rss:                   0 kB
Pss:                   0 kB
Shared_Clean:          0 kB
Shared_Dirty:          0 kB
Private_Clean:         0 kB
Private_Dirty:         0 kB
Referenced:            0 kB
Anonymous:             0 kB
AnonHugePages:         0 kB
Swap:                  0 kB
KernelPageSize:        4 kB
MMUPageSize:           4 kB
Locked:                0 kB
7f024f39b000-7f024f3bd000 r-xp 00000000 fc:09 789980                     /lib/x86_64-linux-gnu/ld-2.15.so
Size:                136 kB
Rss:                 120 kB
Pss:                   1 kB
Shared_Clean:        120 kB
Shared_Dirty:          0 kB
Private_Clean:         0 kB
Private_Dirty:         0 kB
Referenced:          120 kB
Anonymous:             0 kB
AnonHugePages:         0 kB
Swap:                  0 kB
KernelPageSize:        4 kB
MMUPageSize:           4 kB
Locked:                0 kB
7f024f598000-7f024f59d000 rw-p 00000000 00:00 0 
Size:                 20 kB
Rss:                  12 kB
Pss:                  12 kB
Shared_Clean:          0 kB
Shared_Dirty:          0 kB
Private_Clean:        12 kB
Private_Dirty:         0 kB
Referenced:            8 kB
Anonymous:            12 kB
AnonHugePages:         0 kB
Swap:                  8 kB
KernelPageSize:        4 kB
MMUPageSize:           4 kB
Locked:                0 kB
7f024f5af000-7f024f5b0000 r--p 00000000 fc:06 1318890                    /home/paul/.local/share/icc/edid-95c749eca7ec38e7a0fc1bea03c5f1de.icc
Size:                  4 kB
Rss:                   0 kB
Pss:                   0 kB
Shared_Clean:          0 kB
Shared_Dirty:          0 kB
Private_Clean:         0 kB
Private_Dirty:         0 kB
Referenced:            0 kB
Anonymous:             0 kB
AnonHugePages:         0 kB
Swap:                  0 kB
KernelPageSize:        4 kB
MMUPageSize:           4 kB
Locked:                0 kB
7f024f5b0000-7f024f5b1000 r--p 00000000 fc:06 1320469                    /home/paul/.local/share/icc/edid-91756dde6e4cb07d24b019690472d908.icc
Size:                  4 kB
Rss:                   0 kB
Pss:                   0 kB
Shared_Clean:          0 kB
Shared_Dirty:          0 kB
Private_Clean:         0 kB
Private_Dirty:         0 kB
Referenced:            0 kB
Anonymous:             0 kB
AnonHugePages:         0 kB
Swap:                  0 kB
KernelPageSize:        4 kB
MMUPageSize:           4 kB
Locked:                0 kB
7f024f5b1000-7f024f5b2000 r--p 00000000 fc:06 1321285                    /home/paul/.local/share/icc/edid-b4a8dfc99628b704546d26e2dca9dbf0.icc
Size:                  4 kB
Rss:                   0 kB
Pss:                   0 kB
Shared_Clean:          0 kB
Shared_Dirty:          0 kB
Private_Clean:         0 kB
Private_Dirty:         0 kB
Referenced:            0 kB
Anonymous:             0 kB
AnonHugePages:         0 kB
Swap:                  0 kB
KernelPageSize:        4 kB
MMUPageSize:           4 kB
Locked:                0 kB
7f024f5b2000-7f024f5b3000 r--p 00000000 fc:06 1321529                    /home/paul/.local/share/icc/edid-00c9efe4c362d00ce2326bbe2b49d285.icc
Size:                  4 kB
Rss:                   0 kB
Pss:                   0 kB
Shared_Clean:          0 kB
Shared_Dirty:          0 kB
Private_Clean:         0 kB
Private_Dirty:         0 kB
Referenced:            0 kB
Anonymous:             0 kB
AnonHugePages:         0 kB
Swap:                  0 kB
KernelPageSize:        4 kB
MMUPageSize:           4 kB
Locked:                0 kB
7f024f5b4000-7f024f5bb000 r--s 00000000 fc:09 2230032                    /usr/lib/x86_64-linux-gnu/gconv/gconv-modules.cache
Size:                 28 kB
Rss:                  28 kB
Pss:                   0 kB
Shared_Clean:         28 kB
Shared_Dirty:          0 kB
Private_Clean:         0 kB
Private_Dirty:         0 kB
Referenced:           28 kB
Anonymous:             0 kB
AnonHugePages:         0 kB
Swap:                  0 kB
KernelPageSize:        4 kB
MMUPageSize:           4 kB
Locked:                0 kB
7f024f5bb000-7f024f5bd000 rw-p 00000000 00:00 0 
Size:                  8 kB
Rss:                   0 kB
Pss:                   0 kB
Shared_Clean:          0 kB
Shared_Dirty:          0 kB
Private_Clean:         0 kB
Private_Dirty:         0 kB
Referenced:            0 kB
Anonymous:             0 kB
AnonHugePages:         0 kB
Swap:                  8 kB
KernelPageSize:        4 kB
MMUPageSize:           4 kB
Locked:                0 kB
7f024f5bd000-7f024f5be000 r--p 00022000 fc:09 789980                     /lib/x86_64-linux-gnu/ld-2.15.so
Size:                  4 kB
Rss:                   4 kB
Pss:                   4 kB
Shared_Clean:          0 kB
Shared_Dirty:          0 kB
Private_Clean:         0 kB
Private_Dirty:         4 kB
Referenced:            4 kB
Anonymous:             4 kB
AnonHugePages:         0 kB
Swap:                  0 kB
KernelPageSize:        4 kB
MMUPageSize:           4 kB
Locked:                0 kB
7f024f5be000-7f024f5c0000 rw-p 00023000 fc:09 789980                     /lib/x86_64-linux-gnu/ld-2.15.so
Size:                  8 kB
Rss:                   4 kB
Pss:                   4 kB
Shared_Clean:          0 kB
Shared_Dirty:          0 kB
Private_Clean:         0 kB
Private_Dirty:         4 kB
Referenced:            4 kB
Anonymous:             4 kB
AnonHugePages:         0 kB
Swap:                  4 kB
KernelPageSize:        4 kB
MMUPageSize:           4 kB
Locked:                0 kB
7fff2d761000-7fff2d782000 rw-p 00000000 00:00 0                          [stack]
Size:                136 kB
Rss:                  12 kB
Pss:                  12 kB
Shared_Clean:          0 kB
Shared_Dirty:          0 kB
Private_Clean:         0 kB
Private_Dirty:        12 kB
Referenced:           12 kB
Anonymous:            12 kB
AnonHugePages:         0 kB
Swap:                 16 kB
KernelPageSize:        4 kB
MMUPageSize:           4 kB
Locked:                0 kB
7fff2d7ff000-7fff2d800000 r-xp 00000000 00:00 0                          [vdso]
Size:                  4 kB
Rss:                   4 kB
Pss:                   0 kB
Shared_Clean:          4 kB
Shared_Dirty:          0 kB
Private_Clean:         0 kB
Private_Dirty:         0 kB
Referenced:            4 kB
Anonymous:             0 kB
AnonHugePages:         0 kB
Swap:                  0 kB
KernelPageSize:        4 kB
MMUPageSize:           4 kB
Locked:                0 kB
ffffffffff600000-ffffffffff601000 r-xp 00000000 00:00 0                  [vsyscall]
Size:                  4 kB
Rss:                   0 kB
Pss:                   0 kB
Shared_Clean:          0 kB
Shared_Dirty:          0 kB
Private_Clean:         0 kB
Private_Dirty:         0 kB
Referenced:            0 kB
Anonymous:             0 kB
AnonHugePages:         0 kB
Swap:                  0 kB
KernelPageSize:        4 kB
MMUPageSize:           4 kB
Locked:                0 kB
