7fe5136f5000-7fe513dd6000 r--p 00000000 fc:09 1841533                    /usr/lib/locale/locale-archive
Size:               7044 kB
Rss:                   8 kB
Pss:                   0 kB
Shared_Clean:          8 kB
Shared_Dirty:          0 kB
Private_Clean:         0 kB
Private_Dirty:         0 kB
Referenced:            8 kB
Anonymous:             0 kB
AnonHugePages:         0 kB
Swap:                  0 kB
KernelPageSize:        4 kB
MMUPageSize:           4 kB
Locked:                0 kB
7fe513dd6000-7fe513dd8000 r-xp 00000000 fc:09 790040                     /lib/x86_64-linux-gnu/libkeyutils.so.1.4
Size:                  8 kB
Rss:                   4 kB
Pss:                   0 kB
Shared_Clean:          4 kB
Shared_Dirty:          0 kB
Private_Clean:         0 kB
Private_Dirty:         0 kB
Referenced:            4 kB
Anonymous:             0 kB
AnonHugePages:         0 kB
Swap:                  0 kB
KernelPageSize:        4 kB
MMUPageSize:           4 kB
Locked:                0 kB
7fe513dd8000-7fe513fd8000 ---p 00002000 fc:09 790040                     /lib/x86_64-linux-gnu/libkeyutils.so.1.4
Size:               2048 kB
Rss:                   0 kB
Pss:                   0 kB
Shared_Clean:          0 kB
Shared_Dirty:          0 kB
Private_Clean:         0 kB
Private_Dirty:         0 kB
Referenced:            0 kB
Anonymous:             0 kB
AnonHugePages:         0 kB
Swap:                  0 kB
KernelPageSize:        4 kB
MMUPageSize:           4 kB
Locked:                0 kB
7fe513fd8000-7fe513fd9000 r--p 00002000 fc:09 790040                     /lib/x86_64-linux-gnu/libkeyutils.so.1.4
Size:                  4 kB
Rss:                   4 kB
Pss:                   2 kB
Shared_Clean:          0 kB
Shared_Dirty:          4 kB
Private_Clean:         0 kB
Private_Dirty:         0 kB
Referenced:            4 kB
Anonymous:             4 kB
AnonHugePages:         0 kB
Swap:                  0 kB
KernelPageSize:        4 kB
MMUPageSize:           4 kB
Locked:                0 kB
7fe513fd9000-7fe513fda000 rw-p 00003000 fc:09 790040                     /lib/x86_64-linux-gnu/libkeyutils.so.1.4
Size:                  4 kB
Rss:                   4 kB
Pss:                   2 kB
Shared_Clean:          0 kB
Shared_Dirty:          4 kB
Private_Clean:         0 kB
Private_Dirty:         0 kB
Referenced:            0 kB
Anonymous:             4 kB
AnonHugePages:         0 kB
Swap:                  0 kB
KernelPageSize:        4 kB
MMUPageSize:           4 kB
Locked:                0 kB
7fe513fda000-7fe513fec000 r-xp 00000000 fc:09 1842965                    /usr/lib/x86_64-linux-gnu/libp11-kit.so.0.0.0
Size:                 72 kB
Rss:                   4 kB
Pss:                   0 kB
Shared_Clean:          4 kB
Shared_Dirty:          0 kB
Private_Clean:         0 kB
Private_Dirty:         0 kB
Referenced:            4 kB
Anonymous:             0 kB
AnonHugePages:         0 kB
Swap:                  0 kB
KernelPageSize:        4 kB
MMUPageSize:           4 kB
Locked:                0 kB
7fe513fec000-7fe5141ec000 ---p 00012000 fc:09 1842965                    /usr/lib/x86_64-linux-gnu/libp11-kit.so.0.0.0
Size:               2048 kB
Rss:                   0 kB
Pss:                   0 kB
Shared_Clean:          0 kB
Shared_Dirty:          0 kB
Private_Clean:         0 kB
Private_Dirty:         0 kB
Referenced:            0 kB
Anonymous:             0 kB
AnonHugePages:         0 kB
Swap:                  0 kB
KernelPageSize:        4 kB
MMUPageSize:           4 kB
Locked:                0 kB
7fe5141ec000-7fe5141ed000 r--p 00012000 fc:09 1842965                    /usr/lib/x86_64-linux-gnu/libp11-kit.so.0.0.0
Size:                  4 kB
Rss:                   4 kB
Pss:                   2 kB
Shared_Clean:          0 kB
Shared_Dirty:          4 kB
Private_Clean:         0 kB
Private_Dirty:         0 kB
Referenced:            4 kB
Anonymous:             4 kB
AnonHugePages:         0 kB
Swap:                  0 kB
KernelPageSize:        4 kB
MMUPageSize:           4 kB
Locked:                0 kB
7fe5141ed000-7fe5141ee000 rw-p 00013000 fc:09 1842965                    /usr/lib/x86_64-linux-gnu/libp11-kit.so.0.0.0
Size:                  4 kB
Rss:                   4 kB
Pss:                   2 kB
Shared_Clean:          0 kB
Shared_Dirty:          4 kB
Private_Clean:         0 kB
Private_Dirty:         0 kB
Referenced:            0 kB
Anonymous:             4 kB
AnonHugePages:         0 kB
Swap:                  0 kB
KernelPageSize:        4 kB
MMUPageSize:           4 kB
Locked:                0 kB
7fe5141ee000-7fe5141fd000 r-xp 00000000 fc:09 1843108                    /usr/lib/x86_64-linux-gnu/libtasn1.so.3.1.16
Size:                 60 kB
Rss:                   4 kB
Pss:                   0 kB
Shared_Clean:          4 kB
Shared_Dirty:          0 kB
Private_Clean:         0 kB
Private_Dirty:         0 kB
Referenced:            4 kB
Anonymous:             0 kB
AnonHugePages:         0 kB
Swap:                  0 kB
KernelPageSize:        4 kB
MMUPageSize:           4 kB
Locked:                0 kB
7fe5141fd000-7fe5143fd000 ---p 0000f000 fc:09 1843108                    /usr/lib/x86_64-linux-gnu/libtasn1.so.3.1.16
Size:               2048 kB
Rss:                   0 kB
Pss:                   0 kB
Shared_Clean:          0 kB
Shared_Dirty:          0 kB
Private_Clean:         0 kB
Private_Dirty:         0 kB
Referenced:            0 kB
Anonymous:             0 kB
AnonHugePages:         0 kB
Swap:                  0 kB
KernelPageSize:        4 kB
MMUPageSize:           4 kB
Locked:                0 kB
7fe5143fd000-7fe5143fe000 r--p 0000f000 fc:09 1843108                    /usr/lib/x86_64-linux-gnu/libtasn1.so.3.1.16
Size:                  4 kB
Rss:                   4 kB
Pss:                   2 kB
Shared_Clean:          0 kB
Shared_Dirty:          4 kB
Private_Clean:         0 kB
Private_Dirty:         0 kB
Referenced:            4 kB
Anonymous:             4 kB
AnonHugePages:         0 kB
Swap:                  0 kB
KernelPageSize:        4 kB
MMUPageSize:           4 kB
Locked:                0 kB
7fe5143fe000-7fe5143ff000 rw-p 00010000 fc:09 1843108                    /usr/lib/x86_64-linux-gnu/libtasn1.so.3.1.16
Size:                  4 kB
Rss:                   4 kB
Pss:                   2 kB
Shared_Clean:          0 kB
Shared_Dirty:          4 kB
Private_Clean:         0 kB
Private_Dirty:         0 kB
Referenced:            0 kB
Anonymous:             4 kB
AnonHugePages:         0 kB
Swap:                  0 kB
KernelPageSize:        4 kB
MMUPageSize:           4 kB
Locked:                0 kB
7fe5143ff000-7fe514406000 r-xp 00000000 fc:09 1842885                    /usr/lib/x86_64-linux-gnu/libkrb5support.so.0.1
Size:                 28 kB
Rss:                   4 kB
Pss:                   0 kB
Shared_Clean:          4 kB
Shared_Dirty:          0 kB
Private_Clean:         0 kB
Private_Dirty:         0 kB
Referenced:            4 kB
Anonymous:             0 kB
AnonHugePages:         0 kB
Swap:                  0 kB
KernelPageSize:        4 kB
MMUPageSize:           4 kB
Locked:                0 kB
7fe514406000-7fe514605000 ---p 00007000 fc:09 1842885                    /usr/lib/x86_64-linux-gnu/libkrb5support.so.0.1
Size:               2044 kB
Rss:                   0 kB
Pss:                   0 kB
Shared_Clean:          0 kB
Shared_Dirty:          0 kB
Private_Clean:         0 kB
Private_Dirty:         0 kB
Referenced:            0 kB
Anonymous:             0 kB
AnonHugePages:         0 kB
Swap:                  0 kB
KernelPageSize:        4 kB
MMUPageSize:           4 kB
Locked:                0 kB
7fe514605000-7fe514606000 r--p 00006000 fc:09 1842885                    /usr/lib/x86_64-linux-gnu/libkrb5support.so.0.1
Size:                  4 kB
Rss:                   4 kB
Pss:                   2 kB
Shared_Clean:          0 kB
Shared_Dirty:          4 kB
Private_Clean:         0 kB
Private_Dirty:         0 kB
Referenced:            4 kB
Anonymous:             4 kB
AnonHugePages:         0 kB
Swap:                  0 kB
KernelPageSize:        4 kB
MMUPageSize:           4 kB
Locked:                0 kB
7fe514606000-7fe514607000 rw-p 00007000 fc:09 1842885                    /usr/lib/x86_64-linux-gnu/libkrb5support.so.0.1
Size:                  4 kB
Rss:                   4 kB
Pss:                   2 kB
Shared_Clean:          0 kB
Shared_Dirty:          4 kB
Private_Clean:         0 kB
Private_Dirty:         0 kB
Referenced:            0 kB
Anonymous:             4 kB
AnonHugePages:         0 kB
Swap:                  0 kB
KernelPageSize:        4 kB
MMUPageSize:           4 kB
Locked:                0 kB
7fe514607000-7fe51460a000 r-xp 00000000 fc:09 790009                     /lib/x86_64-linux-gnu/libcom_err.so.2.1
Size:                 12 kB
Rss:                   4 kB
Pss:                   0 kB
Shared_Clean:          4 kB
Shared_Dirty:          0 kB
Private_Clean:         0 kB
Private_Dirty:         0 kB
Referenced:            4 kB
Anonymous:             0 kB
AnonHugePages:         0 kB
Swap:                  0 kB
KernelPageSize:        4 kB
MMUPageSize:           4 kB
Locked:                0 kB
7fe51460a000-7fe514809000 ---p 00003000 fc:09 790009                     /lib/x86_64-linux-gnu/libcom_err.so.2.1
Size:               2044 kB
Rss:                   0 kB
Pss:                   0 kB
Shared_Clean:          0 kB
Shared_Dirty:          0 kB
Private_Clean:         0 kB
Private_Dirty:         0 kB
Referenced:            0 kB
Anonymous:             0 kB
AnonHugePages:         0 kB
Swap:                  0 kB
KernelPageSize:        4 kB
MMUPageSize:           4 kB
Locked:                0 kB
7fe514809000-7fe51480a000 r--p 00002000 fc:09 790009                     /lib/x86_64-linux-gnu/libcom_err.so.2.1
Size:                  4 kB
Rss:                   4 kB
Pss:                   2 kB
Shared_Clean:          0 kB
Shared_Dirty:          4 kB
Private_Clean:         0 kB
Private_Dirty:         0 kB
Referenced:            4 kB
Anonymous:             4 kB
AnonHugePages:         0 kB
Swap:                  0 kB
KernelPageSize:        4 kB
MMUPageSize:           4 kB
Locked:                0 kB
7fe51480a000-7fe51480b000 rw-p 00003000 fc:09 790009                     /lib/x86_64-linux-gnu/libcom_err.so.2.1
Size:                  4 kB
Rss:                   4 kB
Pss:                   2 kB
Shared_Clean:          0 kB
Shared_Dirty:          4 kB
Private_Clean:         0 kB
Private_Dirty:         0 kB
Referenced:            0 kB
Anonymous:             4 kB
AnonHugePages:         0 kB
Swap:                  0 kB
KernelPageSize:        4 kB
MMUPageSize:           4 kB
Locked:                0 kB
7fe51480b000-7fe514831000 r-xp 00000000 fc:09 1842877                    /usr/lib/x86_64-linux-gnu/libk5crypto.so.3.1
Size:                152 kB
Rss:                   4 kB
Pss:                   0 kB
Shared_Clean:          4 kB
Shared_Dirty:          0 kB
Private_Clean:         0 kB
Private_Dirty:         0 kB
Referenced:            4 kB
Anonymous:             0 kB
AnonHugePages:         0 kB
Swap:                  0 kB
KernelPageSize:        4 kB
MMUPageSize:           4 kB
Locked:                0 kB
7fe514831000-7fe514a31000 ---p 00026000 fc:09 1842877                    /usr/lib/x86_64-linux-gnu/libk5crypto.so.3.1
Size:               2048 kB
Rss:                   0 kB
Pss:                   0 kB
Shared_Clean:          0 kB
Shared_Dirty:          0 kB
Private_Clean:         0 kB
Private_Dirty:         0 kB
Referenced:            0 kB
Anonymous:             0 kB
AnonHugePages:         0 kB
Swap:                  0 kB
KernelPageSize:        4 kB
MMUPageSize:           4 kB
Locked:                0 kB
7fe514a31000-7fe514a32000 r--p 00026000 fc:09 1842877                    /usr/lib/x86_64-linux-gnu/libk5crypto.so.3.1
Size:                  4 kB
Rss:                   4 kB
Pss:                   2 kB
Shared_Clean:          0 kB
Shared_Dirty:          4 kB
Private_Clean:         0 kB
Private_Dirty:         0 kB
Referenced:            4 kB
Anonymous:             4 kB
AnonHugePages:         0 kB
Swap:                  0 kB
KernelPageSize:        4 kB
MMUPageSize:           4 kB
Locked:                0 kB
7fe514a32000-7fe514a33000 rw-p 00027000 fc:09 1842877                    /usr/lib/x86_64-linux-gnu/libk5crypto.so.3.1
Size:                  4 kB
Rss:                   4 kB
Pss:                   2 kB
Shared_Clean:          0 kB
Shared_Dirty:          4 kB
Private_Clean:         0 kB
Private_Dirty:         0 kB
Referenced:            0 kB
Anonymous:             4 kB
AnonHugePages:         0 kB
Swap:                  0 kB
KernelPageSize:        4 kB
MMUPageSize:           4 kB
Locked:                0 kB
7fe514a33000-7fe514a34000 rw-p 00000000 00:00 0 
Size:                  4 kB
Rss:                   0 kB
Pss:                   0 kB
Shared_Clean:          0 kB
Shared_Dirty:          0 kB
Private_Clean:         0 kB
Private_Dirty:         0 kB
Referenced:            0 kB
Anonymous:             0 kB
AnonHugePages:         0 kB
Swap:                  0 kB
KernelPageSize:        4 kB
MMUPageSize:           4 kB
Locked:                0 kB
7fe514a34000-7fe514af8000 r-xp 00000000 fc:09 1842883                    /usr/lib/x86_64-linux-gnu/libkrb5.so.3.3
Size:                784 kB
Rss:                   4 kB
Pss:                   0 kB
Shared_Clean:          4 kB
Shared_Dirty:          0 kB
Private_Clean:         0 kB
Private_Dirty:         0 kB
Referenced:            4 kB
Anonymous:             0 kB
AnonHugePages:         0 kB
Swap:                  0 kB
KernelPageSize:        4 kB
MMUPageSize:           4 kB
Locked:                0 kB
7fe514af8000-7fe514cf7000 ---p 000c4000 fc:09 1842883                    /usr/lib/x86_64-linux-gnu/libkrb5.so.3.3
Size:               2044 kB
Rss:                   0 kB
Pss:                   0 kB
Shared_Clean:          0 kB
Shared_Dirty:          0 kB
Private_Clean:         0 kB
Private_Dirty:         0 kB
Referenced:            0 kB
Anonymous:             0 kB
AnonHugePages:         0 kB
Swap:                  0 kB
KernelPageSize:        4 kB
MMUPageSize:           4 kB
Locked:                0 kB
7fe514cf7000-7fe514d01000 r--p 000c3000 fc:09 1842883                    /usr/lib/x86_64-linux-gnu/libkrb5.so.3.3
Size:                 40 kB
Rss:                  40 kB
Pss:                  20 kB
Shared_Clean:          0 kB
Shared_Dirty:         40 kB
Private_Clean:         0 kB
Private_Dirty:         0 kB
Referenced:            4 kB
Anonymous:            40 kB
AnonHugePages:         0 kB
Swap:                  0 kB
KernelPageSize:        4 kB
MMUPageSize:           4 kB
Locked:                0 kB
7fe514d01000-7fe514d02000 rw-p 000cd000 fc:09 1842883                    /usr/lib/x86_64-linux-gnu/libkrb5.so.3.3
Size:                  4 kB
Rss:                   4 kB
Pss:                   2 kB
Shared_Clean:          0 kB
Shared_Dirty:          4 kB
Private_Clean:         0 kB
Private_Dirty:         0 kB
Referenced:            0 kB
Anonymous:             4 kB
AnonHugePages:         0 kB
Swap:                  0 kB
KernelPageSize:        4 kB
MMUPageSize:           4 kB
Locked:                0 kB
7fe514d02000-7fe514d1a000 r-xp 00000000 fc:09 790104                     /lib/x86_64-linux-gnu/libresolv-2.15.so
Size:                 96 kB
Rss:                   4 kB
Pss:                   0 kB
Shared_Clean:          4 kB
Shared_Dirty:          0 kB
Private_Clean:         0 kB
Private_Dirty:         0 kB
Referenced:            4 kB
Anonymous:             0 kB
AnonHugePages:         0 kB
Swap:                  0 kB
KernelPageSize:        4 kB
MMUPageSize:           4 kB
Locked:                0 kB
7fe514d1a000-7fe514f1a000 ---p 00018000 fc:09 790104                     /lib/x86_64-linux-gnu/libresolv-2.15.so
Size:               2048 kB
Rss:                   0 kB
Pss:                   0 kB
Shared_Clean:          0 kB
Shared_Dirty:          0 kB
Private_Clean:         0 kB
Private_Dirty:         0 kB
Referenced:            0 kB
Anonymous:             0 kB
AnonHugePages:         0 kB
Swap:                  0 kB
KernelPageSize:        4 kB
MMUPageSize:           4 kB
Locked:                0 kB
7fe514f1a000-7fe514f1b000 r--p 00018000 fc:09 790104                     /lib/x86_64-linux-gnu/libresolv-2.15.so
Size:                  4 kB
Rss:                   4 kB
Pss:                   2 kB
Shared_Clean:          0 kB
Shared_Dirty:          4 kB
Private_Clean:         0 kB
Private_Dirty:         0 kB
Referenced:            4 kB
Anonymous:             4 kB
AnonHugePages:         0 kB
Swap:                  0 kB
KernelPageSize:        4 kB
MMUPageSize:           4 kB
Locked:                0 kB
7fe514f1b000-7fe514f1c000 rw-p 00019000 fc:09 790104                     /lib/x86_64-linux-gnu/libresolv-2.15.so
Size:                  4 kB
Rss:                   4 kB
Pss:                   4 kB
Shared_Clean:          0 kB
Shared_Dirty:          0 kB
Private_Clean:         0 kB
Private_Dirty:         4 kB
Referenced:            0 kB
Anonymous:             4 kB
AnonHugePages:         0 kB
Swap:                  0 kB
KernelPageSize:        4 kB
MMUPageSize:           4 kB
Locked:                0 kB
7fe514f1c000-7fe514f1e000 rw-p 00000000 00:00 0 
Size:                  8 kB
Rss:                   0 kB
Pss:                   0 kB
Shared_Clean:          0 kB
Shared_Dirty:          0 kB
Private_Clean:         0 kB
Private_Dirty:         0 kB
Referenced:            0 kB
Anonymous:             0 kB
AnonHugePages:         0 kB
Swap:                  0 kB
KernelPageSize:        4 kB
MMUPageSize:           4 kB
Locked:                0 kB
7fe514f1e000-7fe514f3b000 r-xp 00000000 fc:09 790108                     /lib/x86_64-linux-gnu/libselinux.so.1
Size:                116 kB
Rss:                   4 kB
Pss:                   0 kB
Shared_Clean:          4 kB
Shared_Dirty:          0 kB
Private_Clean:         0 kB
Private_Dirty:         0 kB
Referenced:            4 kB
Anonymous:             0 kB
AnonHugePages:         0 kB
Swap:                  0 kB
KernelPageSize:        4 kB
MMUPageSize:           4 kB
Locked:                0 kB
7fe514f3b000-7fe51513a000 ---p 0001d000 fc:09 790108                     /lib/x86_64-linux-gnu/libselinux.so.1
Size:               2044 kB
Rss:                   0 kB
Pss:                   0 kB
Shared_Clean:          0 kB
Shared_Dirty:          0 kB
Private_Clean:         0 kB
Private_Dirty:         0 kB
Referenced:            0 kB
Anonymous:             0 kB
AnonHugePages:         0 kB
Swap:                  0 kB
KernelPageSize:        4 kB
MMUPageSize:           4 kB
Locked:                0 kB
7fe51513a000-7fe51513b000 r--p 0001c000 fc:09 790108                     /lib/x86_64-linux-gnu/libselinux.so.1
Size:                  4 kB
Rss:                   4 kB
Pss:                   2 kB
Shared_Clean:          0 kB
Shared_Dirty:          4 kB
Private_Clean:         0 kB
Private_Dirty:         0 kB
Referenced:            4 kB
Anonymous:             4 kB
AnonHugePages:         0 kB
Swap:                  0 kB
KernelPageSize:        4 kB
MMUPageSize:           4 kB
Locked:                0 kB
7fe51513b000-7fe51513c000 rw-p 0001d000 fc:09 790108                     /lib/x86_64-linux-gnu/libselinux.so.1
Size:                  4 kB
Rss:                   4 kB
Pss:                   2 kB
Shared_Clean:          0 kB
Shared_Dirty:          4 kB
Private_Clean:         0 kB
Private_Dirty:         0 kB
Referenced:            0 kB
Anonymous:             4 kB
AnonHugePages:         0 kB
Swap:                  0 kB
KernelPageSize:        4 kB
MMUPageSize:           4 kB
Locked:                0 kB
7fe51513c000-7fe51513d000 rw-p 00000000 00:00 0 
Size:                  4 kB
Rss:                   4 kB
Pss:                   2 kB
Shared_Clean:          0 kB
Shared_Dirty:          4 kB
Private_Clean:         0 kB
Private_Dirty:         0 kB
Referenced:            0 kB
Anonymous:             4 kB
AnonHugePages:         0 kB
Swap:                  0 kB
KernelPageSize:        4 kB
MMUPageSize:           4 kB
Locked:                0 kB
7fe51513d000-7fe515142000 r-xp 00000000 fc:09 1842452                    /usr/lib/x86_64-linux-gnu/libXdmcp.so.6.0.0
Size:                 20 kB
Rss:                   4 kB
Pss:                   0 kB
Shared_Clean:          4 kB
Shared_Dirty:          0 kB
Private_Clean:         0 kB
Private_Dirty:         0 kB
Referenced:            4 kB
Anonymous:             0 kB
AnonHugePages:         0 kB
Swap:                  0 kB
KernelPageSize:        4 kB
MMUPageSize:           4 kB
Locked:                0 kB
7fe515142000-7fe515341000 ---p 00005000 fc:09 1842452                    /usr/lib/x86_64-linux-gnu/libXdmcp.so.6.0.0
Size:               2044 kB
Rss:                   0 kB
Pss:                   0 kB
Shared_Clean:          0 kB
Shared_Dirty:          0 kB
Private_Clean:         0 kB
Private_Dirty:         0 kB
Referenced:            0 kB
Anonymous:             0 kB
AnonHugePages:         0 kB
Swap:                  0 kB
KernelPageSize:        4 kB
MMUPageSize:           4 kB
Locked:                0 kB
7fe515341000-7fe515342000 r--p 00004000 fc:09 1842452                    /usr/lib/x86_64-linux-gnu/libXdmcp.so.6.0.0
Size:                  4 kB
Rss:                   4 kB
Pss:                   2 kB
Shared_Clean:          0 kB
Shared_Dirty:          4 kB
Private_Clean:         0 kB
Private_Dirty:         0 kB
Referenced:            4 kB
Anonymous:             4 kB
AnonHugePages:         0 kB
Swap:                  0 kB
KernelPageSize:        4 kB
MMUPageSize:           4 kB
Locked:                0 kB
7fe515342000-7fe515343000 rw-p 00005000 fc:09 1842452                    /usr/lib/x86_64-linux-gnu/libXdmcp.so.6.0.0
Size:                  4 kB
Rss:                   4 kB
Pss:                   2 kB
Shared_Clean:          0 kB
Shared_Dirty:          4 kB
Private_Clean:         0 kB
Private_Dirty:         0 kB
Referenced:            0 kB
Anonymous:             4 kB
AnonHugePages:         0 kB
Swap:                  0 kB
KernelPageSize:        4 kB
MMUPageSize:           4 kB
Locked:                0 kB
7fe515343000-7fe515345000 r-xp 00000000 fc:09 1842441                    /usr/lib/x86_64-linux-gnu/libXau.so.6.0.0
Size:                  8 kB
Rss:                   4 kB
Pss:                   0 kB
Shared_Clean:          4 kB
Shared_Dirty:          0 kB
Private_Clean:         0 kB
Private_Dirty:         0 kB
Referenced:            4 kB
Anonymous:             0 kB
AnonHugePages:         0 kB
Swap:                  0 kB
KernelPageSize:        4 kB
MMUPageSize:           4 kB
Locked:                0 kB
7fe515345000-7fe515545000 ---p 00002000 fc:09 1842441                    /usr/lib/x86_64-linux-gnu/libXau.so.6.0.0
Size:               2048 kB
Rss:                   0 kB
Pss:                   0 kB
Shared_Clean:          0 kB
Shared_Dirty:          0 kB
Private_Clean:         0 kB
Private_Dirty:         0 kB
Referenced:            0 kB
Anonymous:             0 kB
AnonHugePages:         0 kB
Swap:                  0 kB
KernelPageSize:        4 kB
MMUPageSize:           4 kB
Locked:                0 kB
7fe515545000-7fe515546000 r--p 00002000 fc:09 1842441                    /usr/lib/x86_64-linux-gnu/libXau.so.6.0.0
Size:                  4 kB
Rss:                   4 kB
Pss:                   2 kB
Shared_Clean:          0 kB
Shared_Dirty:          4 kB
Private_Clean:         0 kB
Private_Dirty:         0 kB
Referenced:            4 kB
Anonymous:             4 kB
AnonHugePages:         0 kB
Swap:                  0 kB
KernelPageSize:        4 kB
MMUPageSize:           4 kB
Locked:                0 kB
7fe515546000-7fe515547000 rw-p 00003000 fc:09 1842441                    /usr/lib/x86_64-linux-gnu/libXau.so.6.0.0
Size:                  4 kB
Rss:                   4 kB
Pss:                   4 kB
Shared_Clean:          0 kB
Shared_Dirty:          0 kB
Private_Clean:         0 kB
Private_Dirty:         4 kB
Referenced:            0 kB
Anonymous:             4 kB
AnonHugePages:         0 kB
Swap:                  0 kB
KernelPageSize:        4 kB
MMUPageSize:           4 kB
Locked:                0 kB
7fe515547000-7fe51554a000 r-xp 00000000 fc:09 790033                     /lib/x86_64-linux-gnu/libgpg-error.so.0.8.0
Size:                 12 kB
Rss:                   4 kB
Pss:                   0 kB
Shared_Clean:          4 kB
Shared_Dirty:          0 kB
Private_Clean:         0 kB
Private_Dirty:         0 kB
Referenced:            4 kB
Anonymous:             0 kB
AnonHugePages:         0 kB
Swap:                  0 kB
KernelPageSize:        4 kB
MMUPageSize:           4 kB
Locked:                0 kB
7fe51554a000-7fe515749000 ---p 00003000 fc:09 790033                     /lib/x86_64-linux-gnu/libgpg-error.so.0.8.0
Size:               2044 kB
Rss:                   0 kB
Pss:                   0 kB
Shared_Clean:          0 kB
Shared_Dirty:          0 kB
Private_Clean:         0 kB
Private_Dirty:         0 kB
Referenced:            0 kB
Anonymous:             0 kB
AnonHugePages:         0 kB
Swap:                  0 kB
KernelPageSize:        4 kB
MMUPageSize:           4 kB
Locked:                0 kB
7fe515749000-7fe51574a000 r--p 00002000 fc:09 790033                     /lib/x86_64-linux-gnu/libgpg-error.so.0.8.0
Size:                  4 kB
Rss:                   4 kB
Pss:                   2 kB
Shared_Clean:          0 kB
Shared_Dirty:          4 kB
Private_Clean:         0 kB
Private_Dirty:         0 kB
Referenced:            4 kB
Anonymous:             4 kB
AnonHugePages:         0 kB
Swap:                  0 kB
KernelPageSize:        4 kB
MMUPageSize:           4 kB
Locked:                0 kB
7fe51574a000-7fe51574b000 rw-p 00003000 fc:09 790033                     /lib/x86_64-linux-gnu/libgpg-error.so.0.8.0
Size:                  4 kB
Rss:                   4 kB
Pss:                   4 kB
Shared_Clean:          0 kB
Shared_Dirty:          0 kB
Private_Clean:         0 kB
Private_Dirty:         4 kB
Referenced:            0 kB
Anonymous:             4 kB
AnonHugePages:         0 kB
Swap:                  0 kB
KernelPageSize:        4 kB
MMUPageSize:           4 kB
Locked:                0 kB
7fe51574b000-7fe51575a000 r-xp 00000000 fc:09 1842522                    /usr/lib/x86_64-linux-gnu/libavahi-client.so.3.2.9
Size:                 60 kB
Rss:                   4 kB
Pss:                   0 kB
Shared_Clean:          4 kB
Shared_Dirty:          0 kB
Private_Clean:         0 kB
Private_Dirty:         0 kB
Referenced:            4 kB
Anonymous:             0 kB
AnonHugePages:         0 kB
Swap:                  0 kB
KernelPageSize:        4 kB
MMUPageSize:           4 kB
Locked:                0 kB
7fe51575a000-7fe51595a000 ---p 0000f000 fc:09 1842522                    /usr/lib/x86_64-linux-gnu/libavahi-client.so.3.2.9
Size:               2048 kB
Rss:                   0 kB
Pss:                   0 kB
Shared_Clean:          0 kB
Shared_Dirty:          0 kB
Private_Clean:         0 kB
Private_Dirty:         0 kB
Referenced:            0 kB
Anonymous:             0 kB
AnonHugePages:         0 kB
Swap:                  0 kB
KernelPageSize:        4 kB
MMUPageSize:           4 kB
Locked:                0 kB
7fe51595a000-7fe51595b000 r--p 0000f000 fc:09 1842522                    /usr/lib/x86_64-linux-gnu/libavahi-client.so.3.2.9
Size:                  4 kB
Rss:                   4 kB
Pss:                   2 kB
Shared_Clean:          0 kB
Shared_Dirty:          4 kB
Private_Clean:         0 kB
Private_Dirty:         0 kB
Referenced:            4 kB
Anonymous:             4 kB
AnonHugePages:         0 kB
Swap:                  0 kB
KernelPageSize:        4 kB
MMUPageSize:           4 kB
Locked:                0 kB
7fe51595b000-7fe51595c000 rw-p 00010000 fc:09 1842522                    /usr/lib/x86_64-linux-gnu/libavahi-client.so.3.2.9
Size:                  4 kB
Rss:                   4 kB
Pss:                   2 kB
Shared_Clean:          0 kB
Shared_Dirty:          4 kB
Private_Clean:         0 kB
Private_Dirty:         0 kB
Referenced:            0 kB
Anonymous:             4 kB
AnonHugePages:         0 kB
Swap:                  0 kB
KernelPageSize:        4 kB
MMUPageSize:           4 kB
Locked:                0 kB
7fe51595c000-7fe515967000 r-xp 00000000 fc:09 1842524                    /usr/lib/x86_64-linux-gnu/libavahi-common.so.3.5.3
Size:                 44 kB
Rss:                   4 kB
Pss:                   0 kB
Shared_Clean:          4 kB
Shared_Dirty:          0 kB
Private_Clean:         0 kB
Private_Dirty:         0 kB
Referenced:            4 kB
Anonymous:             0 kB
AnonHugePages:         0 kB
Swap:                  0 kB
KernelPageSize:        4 kB
MMUPageSize:           4 kB
Locked:                0 kB
7fe515967000-7fe515b66000 ---p 0000b000 fc:09 1842524                    /usr/lib/x86_64-linux-gnu/libavahi-common.so.3.5.3
Size:               2044 kB
Rss:                   0 kB
Pss:                   0 kB
Shared_Clean:          0 kB
Shared_Dirty:          0 kB
Private_Clean:         0 kB
Private_Dirty:         0 kB
Referenced:            0 kB
Anonymous:             0 kB
AnonHugePages:         0 kB
Swap:                  0 kB
KernelPageSize:        4 kB
MMUPageSize:           4 kB
Locked:                0 kB
7fe515b66000-7fe515b67000 r--p 0000a000 fc:09 1842524                    /usr/lib/x86_64-linux-gnu/libavahi-common.so.3.5.3
Size:                  4 kB
Rss:                   4 kB
Pss:                   2 kB
Shared_Clean:          0 kB
Shared_Dirty:          4 kB
Private_Clean:         0 kB
Private_Dirty:         0 kB
Referenced:            4 kB
Anonymous:             4 kB
AnonHugePages:         0 kB
Swap:                  0 kB
KernelPageSize:        4 kB
MMUPageSize:           4 kB
Locked:                0 kB
7fe515b67000-7fe515b68000 rw-p 0000b000 fc:09 1842524                    /usr/lib/x86_64-linux-gnu/libavahi-common.so.3.5.3
Size:                  4 kB
Rss:                   4 kB
Pss:                   2 kB
Shared_Clean:          0 kB
Shared_Dirty:          4 kB
Private_Clean:         0 kB
Private_Dirty:         0 kB
Referenced:            0 kB
Anonymous:             4 kB
AnonHugePages:         0 kB
Swap:                  0 kB
KernelPageSize:        4 kB
MMUPageSize:           4 kB
Locked:                0 kB
7fe515b68000-7fe515c1c000 r-xp 00000000 fc:09 1842739                    /usr/lib/x86_64-linux-gnu/libgnutls.so.26.21.8
Size:                720 kB
Rss:                   4 kB
Pss:                   0 kB
Shared_Clean:          4 kB
Shared_Dirty:          0 kB
Private_Clean:         0 kB
Private_Dirty:         0 kB
Referenced:            4 kB
Anonymous:             0 kB
AnonHugePages:         0 kB
Swap:                  0 kB
KernelPageSize:        4 kB
MMUPageSize:           4 kB
Locked:                0 kB
7fe515c1c000-7fe515e1c000 ---p 000b4000 fc:09 1842739                    /usr/lib/x86_64-linux-gnu/libgnutls.so.26.21.8
Size:               2048 kB
Rss:                   0 kB
Pss:                   0 kB
Shared_Clean:          0 kB
Shared_Dirty:          0 kB
Private_Clean:         0 kB
Private_Dirty:         0 kB
Referenced:            0 kB
Anonymous:             0 kB
AnonHugePages:         0 kB
Swap:                  0 kB
KernelPageSize:        4 kB
MMUPageSize:           4 kB
Locked:                0 kB
7fe515e1c000-7fe515e22000 r--p 000b4000 fc:09 1842739                    /usr/lib/x86_64-linux-gnu/libgnutls.so.26.21.8
Size:                 24 kB
Rss:                  24 kB
Pss:                  12 kB
Shared_Clean:          0 kB
Shared_Dirty:         24 kB
Private_Clean:         0 kB
Private_Dirty:         0 kB
Referenced:            4 kB
Anonymous:            24 kB
AnonHugePages:         0 kB
Swap:                  0 kB
KernelPageSize:        4 kB
MMUPageSize:           4 kB
Locked:                0 kB
7fe515e22000-7fe515e23000 rw-p 000ba000 fc:09 1842739                    /usr/lib/x86_64-linux-gnu/libgnutls.so.26.21.8
Size:                  4 kB
Rss:                   4 kB
Pss:                   2 kB
Shared_Clean:          0 kB
Shared_Dirty:          4 kB
Private_Clean:         0 kB
Private_Dirty:         0 kB
Referenced:            0 kB
Anonymous:             4 kB
AnonHugePages:         0 kB
Swap:                  0 kB
KernelPageSize:        4 kB
MMUPageSize:           4 kB
Locked:                0 kB
7fe515e23000-7fe515e24000 rw-p 00000000 00:00 0 
Size:                  4 kB
Rss:                   0 kB
Pss:                   0 kB
Shared_Clean:          0 kB
Shared_Dirty:          0 kB
Private_Clean:         0 kB
Private_Dirty:         0 kB
Referenced:            0 kB
Anonymous:             0 kB
AnonHugePages:         0 kB
Swap:                  0 kB
KernelPageSize:        4 kB
MMUPageSize:           4 kB
Locked:                0 kB
7fe515e24000-7fe515e5f000 r-xp 00000000 fc:09 1842760                    /usr/lib/x86_64-linux-gnu/libgssapi_krb5.so.2.2
Size:                236 kB
Rss:                   4 kB
Pss:                   0 kB
Shared_Clean:          4 kB
Shared_Dirty:          0 kB
Private_Clean:         0 kB
Private_Dirty:         0 kB
Referenced:            4 kB
Anonymous:             0 kB
AnonHugePages:         0 kB
Swap:                  0 kB
KernelPageSize:        4 kB
MMUPageSize:           4 kB
Locked:                0 kB
7fe515e5f000-7fe51605f000 ---p 0003b000 fc:09 1842760                    /usr/lib/x86_64-linux-gnu/libgssapi_krb5.so.2.2
Size:               2048 kB
Rss:                   0 kB
Pss:                   0 kB
Shared_Clean:          0 kB
Shared_Dirty:          0 kB
Private_Clean:         0 kB
Private_Dirty:         0 kB
Referenced:            0 kB
Anonymous:             0 kB
AnonHugePages:         0 kB
Swap:                  0 kB
KernelPageSize:        4 kB
MMUPageSize:           4 kB
Locked:                0 kB
7fe51605f000-7fe516060000 r--p 0003b000 fc:09 1842760                    /usr/lib/x86_64-linux-gnu/libgssapi_krb5.so.2.2
Size:                  4 kB
Rss:                   4 kB
Pss:                   2 kB
Shared_Clean:          0 kB
Shared_Dirty:          4 kB
Private_Clean:         0 kB
Private_Dirty:         0 kB
Referenced:            4 kB
Anonymous:             4 kB
AnonHugePages:         0 kB
Swap:                  0 kB
KernelPageSize:        4 kB
MMUPageSize:           4 kB
Locked:                0 kB
7fe516060000-7fe516062000 rw-p 0003c000 fc:09 1842760                    /usr/lib/x86_64-linux-gnu/libgssapi_krb5.so.2.2
Size:                  8 kB
Rss:                   8 kB
Pss:                   4 kB
Shared_Clean:          0 kB
Shared_Dirty:          8 kB
Private_Clean:         0 kB
Private_Dirty:         0 kB
Referenced:            0 kB
Anonymous:             8 kB
AnonHugePages:         0 kB
Swap:                  0 kB
KernelPageSize:        4 kB
MMUPageSize:           4 kB
Locked:                0 kB
7fe516062000-7fe516087000 r-xp 00000000 fc:09 1842605                    /usr/lib/x86_64-linux-gnu/libdbus-glib-1.so.2.2.2
Size:                148 kB
Rss:                   4 kB
Pss:                   0 kB
Shared_Clean:          4 kB
Shared_Dirty:          0 kB
Private_Clean:         0 kB
Private_Dirty:         0 kB
Referenced:            4 kB
Anonymous:             0 kB
AnonHugePages:         0 kB
Swap:                  0 kB
KernelPageSize:        4 kB
MMUPageSize:           4 kB
Locked:                0 kB
7fe516087000-7fe516287000 ---p 00025000 fc:09 1842605                    /usr/lib/x86_64-linux-gnu/libdbus-glib-1.so.2.2.2
Size:               2048 kB
Rss:                   0 kB
Pss:                   0 kB
Shared_Clean:          0 kB
Shared_Dirty:          0 kB
Private_Clean:         0 kB
Private_Dirty:         0 kB
Referenced:            0 kB
Anonymous:             0 kB
AnonHugePages:         0 kB
Swap:                  0 kB
KernelPageSize:        4 kB
MMUPageSize:           4 kB
Locked:                0 kB
7fe516287000-7fe516288000 r--p 00025000 fc:09 1842605                    /usr/lib/x86_64-linux-gnu/libdbus-glib-1.so.2.2.2
Size:                  4 kB
Rss:                   4 kB
Pss:                   2 kB
Shared_Clean:          0 kB
Shared_Dirty:          4 kB
Private_Clean:         0 kB
Private_Dirty:         0 kB
Referenced:            4 kB
Anonymous:             4 kB
AnonHugePages:         0 kB
Swap:                  0 kB
KernelPageSize:        4 kB
MMUPageSize:           4 kB
Locked:                0 kB
7fe516288000-7fe516289000 rw-p 00026000 fc:09 1842605                    /usr/lib/x86_64-linux-gnu/libdbus-glib-1.so.2.2.2
Size:                  4 kB
Rss:                   4 kB
Pss:                   4 kB
Shared_Clean:          0 kB
Shared_Dirty:          0 kB
Private_Clean:         0 kB
Private_Dirty:         4 kB
Referenced:            0 kB
Anonymous:             4 kB
AnonHugePages:         0 kB
Swap:                  0 kB
KernelPageSize:        4 kB
MMUPageSize:           4 kB
Locked:                0 kB
7fe516289000-7fe51628c000 r-xp 00000000 fc:09 1839408                    /usr/lib/x86_64-linux-gnu/libplds4.so
Size:                 12 kB
Rss:                   4 kB
Pss:                   0 kB
Shared_Clean:          4 kB
Shared_Dirty:          0 kB
Private_Clean:         0 kB
Private_Dirty:         0 kB
Referenced:            4 kB
Anonymous:             0 kB
AnonHugePages:         0 kB
Swap:                  0 kB
KernelPageSize:        4 kB
MMUPageSize:           4 kB
Locked:                0 kB
7fe51628c000-7fe51648b000 ---p 00003000 fc:09 1839408                    /usr/lib/x86_64-linux-gnu/libplds4.so
Size:               2044 kB
Rss:                   0 kB
Pss:                   0 kB
Shared_Clean:          0 kB
Shared_Dirty:          0 kB
Private_Clean:         0 kB
Private_Dirty:         0 kB
Referenced:            0 kB
Anonymous:             0 kB
AnonHugePages:         0 kB
Swap:                  0 kB
KernelPageSize:        4 kB
MMUPageSize:           4 kB
Locked:                0 kB
7fe51648b000-7fe51648c000 r--p 00002000 fc:09 1839408                    /usr/lib/x86_64-linux-gnu/libplds4.so
Size:                  4 kB
Rss:                   4 kB
Pss:                   2 kB
Shared_Clean:          0 kB
Shared_Dirty:          4 kB
Private_Clean:         0 kB
Private_Dirty:         0 kB
Referenced:            4 kB
Anonymous:             4 kB
AnonHugePages:         0 kB
Swap:                  0 kB
KernelPageSize:        4 kB
MMUPageSize:           4 kB
Locked:                0 kB
7fe51648c000-7fe51648d000 rw-p 00003000 fc:09 1839408                    /usr/lib/x86_64-linux-gnu/libplds4.so
Size:                  4 kB
Rss:                   4 kB
Pss:                   4 kB
Shared_Clean:          0 kB
Shared_Dirty:          0 kB
Private_Clean:         0 kB
Private_Dirty:         4 kB
Referenced:            0 kB
Anonymous:             4 kB
AnonHugePages:         0 kB
Swap:                  0 kB
KernelPageSize:        4 kB
MMUPageSize:           4 kB
Locked:                0 kB
7fe51648d000-7fe5164a3000 r-xp 00000000 fc:09 790136                     /lib/x86_64-linux-gnu/libz.so.1.2.7
Size:                 88 kB
Rss:                   4 kB
Pss:                   0 kB
Shared_Clean:          4 kB
Shared_Dirty:          0 kB
Private_Clean:         0 kB
Private_Dirty:         0 kB
Referenced:            4 kB
Anonymous:             0 kB
AnonHugePages:         0 kB
Swap:                  0 kB
KernelPageSize:        4 kB
MMUPageSize:           4 kB
Locked:                0 kB
7fe5164a3000-7fe5166a2000 ---p 00016000 fc:09 790136                     /lib/x86_64-linux-gnu/libz.so.1.2.7
Size:               2044 kB
Rss:                   0 kB
Pss:                   0 kB
Shared_Clean:          0 kB
Shared_Dirty:          0 kB
Private_Clean:         0 kB
Private_Dirty:         0 kB
Referenced:            0 kB
Anonymous:             0 kB
AnonHugePages:         0 kB
Swap:                  0 kB
KernelPageSize:        4 kB
MMUPageSize:           4 kB
Locked:                0 kB
7fe5166a2000-7fe5166a3000 r--p 00015000 fc:09 790136                     /lib/x86_64-linux-gnu/libz.so.1.2.7
Size:                  4 kB
Rss:                   4 kB
Pss:                   2 kB
Shared_Clean:          0 kB
Shared_Dirty:          4 kB
Private_Clean:         0 kB
Private_Dirty:         0 kB
Referenced:            4 kB
Anonymous:             4 kB
AnonHugePages:         0 kB
Swap:                  0 kB
KernelPageSize:        4 kB
MMUPageSize:           4 kB
Locked:                0 kB
7fe5166a3000-7fe5166a4000 rw-p 00016000 fc:09 790136                     /lib/x86_64-linux-gnu/libz.so.1.2.7
Size:                  4 kB
Rss:                   4 kB
Pss:                   4 kB
Shared_Clean:          0 kB
Shared_Dirty:          0 kB
Private_Clean:         0 kB
Private_Dirty:         4 kB
Referenced:            0 kB
Anonymous:             4 kB
AnonHugePages:         0 kB
Swap:                  0 kB
KernelPageSize:        4 kB
MMUPageSize:           4 kB
Locked:                0 kB
7fe5166a4000-7fe5166ac000 r-xp 00000000 fc:09 1843186                    /usr/lib/x86_64-linux-gnu/libxcb-render.so.0.0.0
Size:                 32 kB
Rss:                   4 kB
Pss:                   0 kB
Shared_Clean:          4 kB
Shared_Dirty:          0 kB
Private_Clean:         0 kB
Private_Dirty:         0 kB
Referenced:            4 kB
Anonymous:             0 kB
AnonHugePages:         0 kB
Swap:                  0 kB
KernelPageSize:        4 kB
MMUPageSize:           4 kB
Locked:                0 kB
7fe5166ac000-7fe5168ac000 ---p 00008000 fc:09 1843186                    /usr/lib/x86_64-linux-gnu/libxcb-render.so.0.0.0
Size:               2048 kB
Rss:                   0 kB
Pss:                   0 kB
Shared_Clean:          0 kB
Shared_Dirty:          0 kB
Private_Clean:         0 kB
Private_Dirty:         0 kB
Referenced:            0 kB
Anonymous:             0 kB
AnonHugePages:         0 kB
Swap:                  0 kB
KernelPageSize:        4 kB
MMUPageSize:           4 kB
Locked:                0 kB
7fe5168ac000-7fe5168ad000 r--p 00008000 fc:09 1843186                    /usr/lib/x86_64-linux-gnu/libxcb-render.so.0.0.0
Size:                  4 kB
Rss:                   4 kB
Pss:                   2 kB
Shared_Clean:          0 kB
Shared_Dirty:          4 kB
Private_Clean:         0 kB
Private_Dirty:         0 kB
Referenced:            4 kB
Anonymous:             4 kB
AnonHugePages:         0 kB
Swap:                  0 kB
KernelPageSize:        4 kB
MMUPageSize:           4 kB
Locked:                0 kB
7fe5168ad000-7fe5168ae000 rw-p 00009000 fc:09 1843186                    /usr/lib/x86_64-linux-gnu/libxcb-render.so.0.0.0
Size:                  4 kB
Rss:                   4 kB
Pss:                   2 kB
Shared_Clean:          0 kB
Shared_Dirty:          4 kB
Private_Clean:         0 kB
Private_Dirty:         0 kB
Referenced:            0 kB
Anonymous:             4 kB
AnonHugePages:         0 kB
Swap:                  0 kB
KernelPageSize:        4 kB
MMUPageSize:           4 kB
Locked:                0 kB
7fe5168ae000-7fe5168b0000 r-xp 00000000 fc:09 1843190                    /usr/lib/x86_64-linux-gnu/libxcb-shm.so.0.0.0
Size:                  8 kB
Rss:                   4 kB
Pss:                   0 kB
Shared_Clean:          4 kB
Shared_Dirty:          0 kB
Private_Clean:         0 kB
Private_Dirty:         0 kB
Referenced:            4 kB
Anonymous:             0 kB
AnonHugePages:         0 kB
Swap:                  0 kB
KernelPageSize:        4 kB
MMUPageSize:           4 kB
Locked:                0 kB
7fe5168b0000-7fe516aaf000 ---p 00002000 fc:09 1843190                    /usr/lib/x86_64-linux-gnu/libxcb-shm.so.0.0.0
Size:               2044 kB
Rss:                   0 kB
Pss:                   0 kB
Shared_Clean:          0 kB
Shared_Dirty:          0 kB
Private_Clean:         0 kB
Private_Dirty:         0 kB
Referenced:            0 kB
Anonymous:             0 kB
AnonHugePages:         0 kB
Swap:                  0 kB
KernelPageSize:        4 kB
MMUPageSize:           4 kB
Locked:                0 kB
7fe516aaf000-7fe516ab0000 r--p 00001000 fc:09 1843190                    /usr/lib/x86_64-linux-gnu/libxcb-shm.so.0.0.0
Size:                  4 kB
Rss:                   4 kB
Pss:                   2 kB
Shared_Clean:          0 kB
Shared_Dirty:          4 kB
Private_Clean:         0 kB
Private_Dirty:         0 kB
Referenced:            4 kB
Anonymous:             4 kB
AnonHugePages:         0 kB
Swap:                  0 kB
KernelPageSize:        4 kB
MMUPageSize:           4 kB
Locked:                0 kB
7fe516ab0000-7fe516ab1000 rw-p 00002000 fc:09 1843190                    /usr/lib/x86_64-linux-gnu/libxcb-shm.so.0.0.0
Size:                  4 kB
Rss:                   4 kB
Pss:                   2 kB
Shared_Clean:          0 kB
Shared_Dirty:          4 kB
Private_Clean:         0 kB
Private_Dirty:         0 kB
Referenced:            0 kB
Anonymous:             4 kB
AnonHugePages:         0 kB
Swap:                  0 kB
KernelPageSize:        4 kB
MMUPageSize:           4 kB
Locked:                0 kB
7fe516ab1000-7fe516ad6000 r-xp 00000000 fc:09 790093                     /lib/x86_64-linux-gnu/libpng12.so.0.49.0
Size:                148 kB
Rss:                   4 kB
Pss:                   0 kB
Shared_Clean:          4 kB
Shared_Dirty:          0 kB
Private_Clean:         0 kB
Private_Dirty:         0 kB
Referenced:            4 kB
Anonymous:             0 kB
AnonHugePages:         0 kB
Swap:                  0 kB
KernelPageSize:        4 kB
MMUPageSize:           4 kB
Locked:                0 kB
7fe516ad6000-7fe516cd5000 ---p 00025000 fc:09 790093                     /lib/x86_64-linux-gnu/libpng12.so.0.49.0
Size:               2044 kB
Rss:                   0 kB
Pss:                   0 kB
Shared_Clean:          0 kB
Shared_Dirty:          0 kB
Private_Clean:         0 kB
Private_Dirty:         0 kB
Referenced:            0 kB
Anonymous:             0 kB
AnonHugePages:         0 kB
Swap:                  0 kB
KernelPageSize:        4 kB
MMUPageSize:           4 kB
Locked:                0 kB
7fe516cd5000-7fe516cd6000 r--p 00024000 fc:09 790093                     /lib/x86_64-linux-gnu/libpng12.so.0.49.0
Size:                  4 kB
Rss:                   4 kB
Pss:                   2 kB
Shared_Clean:          0 kB
Shared_Dirty:          4 kB
Private_Clean:         0 kB
Private_Dirty:         0 kB
Referenced:            4 kB
Anonymous:             4 kB
AnonHugePages:         0 kB
Swap:                  0 kB
KernelPageSize:        4 kB
MMUPageSize:           4 kB
Locked:                0 kB
7fe516cd6000-7fe516cd7000 rw-p 00025000 fc:09 790093                     /lib/x86_64-linux-gnu/libpng12.so.0.49.0
Size:                  4 kB
Rss:                   4 kB
Pss:                   4 kB
Shared_Clean:          0 kB
Shared_Dirty:          0 kB
Private_Clean:         0 kB
Private_Dirty:         4 kB
Referenced:            0 kB
Anonymous:             4 kB
AnonHugePages:         0 kB
Swap:                  0 kB
KernelPageSize:        4 kB
MMUPageSize:           4 kB
Locked:                0 kB
7fe516cd7000-7fe516d57000 r-xp 00000000 fc:09 1842995                    /usr/lib/x86_64-linux-gnu/libpixman-1.so.0.26.0
Size:                512 kB
Rss:                   4 kB
Pss:                   0 kB
Shared_Clean:          4 kB
Shared_Dirty:          0 kB
Private_Clean:         0 kB
Private_Dirty:         0 kB
Referenced:            4 kB
Anonymous:             0 kB
AnonHugePages:         0 kB
Swap:                  0 kB
KernelPageSize:        4 kB
MMUPageSize:           4 kB
Locked:                0 kB
7fe516d57000-7fe516f56000 ---p 00080000 fc:09 1842995                    /usr/lib/x86_64-linux-gnu/libpixman-1.so.0.26.0
Size:               2044 kB
Rss:                   0 kB
Pss:                   0 kB
Shared_Clean:          0 kB
Shared_Dirty:          0 kB
Private_Clean:         0 kB
Private_Dirty:         0 kB
Referenced:            0 kB
Anonymous:             0 kB
AnonHugePages:         0 kB
Swap:                  0 kB
KernelPageSize:        4 kB
MMUPageSize:           4 kB
Locked:                0 kB
7fe516f56000-7fe516f5c000 r--p 0007f000 fc:09 1842995                    /usr/lib/x86_64-linux-gnu/libpixman-1.so.0.26.0
Size:                 24 kB
Rss:                  24 kB
Pss:                  12 kB
Shared_Clean:          0 kB
Shared_Dirty:         24 kB
Private_Clean:         0 kB
Private_Dirty:         0 kB
Referenced:            4 kB
Anonymous:            24 kB
AnonHugePages:         0 kB
Swap:                  0 kB
KernelPageSize:        4 kB
MMUPageSize:           4 kB
Locked:                0 kB
7fe516f5c000-7fe516f5d000 rw-p 00085000 fc:09 1842995                    /usr/lib/x86_64-linux-gnu/libpixman-1.so.0.26.0
Size:                  4 kB
Rss:                   4 kB
Pss:                   4 kB
Shared_Clean:          0 kB
Shared_Dirty:          0 kB
Private_Clean:         0 kB
Private_Dirty:         4 kB
Referenced:            0 kB
Anonymous:             4 kB
AnonHugePages:         0 kB
Swap:                  0 kB
KernelPageSize:        4 kB
MMUPageSize:           4 kB
Locked:                0 kB
7fe516f5d000-7fe516f60000 r-xp 00000000 fc:09 1835390                    /usr/lib/x86_64-linux-gnu/libgmodule-2.0.so.0.3400.1
Size:                 12 kB
Rss:                   4 kB
Pss:                   0 kB
Shared_Clean:          4 kB
Shared_Dirty:          0 kB
Private_Clean:         0 kB
Private_Dirty:         0 kB
Referenced:            4 kB
Anonymous:             0 kB
AnonHugePages:         0 kB
Swap:                  0 kB
KernelPageSize:        4 kB
MMUPageSize:           4 kB
Locked:                0 kB
7fe516f60000-7fe51715f000 ---p 00003000 fc:09 1835390                    /usr/lib/x86_64-linux-gnu/libgmodule-2.0.so.0.3400.1
Size:               2044 kB
Rss:                   0 kB
Pss:                   0 kB
Shared_Clean:          0 kB
Shared_Dirty:          0 kB
Private_Clean:         0 kB
Private_Dirty:         0 kB
Referenced:            0 kB
Anonymous:             0 kB
AnonHugePages:         0 kB
Swap:                  0 kB
KernelPageSize:        4 kB
MMUPageSize:           4 kB
Locked:                0 kB
7fe51715f000-7fe517160000 r--p 00002000 fc:09 1835390                    /usr/lib/x86_64-linux-gnu/libgmodule-2.0.so.0.3400.1
Size:                  4 kB
Rss:                   4 kB
Pss:                   2 kB
Shared_Clean:          0 kB
Shared_Dirty:          4 kB
Private_Clean:         0 kB
Private_Dirty:         0 kB
Referenced:            4 kB
Anonymous:             4 kB
AnonHugePages:         0 kB
Swap:                  0 kB
KernelPageSize:        4 kB
MMUPageSize:           4 kB
Locked:                0 kB
7fe517160000-7fe517161000 rw-p 00003000 fc:09 1835390                    /usr/lib/x86_64-linux-gnu/libgmodule-2.0.so.0.3400.1
Size:                  4 kB
Rss:                   4 kB
Pss:                   4 kB
Shared_Clean:          0 kB
Shared_Dirty:          0 kB
Private_Clean:         0 kB
Private_Dirty:         4 kB
Referenced:            0 kB
Anonymous:             4 kB
AnonHugePages:         0 kB
Swap:                  0 kB
KernelPageSize:        4 kB
MMUPageSize:           4 kB
Locked:                0 kB
7fe517161000-7fe517163000 r-xp 00000000 fc:09 1842450                    /usr/lib/x86_64-linux-gnu/libXdamage.so.1.1.0
Size:                  8 kB
Rss:                   4 kB
Pss:                   0 kB
Shared_Clean:          4 kB
Shared_Dirty:          0 kB
Private_Clean:         0 kB
Private_Dirty:         0 kB
Referenced:            4 kB
Anonymous:             0 kB
AnonHugePages:         0 kB
Swap:                  0 kB
KernelPageSize:        4 kB
MMUPageSize:           4 kB
Locked:                0 kB
7fe517163000-7fe517362000 ---p 00002000 fc:09 1842450                    /usr/lib/x86_64-linux-gnu/libXdamage.so.1.1.0
Size:               2044 kB
Rss:                   0 kB
Pss:                   0 kB
Shared_Clean:          0 kB
Shared_Dirty:          0 kB
Private_Clean:         0 kB
Private_Dirty:         0 kB
Referenced:            0 kB
Anonymous:             0 kB
AnonHugePages:         0 kB
Swap:                  0 kB
KernelPageSize:        4 kB
MMUPageSize:           4 kB
Locked:                0 kB
7fe517362000-7fe517363000 r--p 00001000 fc:09 1842450                    /usr/lib/x86_64-linux-gnu/libXdamage.so.1.1.0
Size:                  4 kB
Rss:                   4 kB
Pss:                   2 kB
Shared_Clean:          0 kB
Shared_Dirty:          4 kB
Private_Clean:         0 kB
Private_Dirty:         0 kB
Referenced:            4 kB
Anonymous:             4 kB
AnonHugePages:         0 kB
Swap:                  0 kB
KernelPageSize:        4 kB
MMUPageSize:           4 kB
Locked:                0 kB
7fe517363000-7fe517364000 rw-p 00002000 fc:09 1842450                    /usr/lib/x86_64-linux-gnu/libXdamage.so.1.1.0
Size:                  4 kB
Rss:                   4 kB
Pss:                   4 kB
Shared_Clean:          0 kB
Shared_Dirty:          0 kB
Private_Clean:         0 kB
Private_Dirty:         4 kB
Referenced:            0 kB
Anonymous:             4 kB
AnonHugePages:         0 kB
Swap:                  0 kB
KernelPageSize:        4 kB
MMUPageSize:           4 kB
Locked:                0 kB
7fe517364000-7fe51736d000 r-xp 00000000 fc:09 1842448                    /usr/lib/x86_64-linux-gnu/libXcursor.so.1.0.2
Size:                 36 kB
Rss:                   4 kB
Pss:                   0 kB
Shared_Clean:          4 kB
Shared_Dirty:          0 kB
Private_Clean:         0 kB
Private_Dirty:         0 kB
Referenced:            4 kB
Anonymous:             0 kB
AnonHugePages:         0 kB
Swap:                  0 kB
KernelPageSize:        4 kB
MMUPageSize:           4 kB
Locked:                0 kB
7fe51736d000-7fe51756d000 ---p 00009000 fc:09 1842448                    /usr/lib/x86_64-linux-gnu/libXcursor.so.1.0.2
Size:               2048 kB
Rss:                   0 kB
Pss:                   0 kB
Shared_Clean:          0 kB
Shared_Dirty:          0 kB
Private_Clean:         0 kB
Private_Dirty:         0 kB
Referenced:            0 kB
Anonymous:             0 kB
AnonHugePages:         0 kB
Swap:                  0 kB
KernelPageSize:        4 kB
MMUPageSize:           4 kB
Locked:                0 kB
7fe51756d000-7fe51756e000 r--p 00009000 fc:09 1842448                    /usr/lib/x86_64-linux-gnu/libXcursor.so.1.0.2
Size:                  4 kB
Rss:                   4 kB
Pss:                   2 kB
Shared_Clean:          0 kB
Shared_Dirty:          4 kB
Private_Clean:         0 kB
Private_Dirty:         0 kB
Referenced:            4 kB
Anonymous:             4 kB
AnonHugePages:         0 kB
Swap:                  0 kB
KernelPageSize:        4 kB
MMUPageSize:           4 kB
Locked:                0 kB
7fe51756e000-7fe51756f000 rw-p 0000a000 fc:09 1842448                    /usr/lib/x86_64-linux-gnu/libXcursor.so.1.0.2
Size:                  4 kB
Rss:                   4 kB
Pss:                   4 kB
Shared_Clean:          0 kB
Shared_Dirty:          0 kB
Private_Clean:         0 kB
Private_Dirty:         4 kB
Referenced:            0 kB
Anonymous:             4 kB
AnonHugePages:         0 kB
Swap:                  0 kB
KernelPageSize:        4 kB
MMUPageSize:           4 kB
Locked:                0 kB
7fe51756f000-7fe51757d000 r-xp 00000000 fc:09 1842460                    /usr/lib/x86_64-linux-gnu/libXi.so.6.1.0
Size:                 56 kB
Rss:                   4 kB
Pss:                   0 kB
Shared_Clean:          4 kB
Shared_Dirty:          0 kB
Private_Clean:         0 kB
Private_Dirty:         0 kB
Referenced:            4 kB
Anonymous:             0 kB
AnonHugePages:         0 kB
Swap:                  0 kB
KernelPageSize:        4 kB
MMUPageSize:           4 kB
Locked:                0 kB
7fe51757d000-7fe51777c000 ---p 0000e000 fc:09 1842460                    /usr/lib/x86_64-linux-gnu/libXi.so.6.1.0
Size:               2044 kB
Rss:                   0 kB
Pss:                   0 kB
Shared_Clean:          0 kB
Shared_Dirty:          0 kB
Private_Clean:         0 kB
Private_Dirty:         0 kB
Referenced:            0 kB
Anonymous:             0 kB
AnonHugePages:         0 kB
Swap:                  0 kB
KernelPageSize:        4 kB
MMUPageSize:           4 kB
Locked:                0 kB
7fe51777c000-7fe51777d000 r--p 0000d000 fc:09 1842460                    /usr/lib/x86_64-linux-gnu/libXi.so.6.1.0
Size:                  4 kB
Rss:                   4 kB
Pss:                   2 kB
Shared_Clean:          0 kB
Shared_Dirty:          4 kB
Private_Clean:         0 kB
Private_Dirty:         0 kB
Referenced:            4 kB
Anonymous:             4 kB
AnonHugePages:         0 kB
Swap:                  0 kB
KernelPageSize:        4 kB
MMUPageSize:           4 kB
Locked:                0 kB
7fe51777d000-7fe51777e000 rw-p 0000e000 fc:09 1842460                    /usr/lib/x86_64-linux-gnu/libXi.so.6.1.0
Size:                  4 kB
Rss:                   4 kB
Pss:                   4 kB
Shared_Clean:          0 kB
Shared_Dirty:          0 kB
Private_Clean:         0 kB
Private_Dirty:         4 kB
Referenced:            0 kB
Anonymous:             4 kB
AnonHugePages:         0 kB
Swap:                  0 kB
KernelPageSize:        4 kB
MMUPageSize:           4 kB
Locked:                0 kB
7fe51777e000-7fe517780000 r-xp 00000000 fc:09 1842462                    /usr/lib/x86_64-linux-gnu/libXinerama.so.1.0.0
Size:                  8 kB
Rss:                   4 kB
Pss:                   0 kB
Shared_Clean:          4 kB
Shared_Dirty:          0 kB
Private_Clean:         0 kB
Private_Dirty:         0 kB
Referenced:            4 kB
Anonymous:             0 kB
AnonHugePages:         0 kB
Swap:                  0 kB
KernelPageSize:        4 kB
MMUPageSize:           4 kB
Locked:                0 kB
7fe517780000-7fe51797f000 ---p 00002000 fc:09 1842462                    /usr/lib/x86_64-linux-gnu/libXinerama.so.1.0.0
Size:               2044 kB
Rss:                   0 kB
Pss:                   0 kB
Shared_Clean:          0 kB
Shared_Dirty:          0 kB
Private_Clean:         0 kB
Private_Dirty:         0 kB
Referenced:            0 kB
Anonymous:             0 kB
AnonHugePages:         0 kB
Swap:                  0 kB
KernelPageSize:        4 kB
MMUPageSize:           4 kB
Locked:                0 kB
7fe51797f000-7fe517980000 r--p 00001000 fc:09 1842462                    /usr/lib/x86_64-linux-gnu/libXinerama.so.1.0.0
Size:                  4 kB
Rss:                   4 kB
Pss:                   2 kB
Shared_Clean:          0 kB
Shared_Dirty:          4 kB
Private_Clean:         0 kB
Private_Dirty:         0 kB
Referenced:            4 kB
Anonymous:             4 kB
AnonHugePages:         0 kB
Swap:                  0 kB
KernelPageSize:        4 kB
MMUPageSize:           4 kB
Locked:                0 kB
7fe517980000-7fe517981000 rw-p 00002000 fc:09 1842462                    /usr/lib/x86_64-linux-gnu/libXinerama.so.1.0.0
Size:                  4 kB
Rss:                   4 kB
Pss:                   2 kB
Shared_Clean:          0 kB
Shared_Dirty:          4 kB
Private_Clean:         0 kB
Private_Dirty:         0 kB
Referenced:            0 kB
Anonymous:             4 kB
AnonHugePages:         0 kB
Swap:                  0 kB
KernelPageSize:        4 kB
MMUPageSize:           4 kB
Locked:                0 kB
7fe517981000-7fe5179ab000 r-xp 00000000 fc:09 1842977                    /usr/lib/x86_64-linux-gnu/libpangoft2-1.0.so.0.3000.1
Size:                168 kB
Rss:                   4 kB
Pss:                   0 kB
Shared_Clean:          4 kB
Shared_Dirty:          0 kB
Private_Clean:         0 kB
Private_Dirty:         0 kB
Referenced:            4 kB
Anonymous:             0 kB
AnonHugePages:         0 kB
Swap:                  0 kB
KernelPageSize:        4 kB
MMUPageSize:           4 kB
Locked:                0 kB
7fe5179ab000-7fe517baa000 ---p 0002a000 fc:09 1842977                    /usr/lib/x86_64-linux-gnu/libpangoft2-1.0.so.0.3000.1
Size:               2044 kB
Rss:                   0 kB
Pss:                   0 kB
Shared_Clean:          0 kB
Shared_Dirty:          0 kB
Private_Clean:         0 kB
Private_Dirty:         0 kB
Referenced:            0 kB
Anonymous:             0 kB
AnonHugePages:         0 kB
Swap:                  0 kB
KernelPageSize:        4 kB
MMUPageSize:           4 kB
Locked:                0 kB
7fe517baa000-7fe517bab000 r--p 00029000 fc:09 1842977                    /usr/lib/x86_64-linux-gnu/libpangoft2-1.0.so.0.3000.1
Size:                  4 kB
Rss:                   4 kB
Pss:                   2 kB
Shared_Clean:          0 kB
Shared_Dirty:          4 kB
Private_Clean:         0 kB
Private_Dirty:         0 kB
Referenced:            4 kB
Anonymous:             4 kB
AnonHugePages:         0 kB
Swap:                  0 kB
KernelPageSize:        4 kB
MMUPageSize:           4 kB
Locked:                0 kB
7fe517bab000-7fe517bac000 rw-p 0002a000 fc:09 1842977                    /usr/lib/x86_64-linux-gnu/libpangoft2-1.0.so.0.3000.1
Size:                  4 kB
Rss:                   4 kB
Pss:                   4 kB
Shared_Clean:          0 kB
Shared_Dirty:          0 kB
Private_Clean:         0 kB
Private_Dirty:         4 kB
Referenced:            0 kB
Anonymous:             4 kB
AnonHugePages:         0 kB
Swap:                  0 kB
KernelPageSize:        4 kB
MMUPageSize:           4 kB
Locked:                0 kB
7fe517bac000-7fe517cfa000 r-xp 00000000 fc:09 1835396                    /usr/lib/x86_64-linux-gnu/libgio-2.0.so.0.3400.1
Size:               1336 kB
Rss:                   4 kB
Pss:                   0 kB
Shared_Clean:          4 kB
Shared_Dirty:          0 kB
Private_Clean:         0 kB
Private_Dirty:         0 kB
Referenced:            4 kB
Anonymous:             0 kB
AnonHugePages:         0 kB
Swap:                  0 kB
KernelPageSize:        4 kB
MMUPageSize:           4 kB
Locked:                0 kB
7fe517cfa000-7fe517ef9000 ---p 0014e000 fc:09 1835396                    /usr/lib/x86_64-linux-gnu/libgio-2.0.so.0.3400.1
Size:               2044 kB
Rss:                   0 kB
Pss:                   0 kB
Shared_Clean:          0 kB
Shared_Dirty:          0 kB
Private_Clean:         0 kB
Private_Dirty:         0 kB
Referenced:            0 kB
Anonymous:             0 kB
AnonHugePages:         0 kB
Swap:                  0 kB
KernelPageSize:        4 kB
MMUPageSize:           4 kB
Locked:                0 kB
7fe517ef9000-7fe517efd000 r--p 0014d000 fc:09 1835396                    /usr/lib/x86_64-linux-gnu/libgio-2.0.so.0.3400.1
Size:                 16 kB
Rss:                  16 kB
Pss:                   8 kB
Shared_Clean:          0 kB
Shared_Dirty:         16 kB
Private_Clean:         0 kB
Private_Dirty:         0 kB
Referenced:            4 kB
Anonymous:            16 kB
AnonHugePages:         0 kB
Swap:                  0 kB
KernelPageSize:        4 kB
MMUPageSize:           4 kB
Locked:                0 kB
7fe517efd000-7fe517eff000 rw-p 00151000 fc:09 1835396                    /usr/lib/x86_64-linux-gnu/libgio-2.0.so.0.3400.1
Size:                  8 kB
Rss:                   8 kB
Pss:                   8 kB
Shared_Clean:          0 kB
Shared_Dirty:          0 kB
Private_Clean:         0 kB
Private_Dirty:         8 kB
Referenced:            0 kB
Anonymous:             8 kB
AnonHugePages:         0 kB
Swap:                  0 kB
KernelPageSize:        4 kB
MMUPageSize:           4 kB
Locked:                0 kB
7fe517eff000-7fe517f01000 rw-p 00000000 00:00 0 
Size:                  8 kB
Rss:                   0 kB
Pss:                   0 kB
Shared_Clean:          0 kB
Shared_Dirty:          0 kB
Private_Clean:         0 kB
Private_Dirty:         0 kB
Referenced:            0 kB
Anonymous:             0 kB
AnonHugePages:         0 kB
Swap:                  0 kB
KernelPageSize:        4 kB
MMUPageSize:           4 kB
Locked:                0 kB
7fe517f01000-7fe517f3d000 r-xp 00000000 fc:09 790089                     /lib/x86_64-linux-gnu/libpcre.so.3.13.1
Size:                240 kB
Rss:                   4 kB
Pss:                   0 kB
Shared_Clean:          4 kB
Shared_Dirty:          0 kB
Private_Clean:         0 kB
Private_Dirty:         0 kB
Referenced:            4 kB
Anonymous:             0 kB
AnonHugePages:         0 kB
Swap:                  0 kB
KernelPageSize:        4 kB
MMUPageSize:           4 kB
Locked:                0 kB
7fe517f3d000-7fe51813c000 ---p 0003c000 fc:09 790089                     /lib/x86_64-linux-gnu/libpcre.so.3.13.1
Size:               2044 kB
Rss:                   0 kB
Pss:                   0 kB
Shared_Clean:          0 kB
Shared_Dirty:          0 kB
Private_Clean:         0 kB
Private_Dirty:         0 kB
Referenced:            0 kB
Anonymous:             0 kB
AnonHugePages:         0 kB
Swap:                  0 kB
KernelPageSize:        4 kB
MMUPageSize:           4 kB
Locked:                0 kB
7fe51813c000-7fe51813d000 r--p 0003b000 fc:09 790089                     /lib/x86_64-linux-gnu/libpcre.so.3.13.1
Size:                  4 kB
Rss:                   4 kB
Pss:                   2 kB
Shared_Clean:          0 kB
Shared_Dirty:          4 kB
Private_Clean:         0 kB
Private_Dirty:         0 kB
Referenced:            4 kB
Anonymous:             4 kB
AnonHugePages:         0 kB
Swap:                  0 kB
KernelPageSize:        4 kB
MMUPageSize:           4 kB
Locked:                0 kB
7fe51813d000-7fe51813e000 rw-p 0003c000 fc:09 790089                     /lib/x86_64-linux-gnu/libpcre.so.3.13.1
Size:                  4 kB
Rss:                   4 kB
Pss:                   4 kB
Shared_Clean:          0 kB
Shared_Dirty:          0 kB
Private_Clean:         0 kB
Private_Dirty:         4 kB
Referenced:            0 kB
Anonymous:             4 kB
AnonHugePages:         0 kB
Swap:                  0 kB
KernelPageSize:        4 kB
MMUPageSize:           4 kB
Locked:                0 kB
7fe51813e000-7fe518145000 r-xp 00000000 fc:09 1842655                    /usr/lib/x86_64-linux-gnu/libffi.so.6.0.0
Size:                 28 kB
Rss:                   4 kB
Pss:                   0 kB
Shared_Clean:          4 kB
Shared_Dirty:          0 kB
Private_Clean:         0 kB
Private_Dirty:         0 kB
Referenced:            4 kB
Anonymous:             0 kB
AnonHugePages:         0 kB
Swap:                  0 kB
KernelPageSize:        4 kB
MMUPageSize:           4 kB
Locked:                0 kB
7fe518145000-7fe518344000 ---p 00007000 fc:09 1842655                    /usr/lib/x86_64-linux-gnu/libffi.so.6.0.0
Size:               2044 kB
Rss:                   0 kB
Pss:                   0 kB
Shared_Clean:          0 kB
Shared_Dirty:          0 kB
Private_Clean:         0 kB
Private_Dirty:         0 kB
Referenced:            0 kB
Anonymous:             0 kB
AnonHugePages:         0 kB
Swap:                  0 kB
KernelPageSize:        4 kB
MMUPageSize:           4 kB
Locked:                0 kB
7fe518344000-7fe518345000 r--p 00006000 fc:09 1842655                    /usr/lib/x86_64-linux-gnu/libffi.so.6.0.0
Size:                  4 kB
Rss:                   4 kB
Pss:                   2 kB
Shared_Clean:          0 kB
Shared_Dirty:          4 kB
Private_Clean:         0 kB
Private_Dirty:         0 kB
Referenced:            4 kB
Anonymous:             4 kB
AnonHugePages:         0 kB
Swap:                  0 kB
KernelPageSize:        4 kB
MMUPageSize:           4 kB
Locked:                0 kB
7fe518345000-7fe518346000 rw-p 00007000 fc:09 1842655                    /usr/lib/x86_64-linux-gnu/libffi.so.6.0.0
Size:                  4 kB
Rss:                   4 kB
Pss:                   4 kB
Shared_Clean:          0 kB
Shared_Dirty:          0 kB
Private_Clean:         0 kB
Private_Dirty:         4 kB
Referenced:            0 kB
Anonymous:             4 kB
AnonHugePages:         0 kB
Swap:                  0 kB
KernelPageSize:        4 kB
MMUPageSize:           4 kB
Locked:                0 kB
7fe518346000-7fe518347000 rw-p 00000000 00:00 0 
Size:                  4 kB
Rss:                   4 kB
Pss:                   4 kB
Shared_Clean:          0 kB
Shared_Dirty:          0 kB
Private_Clean:         0 kB
Private_Dirty:         4 kB
Referenced:            4 kB
Anonymous:             4 kB
AnonHugePages:         0 kB
Swap:                  0 kB
KernelPageSize:        4 kB
MMUPageSize:           4 kB
Locked:                0 kB
7fe518347000-7fe518364000 r-xp 00000000 fc:09 1843194                    /usr/lib/x86_64-linux-gnu/libxcb.so.1.1.0
Size:                116 kB
Rss:                   4 kB
Pss:                   0 kB
Shared_Clean:          4 kB
Shared_Dirty:          0 kB
Private_Clean:         0 kB
Private_Dirty:         0 kB
Referenced:            4 kB
Anonymous:             0 kB
AnonHugePages:         0 kB
Swap:                  0 kB
KernelPageSize:        4 kB
MMUPageSize:           4 kB
Locked:                0 kB
7fe518364000-7fe518563000 ---p 0001d000 fc:09 1843194                    /usr/lib/x86_64-linux-gnu/libxcb.so.1.1.0
Size:               2044 kB
Rss:                   0 kB
Pss:                   0 kB
Shared_Clean:          0 kB
Shared_Dirty:          0 kB
Private_Clean:         0 kB
Private_Dirty:         0 kB
Referenced:            0 kB
Anonymous:             0 kB
AnonHugePages:         0 kB
Swap:                  0 kB
KernelPageSize:        4 kB
MMUPageSize:           4 kB
Locked:                0 kB
7fe518563000-7fe518564000 r--p 0001c000 fc:09 1843194                    /usr/lib/x86_64-linux-gnu/libxcb.so.1.1.0
Size:                  4 kB
Rss:                   4 kB
Pss:                   2 kB
Shared_Clean:          0 kB
Shared_Dirty:          4 kB
Private_Clean:         0 kB
Private_Dirty:         0 kB
Referenced:            4 kB
Anonymous:             4 kB
AnonHugePages:         0 kB
Swap:                  0 kB
KernelPageSize:        4 kB
MMUPageSize:           4 kB
Locked:                0 kB
7fe518564000-7fe518565000 rw-p 0001d000 fc:09 1843194                    /usr/lib/x86_64-linux-gnu/libxcb.so.1.1.0
Size:                  4 kB
Rss:                   4 kB
Pss:                   4 kB
Shared_Clean:          0 kB
Shared_Dirty:          0 kB
Private_Clean:         0 kB
Private_Dirty:         4 kB
Referenced:            0 kB
Anonymous:             4 kB
AnonHugePages:         0 kB
Swap:                  0 kB
KernelPageSize:        4 kB
MMUPageSize:           4 kB
Locked:                0 kB
7fe518565000-7fe51871a000 r-xp 00000000 fc:09 790002                     /lib/x86_64-linux-gnu/libc-2.15.so
Size:               1748 kB
Rss:                 460 kB
Pss:                   3 kB
Shared_Clean:        460 kB
Shared_Dirty:          0 kB
Private_Clean:         0 kB
Private_Dirty:         0 kB
Referenced:          460 kB
Anonymous:             0 kB
AnonHugePages:         0 kB
Swap:                  0 kB
KernelPageSize:        4 kB
MMUPageSize:           4 kB
Locked:                0 kB
7fe51871a000-7fe518919000 ---p 001b5000 fc:09 790002                     /lib/x86_64-linux-gnu/libc-2.15.so
Size:               2044 kB
Rss:                   0 kB
Pss:                   0 kB
Shared_Clean:          0 kB
Shared_Dirty:          0 kB
Private_Clean:         0 kB
Private_Dirty:         0 kB
Referenced:            0 kB
Anonymous:             0 kB
AnonHugePages:         0 kB
Swap:                  0 kB
KernelPageSize:        4 kB
MMUPageSize:           4 kB
Locked:                0 kB
7fe518919000-7fe51891d000 r--p 001b4000 fc:09 790002                     /lib/x86_64-linux-gnu/libc-2.15.so
Size:                 16 kB
Rss:                  16 kB
Pss:                   8 kB
Shared_Clean:          0 kB
Shared_Dirty:         16 kB
Private_Clean:         0 kB
Private_Dirty:         0 kB
Referenced:            4 kB
Anonymous:            16 kB
AnonHugePages:         0 kB
Swap:                  0 kB
KernelPageSize:        4 kB
MMUPageSize:           4 kB
Locked:                0 kB
7fe51891d000-7fe51891f000 rw-p 001b8000 fc:09 790002                     /lib/x86_64-linux-gnu/libc-2.15.so
Size:                  8 kB
Rss:                   8 kB
Pss:                   8 kB
Shared_Clean:          0 kB
Shared_Dirty:          0 kB
Private_Clean:         0 kB
Private_Dirty:         8 kB
Referenced:            8 kB
Anonymous:             8 kB
AnonHugePages:         0 kB
Swap:                  0 kB
KernelPageSize:        4 kB
MMUPageSize:           4 kB
Locked:                0 kB
7fe51891f000-7fe518925000 rw-p 00000000 00:00 0 
Size:                 24 kB
Rss:                  20 kB
Pss:                  20 kB
Shared_Clean:          0 kB
Shared_Dirty:          0 kB
Private_Clean:         0 kB
Private_Dirty:        20 kB
Referenced:           20 kB
Anonymous:            20 kB
AnonHugePages:         0 kB
Swap:                  0 kB
KernelPageSize:        4 kB
MMUPageSize:           4 kB
Locked:                0 kB
7fe518925000-7fe51893a000 r-xp 00000000 fc:09 790027                     /lib/x86_64-linux-gnu/libgcc_s.so.1
Size:                 84 kB
Rss:                   4 kB
Pss:                   0 kB
Shared_Clean:          4 kB
Shared_Dirty:          0 kB
Private_Clean:         0 kB
Private_Dirty:         0 kB
Referenced:            4 kB
Anonymous:             0 kB
AnonHugePages:         0 kB
Swap:                  0 kB
KernelPageSize:        4 kB
MMUPageSize:           4 kB
Locked:                0 kB
7fe51893a000-7fe518b39000 ---p 00015000 fc:09 790027                     /lib/x86_64-linux-gnu/libgcc_s.so.1
Size:               2044 kB
Rss:                   0 kB
Pss:                   0 kB
Shared_Clean:          0 kB
Shared_Dirty:          0 kB
Private_Clean:         0 kB
Private_Dirty:         0 kB
Referenced:            0 kB
Anonymous:             0 kB
AnonHugePages:         0 kB
Swap:                  0 kB
KernelPageSize:        4 kB
MMUPageSize:           4 kB
Locked:                0 kB
7fe518b39000-7fe518b3a000 r--p 00014000 fc:09 790027                     /lib/x86_64-linux-gnu/libgcc_s.so.1
Size:                  4 kB
Rss:                   4 kB
Pss:                   2 kB
Shared_Clean:          0 kB
Shared_Dirty:          4 kB
Private_Clean:         0 kB
Private_Dirty:         0 kB
Referenced:            4 kB
Anonymous:             4 kB
AnonHugePages:         0 kB
Swap:                  0 kB
KernelPageSize:        4 kB
MMUPageSize:           4 kB
Locked:                0 kB
7fe518b3a000-7fe518b3b000 rw-p 00015000 fc:09 790027                     /lib/x86_64-linux-gnu/libgcc_s.so.1
Size:                  4 kB
Rss:                   4 kB
Pss:                   4 kB
Shared_Clean:          0 kB
Shared_Dirty:          0 kB
Private_Clean:         0 kB
Private_Dirty:         4 kB
Referenced:            0 kB
Anonymous:             4 kB
AnonHugePages:         0 kB
Swap:                  0 kB
KernelPageSize:        4 kB
MMUPageSize:           4 kB
Locked:                0 kB
7fe518b3b000-7fe518c36000 r-xp 00000000 fc:09 790044                     /lib/x86_64-linux-gnu/libm-2.15.so
Size:               1004 kB
Rss:                  24 kB
Pss:                   0 kB
Shared_Clean:         24 kB
Shared_Dirty:          0 kB
Private_Clean:         0 kB
Private_Dirty:         0 kB
Referenced:           24 kB
Anonymous:             0 kB
AnonHugePages:         0 kB
Swap:                  0 kB
KernelPageSize:        4 kB
MMUPageSize:           4 kB
Locked:                0 kB
7fe518c36000-7fe518e35000 ---p 000fb000 fc:09 790044                     /lib/x86_64-linux-gnu/libm-2.15.so
Size:               2044 kB
Rss:                   0 kB
Pss:                   0 kB
Shared_Clean:          0 kB
Shared_Dirty:          0 kB
Private_Clean:         0 kB
Private_Dirty:         0 kB
Referenced:            0 kB
Anonymous:             0 kB
AnonHugePages:         0 kB
Swap:                  0 kB
KernelPageSize:        4 kB
MMUPageSize:           4 kB
Locked:                0 kB
7fe518e35000-7fe518e36000 r--p 000fa000 fc:09 790044                     /lib/x86_64-linux-gnu/libm-2.15.so
Size:                  4 kB
Rss:                   4 kB
Pss:                   2 kB
Shared_Clean:          0 kB
Shared_Dirty:          4 kB
Private_Clean:         0 kB
Private_Dirty:         0 kB
Referenced:            4 kB
Anonymous:             4 kB
AnonHugePages:         0 kB
Swap:                  0 kB
KernelPageSize:        4 kB
MMUPageSize:           4 kB
Locked:                0 kB
7fe518e36000-7fe518e37000 rw-p 000fb000 fc:09 790044                     /lib/x86_64-linux-gnu/libm-2.15.so
Size:                  4 kB
Rss:                   4 kB
Pss:                   2 kB
Shared_Clean:          0 kB
Shared_Dirty:          4 kB
Private_Clean:         0 kB
Private_Dirty:         0 kB
Referenced:            4 kB
Anonymous:             4 kB
AnonHugePages:         0 kB
Swap:                  0 kB
KernelPageSize:        4 kB
MMUPageSize:           4 kB
Locked:                0 kB
7fe518e37000-7fe518f1c000 r-xp 00000000 fc:09 1843100                    /usr/lib/x86_64-linux-gnu/libstdc++.so.6.0.17
Size:                916 kB
Rss:                  76 kB
Pss:                   2 kB
Shared_Clean:         76 kB
Shared_Dirty:          0 kB
Private_Clean:         0 kB
Private_Dirty:         0 kB
Referenced:           76 kB
Anonymous:             0 kB
AnonHugePages:         0 kB
Swap:                  0 kB
KernelPageSize:        4 kB
MMUPageSize:           4 kB
Locked:                0 kB
7fe518f1c000-7fe51911b000 ---p 000e5000 fc:09 1843100                    /usr/lib/x86_64-linux-gnu/libstdc++.so.6.0.17
Size:               2044 kB
Rss:                   0 kB
Pss:                   0 kB
Shared_Clean:          0 kB
Shared_Dirty:          0 kB
Private_Clean:         0 kB
Private_Dirty:         0 kB
Referenced:            0 kB
Anonymous:             0 kB
AnonHugePages:         0 kB
Swap:                  0 kB
KernelPageSize:        4 kB
MMUPageSize:           4 kB
Locked:                0 kB
7fe51911b000-7fe519123000 r--p 000e4000 fc:09 1843100                    /usr/lib/x86_64-linux-gnu/libstdc++.so.6.0.17
Size:                 32 kB
Rss:                  32 kB
Pss:                  16 kB
Shared_Clean:          0 kB
Shared_Dirty:         32 kB
Private_Clean:         0 kB
Private_Dirty:         0 kB
Referenced:            4 kB
Anonymous:            32 kB
AnonHugePages:         0 kB
Swap:                  0 kB
KernelPageSize:        4 kB
MMUPageSize:           4 kB
Locked:                0 kB
7fe519123000-7fe519125000 rw-p 000ec000 fc:09 1843100                    /usr/lib/x86_64-linux-gnu/libstdc++.so.6.0.17
Size:                  8 kB
Rss:                   8 kB
Pss:                   8 kB
Shared_Clean:          0 kB
Shared_Dirty:          0 kB
Private_Clean:         0 kB
Private_Dirty:         8 kB
Referenced:            8 kB
Anonymous:             8 kB
AnonHugePages:         0 kB
Swap:                  0 kB
KernelPageSize:        4 kB
MMUPageSize:           4 kB
Locked:                0 kB
7fe519125000-7fe51913a000 rw-p 00000000 00:00 0 
Size:                 84 kB
Rss:                  16 kB
Pss:                  12 kB
Shared_Clean:          0 kB
Shared_Dirty:          8 kB
Private_Clean:         0 kB
Private_Dirty:         8 kB
Referenced:            4 kB
Anonymous:            16 kB
AnonHugePages:         0 kB
Swap:                  0 kB
KernelPageSize:        4 kB
MMUPageSize:           4 kB
Locked:                0 kB
7fe51913a000-7fe519146000 r-xp 00000000 fc:09 790121                     /lib/x86_64-linux-gnu/libudev.so.0.13.0
Size:                 48 kB
Rss:                   4 kB
Pss:                   0 kB
Shared_Clean:          4 kB
Shared_Dirty:          0 kB
Private_Clean:         0 kB
Private_Dirty:         0 kB
Referenced:            4 kB
Anonymous:             0 kB
AnonHugePages:         0 kB
Swap:                  0 kB
KernelPageSize:        4 kB
MMUPageSize:           4 kB
Locked:                0 kB
7fe519146000-7fe519345000 ---p 0000c000 fc:09 790121                     /lib/x86_64-linux-gnu/libudev.so.0.13.0
Size:               2044 kB
Rss:                   0 kB
Pss:                   0 kB
Shared_Clean:          0 kB
Shared_Dirty:          0 kB
Private_Clean:         0 kB
Private_Dirty:         0 kB
Referenced:            0 kB
Anonymous:             0 kB
AnonHugePages:         0 kB
Swap:                  0 kB
KernelPageSize:        4 kB
MMUPageSize:           4 kB
Locked:                0 kB
7fe519345000-7fe519346000 r--p 0000b000 fc:09 790121                     /lib/x86_64-linux-gnu/libudev.so.0.13.0
Size:                  4 kB
Rss:                   4 kB
Pss:                   2 kB
Shared_Clean:          0 kB
Shared_Dirty:          4 kB
Private_Clean:         0 kB
Private_Dirty:         0 kB
Referenced:            4 kB
Anonymous:             4 kB
AnonHugePages:         0 kB
Swap:                  0 kB
KernelPageSize:        4 kB
MMUPageSize:           4 kB
Locked:                0 kB
7fe519346000-7fe519347000 rw-p 0000c000 fc:09 790121                     /lib/x86_64-linux-gnu/libudev.so.0.13.0
Size:                  4 kB
Rss:                   4 kB
Pss:                   2 kB
Shared_Clean:          0 kB
Shared_Dirty:          4 kB
Private_Clean:         0 kB
Private_Dirty:         0 kB
Referenced:            0 kB
Anonymous:             4 kB
AnonHugePages:         0 kB
Swap:                  0 kB
KernelPageSize:        4 kB
MMUPageSize:           4 kB
Locked:                0 kB
7fe519347000-7fe51936d000 r-xp 00000000 fc:09 790022                     /lib/x86_64-linux-gnu/libexpat.so.1.6.0
Size:                152 kB
Rss:                 104 kB
Pss:                   4 kB
Shared_Clean:        104 kB
Shared_Dirty:          0 kB
Private_Clean:         0 kB
Private_Dirty:         0 kB
Referenced:          104 kB
Anonymous:             0 kB
AnonHugePages:         0 kB
Swap:                  0 kB
KernelPageSize:        4 kB
MMUPageSize:           4 kB
Locked:                0 kB
7fe51936d000-7fe51956d000 ---p 00026000 fc:09 790022                     /lib/x86_64-linux-gnu/libexpat.so.1.6.0
Size:               2048 kB
Rss:                   0 kB
Pss:                   0 kB
Shared_Clean:          0 kB
Shared_Dirty:          0 kB
Private_Clean:         0 kB
Private_Dirty:         0 kB
Referenced:            0 kB
Anonymous:             0 kB
AnonHugePages:         0 kB
Swap:                  0 kB
KernelPageSize:        4 kB
MMUPageSize:           4 kB
Locked:                0 kB
7fe51956d000-7fe51956f000 r--p 00026000 fc:09 790022                     /lib/x86_64-linux-gnu/libexpat.so.1.6.0
Size:                  8 kB
Rss:                   8 kB
Pss:                   4 kB
Shared_Clean:          0 kB
Shared_Dirty:          8 kB
Private_Clean:         0 kB
Private_Dirty:         0 kB
Referenced:            8 kB
Anonymous:             8 kB
AnonHugePages:         0 kB
Swap:                  0 kB
KernelPageSize:        4 kB
MMUPageSize:           4 kB
Locked:                0 kB
7fe51956f000-7fe519570000 rw-p 00028000 fc:09 790022                     /lib/x86_64-linux-gnu/libexpat.so.1.6.0
Size:                  4 kB
Rss:                   4 kB
Pss:                   4 kB
Shared_Clean:          0 kB
Shared_Dirty:          0 kB
Private_Clean:         0 kB
Private_Dirty:         4 kB
Referenced:            4 kB
Anonymous:             4 kB
AnonHugePages:         0 kB
Swap:                  0 kB
KernelPageSize:        4 kB
MMUPageSize:           4 kB
Locked:                0 kB
7fe519570000-7fe5195ea000 r-xp 00000000 fc:09 790029                     /lib/x86_64-linux-gnu/libgcrypt.so.11.7.0
Size:                488 kB
Rss:                   4 kB
Pss:                   0 kB
Shared_Clean:          4 kB
Shared_Dirty:          0 kB
Private_Clean:         0 kB
Private_Dirty:         0 kB
Referenced:            4 kB
Anonymous:             0 kB
AnonHugePages:         0 kB
Swap:                  0 kB
KernelPageSize:        4 kB
MMUPageSize:           4 kB
Locked:                0 kB
7fe5195ea000-7fe5197ea000 ---p 0007a000 fc:09 790029                     /lib/x86_64-linux-gnu/libgcrypt.so.11.7.0
Size:               2048 kB
Rss:                   0 kB
Pss:                   0 kB
Shared_Clean:          0 kB
Shared_Dirty:          0 kB
Private_Clean:         0 kB
Private_Dirty:         0 kB
Referenced:            0 kB
Anonymous:             0 kB
AnonHugePages:         0 kB
Swap:                  0 kB
KernelPageSize:        4 kB
MMUPageSize:           4 kB
Locked:                0 kB
7fe5197ea000-7fe5197eb000 r--p 0007a000 fc:09 790029                     /lib/x86_64-linux-gnu/libgcrypt.so.11.7.0
Size:                  4 kB
Rss:                   4 kB
Pss:                   2 kB
Shared_Clean:          0 kB
Shared_Dirty:          4 kB
Private_Clean:         0 kB
Private_Dirty:         0 kB
Referenced:            4 kB
Anonymous:             4 kB
AnonHugePages:         0 kB
Swap:                  0 kB
KernelPageSize:        4 kB
MMUPageSize:           4 kB
Locked:                0 kB
7fe5197eb000-7fe5197ee000 rw-p 0007b000 fc:09 790029                     /lib/x86_64-linux-gnu/libgcrypt.so.11.7.0
Size:                 12 kB
Rss:                  12 kB
Pss:                  12 kB
Shared_Clean:          0 kB
Shared_Dirty:          0 kB
Private_Clean:         0 kB
Private_Dirty:        12 kB
Referenced:            0 kB
Anonymous:            12 kB
AnonHugePages:         0 kB
Swap:                  0 kB
KernelPageSize:        4 kB
MMUPageSize:           4 kB
Locked:                0 kB
7fe5197ee000-7fe519849000 r-xp 00000000 fc:09 1836238                    /usr/lib/x86_64-linux-gnu/libcups.so.2
Size:                364 kB
Rss:                   4 kB
Pss:                   0 kB
Shared_Clean:          4 kB
Shared_Dirty:          0 kB
Private_Clean:         0 kB
Private_Dirty:         0 kB
Referenced:            4 kB
Anonymous:             0 kB
AnonHugePages:         0 kB
Swap:                  0 kB
KernelPageSize:        4 kB
MMUPageSize:           4 kB
Locked:                0 kB
7fe519849000-7fe519a48000 ---p 0005b000 fc:09 1836238                    /usr/lib/x86_64-linux-gnu/libcups.so.2
Size:               2044 kB
Rss:                   0 kB
Pss:                   0 kB
Shared_Clean:          0 kB
Shared_Dirty:          0 kB
Private_Clean:         0 kB
Private_Dirty:         0 kB
Referenced:            0 kB
Anonymous:             0 kB
AnonHugePages:         0 kB
Swap:                  0 kB
KernelPageSize:        4 kB
MMUPageSize:           4 kB
Locked:                0 kB
7fe519a48000-7fe519a4d000 r--p 0005a000 fc:09 1836238                    /usr/lib/x86_64-linux-gnu/libcups.so.2
Size:                 20 kB
Rss:                  20 kB
Pss:                  10 kB
Shared_Clean:          0 kB
Shared_Dirty:         20 kB
Private_Clean:         0 kB
Private_Dirty:         0 kB
Referenced:            4 kB
Anonymous:            20 kB
AnonHugePages:         0 kB
Swap:                  0 kB
KernelPageSize:        4 kB
MMUPageSize:           4 kB
Locked:                0 kB
7fe519a4d000-7fe519a4e000 rw-p 0005f000 fc:09 1836238                    /usr/lib/x86_64-linux-gnu/libcups.so.2
Size:                  4 kB
Rss:                   4 kB
Pss:                   2 kB
Shared_Clean:          0 kB
Shared_Dirty:          4 kB
Private_Clean:         0 kB
Private_Dirty:         0 kB
Referenced:            0 kB
Anonymous:             4 kB
AnonHugePages:         0 kB
Swap:                  0 kB
KernelPageSize:        4 kB
MMUPageSize:           4 kB
Locked:                0 kB
7fe519a4e000-7fe519a5d000 r-xp 00000000 fc:09 790001                     /lib/x86_64-linux-gnu/libbz2.so.1.0.4
Size:                 60 kB
Rss:                   4 kB
Pss:                   0 kB
Shared_Clean:          4 kB
Shared_Dirty:          0 kB
Private_Clean:         0 kB
Private_Dirty:         0 kB
Referenced:            4 kB
Anonymous:             0 kB
AnonHugePages:         0 kB
Swap:                  0 kB
KernelPageSize:        4 kB
MMUPageSize:           4 kB
Locked:                0 kB
7fe519a5d000-7fe519c5c000 ---p 0000f000 fc:09 790001                     /lib/x86_64-linux-gnu/libbz2.so.1.0.4
Size:               2044 kB
Rss:                   0 kB
Pss:                   0 kB
Shared_Clean:          0 kB
Shared_Dirty:          0 kB
Private_Clean:         0 kB
Private_Dirty:         0 kB
Referenced:            0 kB
Anonymous:             0 kB
AnonHugePages:         0 kB
Swap:                  0 kB
KernelPageSize:        4 kB
MMUPageSize:           4 kB
Locked:                0 kB
7fe519c5c000-7fe519c5d000 r--p 0000e000 fc:09 790001                     /lib/x86_64-linux-gnu/libbz2.so.1.0.4
Size:                  4 kB
Rss:                   4 kB
Pss:                   2 kB
Shared_Clean:          0 kB
Shared_Dirty:          4 kB
Private_Clean:         0 kB
Private_Dirty:         0 kB
Referenced:            4 kB
Anonymous:             4 kB
AnonHugePages:         0 kB
Swap:                  0 kB
KernelPageSize:        4 kB
MMUPageSize:           4 kB
Locked:                0 kB
7fe519c5d000-7fe519c5e000 rw-p 0000f000 fc:09 790001                     /lib/x86_64-linux-gnu/libbz2.so.1.0.4
Size:                  4 kB
Rss:                   4 kB
Pss:                   4 kB
Shared_Clean:          0 kB
Shared_Dirty:          0 kB
Private_Clean:         0 kB
Private_Dirty:         4 kB
Referenced:            0 kB
Anonymous:             4 kB
AnonHugePages:         0 kB
Swap:                  0 kB
KernelPageSize:        4 kB
MMUPageSize:           4 kB
Locked:                0 kB
7fe519c5e000-7fe519c63000 r-xp 00000000 fc:09 1842456                    /usr/lib/x86_64-linux-gnu/libXfixes.so.3.1.0
Size:                 20 kB
Rss:                   4 kB
Pss:                   0 kB
Shared_Clean:          4 kB
Shared_Dirty:          0 kB
Private_Clean:         0 kB
Private_Dirty:         0 kB
Referenced:            4 kB
Anonymous:             0 kB
AnonHugePages:         0 kB
Swap:                  0 kB
KernelPageSize:        4 kB
MMUPageSize:           4 kB
Locked:                0 kB
7fe519c63000-7fe519e62000 ---p 00005000 fc:09 1842456                    /usr/lib/x86_64-linux-gnu/libXfixes.so.3.1.0
Size:               2044 kB
Rss:                   0 kB
Pss:                   0 kB
Shared_Clean:          0 kB
Shared_Dirty:          0 kB
Private_Clean:         0 kB
Private_Dirty:         0 kB
Referenced:            0 kB
Anonymous:             0 kB
AnonHugePages:         0 kB
Swap:                  0 kB
KernelPageSize:        4 kB
MMUPageSize:           4 kB
Locked:                0 kB
7fe519e62000-7fe519e63000 r--p 00004000 fc:09 1842456                    /usr/lib/x86_64-linux-gnu/libXfixes.so.3.1.0
Size:                  4 kB
Rss:                   4 kB
Pss:                   2 kB
Shared_Clean:          0 kB
Shared_Dirty:          4 kB
Private_Clean:         0 kB
Private_Dirty:         0 kB
Referenced:            4 kB
Anonymous:             4 kB
AnonHugePages:         0 kB
Swap:                  0 kB
KernelPageSize:        4 kB
MMUPageSize:           4 kB
Locked:                0 kB
7fe519e63000-7fe519e64000 rw-p 00005000 fc:09 1842456                    /usr/lib/x86_64-linux-gnu/libXfixes.so.3.1.0
Size:                  4 kB
Rss:                   4 kB
Pss:                   4 kB
Shared_Clean:          0 kB
Shared_Dirty:          0 kB
Private_Clean:         0 kB
Private_Dirty:         4 kB
Referenced:            0 kB
Anonymous:             4 kB
AnonHugePages:         0 kB
Swap:                  0 kB
KernelPageSize:        4 kB
MMUPageSize:           4 kB
Locked:                0 kB
7fe519e64000-7fe519f48000 r-xp 00000000 fc:09 1842505                    /usr/lib/x86_64-linux-gnu/libasound.so.2.0.0
Size:                912 kB
Rss:                   8 kB
Pss:                   0 kB
Shared_Clean:          8 kB
Shared_Dirty:          0 kB
Private_Clean:         0 kB
Private_Dirty:         0 kB
Referenced:            8 kB
Anonymous:             0 kB
AnonHugePages:         0 kB
Swap:                  0 kB
KernelPageSize:        4 kB
MMUPageSize:           4 kB
Locked:                0 kB
7fe519f48000-7fe51a147000 ---p 000e4000 fc:09 1842505                    /usr/lib/x86_64-linux-gnu/libasound.so.2.0.0
Size:               2044 kB
Rss:                   0 kB
Pss:                   0 kB
Shared_Clean:          0 kB
Shared_Dirty:          0 kB
Private_Clean:         0 kB
Private_Dirty:         0 kB
Referenced:            0 kB
Anonymous:             0 kB
AnonHugePages:         0 kB
Swap:                  0 kB
KernelPageSize:        4 kB
MMUPageSize:           4 kB
Locked:                0 kB
7fe51a147000-7fe51a14d000 r--p 000e3000 fc:09 1842505                    /usr/lib/x86_64-linux-gnu/libasound.so.2.0.0
Size:                 24 kB
Rss:                  24 kB
Pss:                  12 kB
Shared_Clean:          0 kB
Shared_Dirty:         24 kB
Private_Clean:         0 kB
Private_Dirty:         0 kB
Referenced:            4 kB
Anonymous:            24 kB
AnonHugePages:         0 kB
Swap:                  0 kB
KernelPageSize:        4 kB
MMUPageSize:           4 kB
Locked:                0 kB
7fe51a14d000-7fe51a14e000 rw-p 000e9000 fc:09 1842505                    /usr/lib/x86_64-linux-gnu/libasound.so.2.0.0
Size:                  4 kB
Rss:                   4 kB
Pss:                   4 kB
Shared_Clean:          0 kB
Shared_Dirty:          0 kB
Private_Clean:         0 kB
Private_Dirty:         4 kB
Referenced:            0 kB
Anonymous:             4 kB
AnonHugePages:         0 kB
Swap:                  0 kB
KernelPageSize:        4 kB
MMUPageSize:           4 kB
Locked:                0 kB
7fe51a14e000-7fe51a150000 r-xp 00000000 fc:09 1842446                    /usr/lib/x86_64-linux-gnu/libXcomposite.so.1.0.0
Size:                  8 kB
Rss:                   4 kB
Pss:                   0 kB
Shared_Clean:          4 kB
Shared_Dirty:          0 kB
Private_Clean:         0 kB
Private_Dirty:         0 kB
Referenced:            4 kB
Anonymous:             0 kB
AnonHugePages:         0 kB
Swap:                  0 kB
KernelPageSize:        4 kB
MMUPageSize:           4 kB
Locked:                0 kB
7fe51a150000-7fe51a34f000 ---p 00002000 fc:09 1842446                    /usr/lib/x86_64-linux-gnu/libXcomposite.so.1.0.0
Size:               2044 kB
Rss:                   0 kB
Pss:                   0 kB
Shared_Clean:          0 kB
Shared_Dirty:          0 kB
Private_Clean:         0 kB
Private_Dirty:         0 kB
Referenced:            0 kB
Anonymous:             0 kB
AnonHugePages:         0 kB
Swap:                  0 kB
KernelPageSize:        4 kB
MMUPageSize:           4 kB
Locked:                0 kB
7fe51a34f000-7fe51a350000 r--p 00001000 fc:09 1842446                    /usr/lib/x86_64-linux-gnu/libXcomposite.so.1.0.0
Size:                  4 kB
Rss:                   4 kB
Pss:                   2 kB
Shared_Clean:          0 kB
Shared_Dirty:          4 kB
Private_Clean:         0 kB
Private_Dirty:         0 kB
Referenced:            4 kB
Anonymous:             4 kB
AnonHugePages:         0 kB
Swap:                  0 kB
KernelPageSize:        4 kB
MMUPageSize:           4 kB
Locked:                0 kB
7fe51a350000-7fe51a351000 rw-p 00002000 fc:09 1842446                    /usr/lib/x86_64-linux-gnu/libXcomposite.so.1.0.0
Size:                  4 kB
Rss:                   4 kB
Pss:                   4 kB
Shared_Clean:          0 kB
Shared_Dirty:          0 kB
Private_Clean:         0 kB
Private_Dirty:         4 kB
Referenced:            0 kB
Anonymous:             4 kB
AnonHugePages:         0 kB
Swap:                  0 kB
KernelPageSize:        4 kB
MMUPageSize:           4 kB
Locked:                0 kB
7fe51a351000-7fe51a394000 r-xp 00000000 fc:09 790014                     /lib/x86_64-linux-gnu/libdbus-1.so.3.7.2
Size:                268 kB
Rss:                   4 kB
Pss:                   0 kB
Shared_Clean:          4 kB
Shared_Dirty:          0 kB
Private_Clean:         0 kB
Private_Dirty:         0 kB
Referenced:            4 kB
Anonymous:             0 kB
AnonHugePages:         0 kB
Swap:                  0 kB
KernelPageSize:        4 kB
MMUPageSize:           4 kB
Locked:                0 kB
7fe51a394000-7fe51a593000 ---p 00043000 fc:09 790014                     /lib/x86_64-linux-gnu/libdbus-1.so.3.7.2
Size:               2044 kB
Rss:                   0 kB
Pss:                   0 kB
Shared_Clean:          0 kB
Shared_Dirty:          0 kB
Private_Clean:         0 kB
Private_Dirty:         0 kB
Referenced:            0 kB
Anonymous:             0 kB
AnonHugePages:         0 kB
Swap:                  0 kB
KernelPageSize:        4 kB
MMUPageSize:           4 kB
Locked:                0 kB
7fe51a593000-7fe51a594000 r--p 00042000 fc:09 790014                     /lib/x86_64-linux-gnu/libdbus-1.so.3.7.2
Size:                  4 kB
Rss:                   4 kB
Pss:                   2 kB
Shared_Clean:          0 kB
Shared_Dirty:          4 kB
Private_Clean:         0 kB
Private_Dirty:         0 kB
Referenced:            4 kB
Anonymous:             4 kB
AnonHugePages:         0 kB
Swap:                  0 kB
KernelPageSize:        4 kB
MMUPageSize:           4 kB
Locked:                0 kB
7fe51a594000-7fe51a595000 rw-p 00043000 fc:09 790014                     /lib/x86_64-linux-gnu/libdbus-1.so.3.7.2
Size:                  4 kB
Rss:                   4 kB
Pss:                   4 kB
Shared_Clean:          0 kB
Shared_Dirty:          0 kB
Private_Clean:         0 kB
Private_Dirty:         4 kB
Referenced:            0 kB
Anonymous:             4 kB
AnonHugePages:         0 kB
Swap:                  0 kB
KernelPageSize:        4 kB
MMUPageSize:           4 kB
Locked:                0 kB
7fe51a595000-7fe51a5c2000 r-xp 00000000 fc:09 1842694                    /usr/lib/x86_64-linux-gnu/libgconf-2.so.4.1.5
Size:                180 kB
Rss:                   4 kB
Pss:                   0 kB
Shared_Clean:          4 kB
Shared_Dirty:          0 kB
Private_Clean:         0 kB
Private_Dirty:         0 kB
Referenced:            4 kB
Anonymous:             0 kB
AnonHugePages:         0 kB
Swap:                  0 kB
KernelPageSize:        4 kB
MMUPageSize:           4 kB
Locked:                0 kB
7fe51a5c2000-7fe51a7c1000 ---p 0002d000 fc:09 1842694                    /usr/lib/x86_64-linux-gnu/libgconf-2.so.4.1.5
Size:               2044 kB
Rss:                   0 kB
Pss:                   0 kB
Shared_Clean:          0 kB
Shared_Dirty:          0 kB
Private_Clean:         0 kB
Private_Dirty:         0 kB
Referenced:            0 kB
Anonymous:             0 kB
AnonHugePages:         0 kB
Swap:                  0 kB
KernelPageSize:        4 kB
MMUPageSize:           4 kB
Locked:                0 kB
7fe51a7c1000-7fe51a7c2000 r--p 0002c000 fc:09 1842694                    /usr/lib/x86_64-linux-gnu/libgconf-2.so.4.1.5
Size:                  4 kB
Rss:                   4 kB
Pss:                   2 kB
Shared_Clean:          0 kB
Shared_Dirty:          4 kB
Private_Clean:         0 kB
Private_Dirty:         0 kB
Referenced:            4 kB
Anonymous:             4 kB
AnonHugePages:         0 kB
Swap:                  0 kB
KernelPageSize:        4 kB
MMUPageSize:           4 kB
Locked:                0 kB
7fe51a7c2000-7fe51a7c3000 rw-p 0002d000 fc:09 1842694                    /usr/lib/x86_64-linux-gnu/libgconf-2.so.4.1.5
Size:                  4 kB
Rss:                   4 kB
Pss:                   4 kB
Shared_Clean:          0 kB
Shared_Dirty:          0 kB
Private_Clean:         0 kB
Private_Dirty:         4 kB
Referenced:            0 kB
Anonymous:             4 kB
AnonHugePages:         0 kB
Swap:                  0 kB
KernelPageSize:        4 kB
MMUPageSize:           4 kB
Locked:                0 kB
7fe51a7c3000-7fe51a7db000 r-xp 00000000 fc:09 790098                     /lib/x86_64-linux-gnu/libpthread-2.15.so
Size:                 96 kB
Rss:                  60 kB
Pss:                   0 kB
Shared_Clean:         60 kB
Shared_Dirty:          0 kB
Private_Clean:         0 kB
Private_Dirty:         0 kB
